  iter 50/600  [319s]
  iter 100/600  [670s]
  iter 150/600  [1021s]
  iter 200/600  [1374s]
  iter 250/600  [1739s]
  iter 300/600  [2144s]
  iter 350/600  [2551s]
  iter 400/600  [2960s]
  iter 450/600  [3366s]
  iter 500/600  [3773s]
  iter 550/600  [4181s]
  iter 600/600  [4588s]
{
 "pair": "FF",
 "alpha": 0.35,
 "seat": 0,
 "p": 0.5,
 "restrict": "independent",
 "free": "selfish",
 "iters": 600,
 "vs_biased": 0.4799962197327351,
 "adversary_seat1": -0.017270234752815694,
 "selfish_seat1": 0.16631037035144658,
 "adversary_seat2": -0.2996889561616942,
 "selfish_seat2": -0.02611769636294281,
 "worst_adversary": -0.2996889561616942,
 "worst_selfish": -0.02611769636294281
}
gaps: {'learner': np.float64(0.00046), 'free_1': np.float64(0.001), 'free_2': np.float64(0.00161)}
