  iter 50/1200  [311s]
  iter 100/1200  [661s]
  iter 150/1200  [1010s]
  iter 200/1200  [1361s]
  iter 250/1200  [1720s]
  iter 300/1200  [2127s]
  iter 350/1200  [2532s]
  iter 400/1200  [2940s]
  iter 450/1200  [3344s]
  iter 500/1200  [3750s]
  iter 550/1200  [4155s]
  iter 600/1200  [4560s]
  iter 650/1200  [4963s]
  iter 700/1200  [5367s]
  iter 750/1200  [5773s]
  iter 800/1200  [6178s]
  iter 850/1200  [6582s]
  iter 900/1200  [6987s]
  iter 950/1200  [7392s]
  iter 1000/1200  [7798s]
  iter 1050/1200  [8203s]
  iter 1100/1200  [8608s]
  iter 1150/1200  [9012s]
  iter 1200/1200  [9418s]
{
 "pair": "FF",
 "alpha": 0.35,
 "seat": 0,
 "p": 0.5,
 "restrict": "independent",
 "free": "selfish",
 "iters": 1200,
 "vs_biased": 0.4824709475790776,
 "adversary_seat1": -0.006523292582545692,
 "selfish_seat1": 0.1666749827022469,
 "adversary_seat2": -0.3148566871213838,
 "selfish_seat2": -0.049884186053086754,
 "worst_adversary": -0.3148566871213838,
 "worst_selfish": -0.049884186053086754
}
gaps: {'learner': np.float64(0.00093), 'free_1': np.float64(0.00059), 'free_2': np.float64(0.00088)}
