  iter 50/600  [406s]
  iter 100/600  [811s]
  iter 150/600  [1215s]
  iter 200/600  [1621s]
  iter 250/600  [2027s]
  iter 300/600  [2432s]
  iter 350/600  [2837s]
  iter 400/600  [3242s]
  iter 450/600  [3648s]
  iter 500/600  [4054s]
  iter 550/600  [4458s]
  iter 600/600  [4861s]
{
 "pair": "OF",
 "alpha": 0.35,
 "seat": 0,
 "p": 0.5,
 "restrict": "independent",
 "free": "selfish",
 "iters": 600,
 "vs_biased": 0.21609791230414632,
 "adversary_seat1": 0.011393145419027709,
 "selfish_seat1": 0.15722944888338616,
 "adversary_seat2": -0.39546822444218904,
 "selfish_seat2": -0.10314816201503016,
 "worst_adversary": -0.39546822444218904,
 "worst_selfish": -0.10314816201503016
}
gaps: {'learner': np.float64(0.0013), 'free_1': np.float64(0.00125), 'free_2': np.float64(0.00087)}
