  iter 50/1200  [405s]
  iter 100/1200  [810s]
  iter 150/1200  [1217s]
  iter 200/1200  [1622s]
  iter 250/1200  [2026s]
  iter 300/1200  [2432s]
  iter 350/1200  [2836s]
  iter 400/1200  [3240s]
  iter 450/1200  [3645s]
  iter 500/1200  [4050s]
  iter 550/1200  [4455s]
  iter 600/1200  [4858s]
  iter 650/1200  [5260s]
  iter 700/1200  [5664s]
  iter 750/1200  [6071s]
  iter 800/1200  [6477s]
  iter 850/1200  [6882s]
  iter 900/1200  [7287s]
  iter 950/1200  [7691s]
  iter 1000/1200  [8097s]
  iter 1050/1200  [8504s]
  iter 1100/1200  [8909s]
  iter 1150/1200  [9315s]
  iter 1200/1200  [9719s]
{
 "pair": "OF",
 "alpha": 0.35,
 "seat": 0,
 "p": 0.5,
 "restrict": "independent",
 "free": "selfish",
 "iters": 1200,
 "vs_biased": 0.21524466255058206,
 "adversary_seat1": 0.01928012804733875,
 "selfish_seat1": 0.15378530502888932,
 "adversary_seat2": -0.3942533892381174,
 "selfish_seat2": -0.10239059660933655,
 "worst_adversary": -0.3942533892381174,
 "worst_selfish": -0.10239059660933655
}
gaps: {'learner': np.float64(0.00086), 'free_1': np.float64(0.00054), 'free_2': np.float64(0.00054)}
