  iter 50/600  [406s]
  iter 100/600  [812s]
  iter 150/600  [1220s]
  iter 200/600  [1625s]
  iter 250/600  [2031s]
  iter 300/600  [2436s]
  iter 350/600  [2842s]
  iter 400/600  [3245s]
  iter 450/600  [3651s]
  iter 500/600  [4057s]
  iter 550/600  [4463s]
  iter 600/600  [4868s]
{
 "pair": "RO",
 "alpha": 0.35,
 "seat": 0,
 "p": 0.25,
 "restrict": "independent",
 "free": "selfish",
 "iters": 600,
 "vs_biased": 0.24547978063393938,
 "adversary_seat1": -0.30458385649103387,
 "selfish_seat1": -0.14263789897602508,
 "adversary_seat2": -0.308838710381798,
 "selfish_seat2": -0.13112376260355232,
 "worst_adversary": -0.308838710381798,
 "worst_selfish": -0.14263789897602508
}
gaps: {'learner': np.float64(0.00098), 'free_1': np.float64(0.00139), 'free_2': np.float64(0.00179)}
