  iter 50/1200  [351s]
  iter 100/1200  [699s]
  iter 150/1200  [1049s]
  iter 200/1200  [1399s]
  iter 250/1200  [1789s]
  iter 300/1200  [2194s]
  iter 350/1200  [2598s]
  iter 400/1200  [3003s]
  iter 450/1200  [3407s]
  iter 500/1200  [3813s]
  iter 550/1200  [4217s]
  iter 600/1200  [4619s]
  iter 650/1200  [5024s]
  iter 700/1200  [5427s]
  iter 750/1200  [5832s]
  iter 800/1200  [6236s]
  iter 850/1200  [6638s]
  iter 900/1200  [7042s]
  iter 950/1200  [7445s]
  iter 1000/1200  [7849s]
  iter 1050/1200  [8255s]
  iter 1100/1200  [8658s]
  iter 1150/1200  [9062s]
  iter 1200/1200  [9462s]
{
 "pair": "RO",
 "alpha": 0.35,
 "seat": 0,
 "p": 0.25,
 "restrict": "independent",
 "free": "selfish",
 "iters": 1200,
 "vs_biased": 0.2550587109634639,
 "adversary_seat1": -0.30850261006046586,
 "selfish_seat1": -0.15566980495307103,
 "adversary_seat2": -0.3232112214222476,
 "selfish_seat2": -0.13729908307666028,
 "worst_adversary": -0.3232112214222476,
 "worst_selfish": -0.15566980495307103
}
gaps: {'learner': np.float64(0.00052), 'free_1': np.float64(0.00119), 'free_2': np.float64(0.00075)}
