  iter 50/600  [322s]
  iter 100/600  [673s]
  iter 150/600  [1023s]
  iter 200/600  [1375s]
  iter 250/600  [1740s]
  iter 300/600  [2146s]
  iter 350/600  [2552s]
  iter 400/600  [2958s]
  iter 450/600  [3364s]
  iter 500/600  [3769s]
  iter 550/600  [4175s]
  iter 600/600  [4582s]
{
 "pair": "RR",
 "alpha": 0.35,
 "seat": 0,
 "p": 0.5,
 "restrict": "independent",
 "free": "selfish",
 "iters": 600,
 "vs_biased": 0.5863864243473582,
 "adversary_seat1": -0.10099071459085586,
 "selfish_seat1": 0.18589535947172953,
 "adversary_seat2": -0.14974462533084656,
 "selfish_seat2": 0.23947971072523236,
 "worst_adversary": -0.14974462533084656,
 "worst_selfish": 0.18589535947172953
}
gaps: {'learner': np.float64(0.0004), 'free_1': np.float64(0.00057), 'free_2': np.float64(0.00041)}
