  iter 50/1200  [405s]
  iter 100/1200  [809s]
  iter 150/1200  [1215s]
  iter 200/1200  [1618s]
  iter 250/1200  [2022s]
  iter 300/1200  [2426s]
  iter 350/1200  [2830s]
  iter 400/1200  [3235s]
  iter 450/1200  [3639s]
  iter 500/1200  [4043s]
  iter 550/1200  [4447s]
  iter 600/1200  [4849s]
  iter 650/1200  [5250s]
  iter 700/1200  [5655s]
  iter 750/1200  [6059s]
  iter 800/1200  [6464s]
  iter 850/1200  [6867s]
  iter 900/1200  [7272s]
  iter 950/1200  [7676s]
  iter 1000/1200  [8081s]
  iter 1050/1200  [8486s]
  iter 1100/1200  [8891s]
  iter 1150/1200  [9295s]
  iter 1200/1200  [9699s]
{
 "pair": "RR",
 "alpha": 0.35,
 "seat": 2,
 "p": 0.5,
 "restrict": "independent",
 "free": "selfish",
 "iters": 1200,
 "vs_biased": 1.1201151685333597,
 "adversary_seat0": 0.12166956421982206,
 "selfish_seat0": 0.5571472264706645,
 "adversary_seat1": 0.13929510429858694,
 "selfish_seat1": 0.7166304828796176,
 "worst_adversary": 0.12166956421982206,
 "worst_selfish": 0.5571472264706645
}
gaps: {'learner': np.float64(0.00028), 'free_0': np.float64(0.00059), 'free_1': np.float64(0.0003)}
