  iter 50/600  [405s]
  iter 100/600  [810s]
  iter 150/600  [1214s]
  iter 200/600  [1619s]
  iter 250/600  [2022s]
  iter 300/600  [2426s]
  iter 350/600  [2829s]
  iter 400/600  [3228s]
  iter 450/600  [3633s]
  iter 500/600  [4037s]
  iter 550/600  [4443s]
  iter 600/600  [4848s]
{
 "pair": "RR",
 "alpha": 0.35,
 "seat": 2,
 "p": 0.5,
 "restrict": "independent",
 "free": "selfish",
 "iters": 600,
 "vs_biased": 1.1194405270797354,
 "adversary_seat0": 0.12183337604889691,
 "selfish_seat0": 0.5660851934461972,
 "adversary_seat1": 0.13400956645373924,
 "selfish_seat1": 0.7095673209829634,
 "worst_adversary": 0.12183337604889691,
 "worst_selfish": 0.5660851934461972
}
gaps: {'learner': np.float64(0.0004), 'free_0': np.float64(0.00063), 'free_1': np.float64(0.00051)}
