alpha 0.05  done  [294s]
alpha 0.1   done  [588s]
alpha 0.2   done  [912s]
alpha 0.35  done  [1273s]
alpha 0.5   done  [1637s]
alpha 0.75  done  [2009s]
alpha 1.0   done  [2322s]

BEST RESPONSE payout, seat 0
pair      0.05     0.1     0.2    0.35     0.5    0.75     1.0
OO      -0.094  -0.094  -0.094  -0.094  -0.094  -0.094  -0.094
OR      -0.027  +0.060  +0.280  +0.707  +1.260  +2.399  +3.820
OC      -0.021  +0.049  +0.179  +0.394  +0.638  +1.157  +1.803
OF      +0.028  +0.168  +0.447  +0.855  +1.198  +1.612  +2.011
RO      +0.008  +0.126  +0.387  +0.785  +1.291  +2.394  +3.800
RR      +0.057  +0.229  +0.591  +1.122  +1.661  +2.685  +3.790
RC      +0.035  +0.171  +0.453  +0.902  +1.469  +2.568  +3.714
RF      +0.089  +0.291  +0.725  +1.320  +1.951  +2.962  +3.940
CO      -0.036  +0.034  +0.154  +0.323  +0.527  +0.952  +1.517
CR      +0.009  +0.134  +0.438  +0.992  +1.627  +2.758  +4.037
CC      +0.023  +0.135  +0.322  +0.592  +0.921  +1.556  +2.286
CF      +0.070  +0.258  +0.610  +1.096  +1.453  +1.863  +2.343
FO      -0.030  +0.048  +0.237  +0.681  +1.063  +1.413  +1.648
FR      +0.018  +0.172  +0.551  +1.284  +1.985  +2.974  +3.959
FC      +0.028  +0.146  +0.393  +0.877  +1.258  +1.716  +2.012
FF      +0.074  +0.284  +0.804  +1.751  +2.597  +3.511  +4.114

CFR payout, seat 0 (no exploitation)
pair      0.05     0.1     0.2    0.35     0.5    0.75     1.0
OO      -0.095  -0.095  -0.095  -0.095  -0.095  -0.095  -0.095
OR      -0.063  -0.030  +0.038  +0.145  +0.258  +0.461  +0.682
OC      -0.081  -0.066  -0.036  +0.010  +0.059  +0.144  +0.235
OF      -0.082  -0.069  -0.044  -0.007  +0.029  +0.087  +0.141
RO      -0.085  -0.072  -0.039  +0.031  +0.124  +0.328  +0.596
RR      -0.055  -0.018  +0.050  +0.124  +0.153  +0.054  -0.279
RC      -0.070  -0.042  +0.021  +0.113  +0.166  +0.010  -0.787
RF      -0.072  -0.046  +0.012  +0.112  +0.222  +0.414  +0.610
CO      -0.084  -0.072  -0.046  -0.000  +0.054  +0.162  +0.292
CR      -0.052  -0.009  +0.078  +0.201  +0.305  +0.379  +0.239
CC      -0.070  -0.044  +0.011  +0.094  +0.179  +0.311  +0.423
CF      -0.071  -0.045  +0.011  +0.104  +0.209  +0.409  +0.635
FO      -0.084  -0.072  -0.050  -0.018  +0.014  +0.065  +0.114
FR      -0.051  -0.007  +0.085  +0.231  +0.388  +0.673  +0.974
FC      -0.069  -0.043  +0.009  +0.088  +0.169  +0.308  +0.452
FF      -0.070  -0.046  +0.003  +0.076  +0.147  +0.257  +0.356
