alpha 0.35, 50 sessions x 250 hands per pair  [331s]
table: fraction of sessions where the MAP pair is the true pair

 true pair OO
  regime        n=5    n=10    n=25    n=50   n=100   n=150   n=200  median n to 90%
  actions      0.24    0.34    0.68    0.88    0.98    1.00    1.00          55 (100%)
  showdown     0.30    0.42    0.74    0.88    0.96    1.00    1.00          54 (100%)
  critic       0.38    0.64    0.94    1.00    1.00    1.00    1.00          35 (100%)

 true pair OR
  regime        n=5    n=10    n=25    n=50   n=100   n=150   n=200  median n to 90%
  actions      0.40    0.66    0.98    0.98    1.00    1.00    1.00          22 (100%)
  showdown     0.44    0.72    1.00    1.00    1.00    1.00    1.00          19 (100%)
  critic       0.54    0.86    1.00    1.00    1.00    1.00    1.00          15 (100%)

 true pair OC
  regime        n=5    n=10    n=25    n=50   n=100   n=150   n=200  median n to 90%
  actions      0.20    0.56    0.82    0.94    0.96    1.00    1.00          41 (100%)
  showdown     0.26    0.58    0.86    0.94    0.96    0.98    1.00          37 (100%)
  critic       0.38    0.68    0.94    0.96    1.00    1.00    1.00          32 (100%)

 true pair OF
  regime        n=5    n=10    n=25    n=50   n=100   n=150   n=200  median n to 90%
  actions      0.26    0.34    0.62    0.86    0.94    0.98    1.00          38 (100%)
  showdown     0.26    0.32    0.64    0.88    0.94    0.98    1.00          37 (100%)
  critic       0.36    0.50    0.86    1.00    1.00    1.00    1.00          29 (100%)

 true pair RO
  regime        n=5    n=10    n=25    n=50   n=100   n=150   n=200  median n to 90%
  actions      0.58    0.64    0.90    0.86    0.96    1.00    1.00          31 (100%)
  showdown     0.68    0.76    0.92    0.86    0.96    1.00    1.00          27 (100%)
  critic       0.66    0.90    1.00    1.00    1.00    1.00    1.00          16 (100%)

 true pair RR
  regime        n=5    n=10    n=25    n=50   n=100   n=150   n=200  median n to 90%
  actions      0.48    0.72    0.98    1.00    1.00    1.00    1.00           9 (100%)
  showdown     0.54    0.84    0.98    1.00    1.00    1.00    1.00           8 (100%)
  critic       0.64    0.86    0.98    1.00    1.00    1.00    1.00           5 (100%)

 true pair RC
  regime        n=5    n=10    n=25    n=50   n=100   n=150   n=200  median n to 90%
  actions      0.70    0.92    0.98    1.00    1.00    1.00    1.00           7 (100%)
  showdown     0.70    0.94    1.00    1.00    1.00    1.00    1.00           6 (100%)
  critic       0.76    0.96    1.00    1.00    1.00    1.00    1.00           5 (100%)

 true pair RF
  regime        n=5    n=10    n=25    n=50   n=100   n=150   n=200  median n to 90%
  actions      0.42    0.74    0.88    0.98    0.98    0.98    1.00          17 (100%)
  showdown     0.42    0.76    0.86    0.98    0.98    0.98    1.00          17 (100%)
  critic       0.50    0.80    0.96    1.00    1.00    1.00    1.00           7 (100%)

 true pair CO
  regime        n=5    n=10    n=25    n=50   n=100   n=150   n=200  median n to 90%
  actions      0.26    0.66    0.92    0.96    1.00    1.00    1.00          39 (100%)
  showdown     0.32    0.64    0.94    0.98    1.00    1.00    1.00          35 (100%)
  critic       0.42    0.78    1.00    1.00    1.00    1.00    1.00          26 (100%)

 true pair CR
  regime        n=5    n=10    n=25    n=50   n=100   n=150   n=200  median n to 90%
  actions      0.56    0.68    0.92    1.00    1.00    1.00    1.00          12 (100%)
  showdown     0.56    0.76    0.96    1.00    1.00    1.00    1.00           8 (100%)
  critic       0.54    0.82    0.98    1.00    1.00    1.00    1.00           7 (100%)

 true pair CC
  regime        n=5    n=10    n=25    n=50   n=100   n=150   n=200  median n to 90%
  actions      0.54    0.80    0.90    0.98    1.00    1.00    1.00          13 (100%)
  showdown     0.60    0.84    0.98    1.00    1.00    1.00    1.00           8 (100%)
  critic       0.62    0.82    0.98    1.00    1.00    1.00    1.00           8 (100%)

 true pair CF
  regime        n=5    n=10    n=25    n=50   n=100   n=150   n=200  median n to 90%
  actions      0.44    0.62    0.82    0.92    1.00    1.00    1.00          14 (100%)
  showdown     0.50    0.66    0.84    0.94    1.00    1.00    1.00          14 (100%)
  critic       0.50    0.72    0.90    0.96    1.00    1.00    1.00           9 (100%)

 true pair FO
  regime        n=5    n=10    n=25    n=50   n=100   n=150   n=200  median n to 90%
  actions      0.30    0.36    0.64    0.90    0.98    1.00    1.00          45 (100%)
  showdown     0.32    0.44    0.66    0.90    0.98    1.00    1.00          45 (100%)
  critic       0.38    0.52    0.80    1.00    1.00    1.00    1.00          29 (100%)

 true pair FR
  regime        n=5    n=10    n=25    n=50   n=100   n=150   n=200  median n to 90%
  actions      0.42    0.62    0.88    1.00    1.00    1.00    1.00          14 (100%)
  showdown     0.46    0.66    0.88    1.00    1.00    1.00    1.00          13 (100%)
  critic       0.58    0.74    0.98    1.00    1.00    1.00    1.00           7 (100%)

 true pair FC
  regime        n=5    n=10    n=25    n=50   n=100   n=150   n=200  median n to 90%
  actions      0.42    0.40    0.70    0.94    0.98    1.00    1.00          22 (100%)
  showdown     0.40    0.40    0.70    0.94    0.98    1.00    1.00          19 (100%)
  critic       0.40    0.46    0.84    0.98    1.00    1.00    1.00          12 (100%)

 true pair FF
  regime        n=5    n=10    n=25    n=50   n=100   n=150   n=200  median n to 90%
  actions      0.34    0.42    0.62    0.70    0.98    1.00    1.00          44 (100%)
  showdown     0.34    0.40    0.62    0.70    0.98    1.00    1.00          44 (100%)
  critic       0.38    0.48    0.72    0.86    1.00    1.00    1.00          16 (100%)
