alpha 0.2, 50 sessions x 250 hands per pair  [334s]
table: fraction of sessions where the MAP pair is the true pair

 true pair OO
  regime        n=5    n=10    n=25    n=50   n=100   n=150   n=200  median n to 90%
  actions      0.14    0.26    0.54    0.82    0.90    0.98    1.00         113 (98%)
  showdown     0.20    0.34    0.60    0.86    0.90    0.98    0.98         112 (98%)
  critic       0.32    0.48    0.88    0.98    1.00    1.00    1.00          65 (100%)

 true pair OR
  regime        n=5    n=10    n=25    n=50   n=100   n=150   n=200  median n to 90%
  actions      0.32    0.60    0.80    0.96    1.00    1.00    1.00          49 (100%)
  showdown     0.48    0.66    0.92    1.00    1.00    1.00    1.00          47 (100%)
  critic       0.50    0.70    0.94    1.00    1.00    1.00    1.00          34 (100%)

 true pair OC
  regime        n=5    n=10    n=25    n=50   n=100   n=150   n=200  median n to 90%
  actions      0.16    0.34    0.66    0.96    1.00    1.00    0.98          71 (98%)
  showdown     0.26    0.40    0.78    0.98    1.00    1.00    0.98          71 (98%)
  critic       0.28    0.56    0.94    0.98    1.00    1.00    1.00          51 (100%)

 true pair OF
  regime        n=5    n=10    n=25    n=50   n=100   n=150   n=200  median n to 90%
  actions      0.22    0.22    0.38    0.54    0.82    0.96    1.00          89 (100%)
  showdown     0.20    0.22    0.50    0.56    0.82    0.96    1.00          87 (100%)
  critic       0.22    0.32    0.58    0.82    0.96    1.00    1.00          55 (100%)

 true pair RO
  regime        n=5    n=10    n=25    n=50   n=100   n=150   n=200  median n to 90%
  actions      0.30    0.38    0.70    0.84    0.90    0.96    1.00          64 (98%)
  showdown     0.42    0.50    0.82    0.88    0.90    0.96    1.00          56 (98%)
  critic       0.54    0.80    0.96    1.00    1.00    1.00    1.00          35 (100%)

 true pair RR
  regime        n=5    n=10    n=25    n=50   n=100   n=150   n=200  median n to 90%
  actions      0.32    0.40    0.80    0.92    1.00    1.00    1.00          21 (100%)
  showdown     0.32    0.52    0.86    0.98    1.00    1.00    1.00          12 (100%)
  critic       0.38    0.60    0.96    1.00    1.00    1.00    1.00          10 (100%)

 true pair RC
  regime        n=5    n=10    n=25    n=50   n=100   n=150   n=200  median n to 90%
  actions      0.34    0.66    0.82    0.94    1.00    1.00    1.00          18 (100%)
  showdown     0.36    0.64    0.94    1.00    1.00    1.00    1.00          12 (100%)
  critic       0.42    0.70    0.94    1.00    1.00    1.00    1.00          10 (100%)

 true pair RF
  regime        n=5    n=10    n=25    n=50   n=100   n=150   n=200  median n to 90%
  actions      0.38    0.34    0.48    0.82    0.94    0.98    0.96          37 (98%)
  showdown     0.40    0.40    0.48    0.82    0.92    0.98    0.96          37 (98%)
  critic       0.36    0.46    0.76    0.98    1.00    1.00    1.00          11 (100%)

 true pair CO
  regime        n=5    n=10    n=25    n=50   n=100   n=150   n=200  median n to 90%
  actions      0.14    0.24    0.64    0.84    0.96    0.98    1.00          81 (98%)
  showdown     0.32    0.36    0.76    0.84    1.00    1.00    1.00          72 (98%)
  critic       0.40    0.52    0.86    0.96    1.00    1.00    1.00          46 (100%)

 true pair CR
  regime        n=5    n=10    n=25    n=50   n=100   n=150   n=200  median n to 90%
  actions      0.44    0.48    0.72    0.94    1.00    1.00    1.00          24 (100%)
  showdown     0.44    0.44    0.78    0.98    1.00    1.00    1.00          19 (100%)
  critic       0.44    0.48    0.86    0.98    1.00    1.00    1.00          16 (100%)

 true pair CC
  regime        n=5    n=10    n=25    n=50   n=100   n=150   n=200  median n to 90%
  actions      0.30    0.48    0.76    0.90    0.98    1.00    1.00          26 (100%)
  showdown     0.40    0.54    0.82    0.94    1.00    1.00    1.00          15 (100%)
  critic       0.44    0.56    0.82    0.94    1.00    1.00    1.00          14 (100%)

 true pair CF
  regime        n=5    n=10    n=25    n=50   n=100   n=150   n=200  median n to 90%
  actions      0.24    0.30    0.42    0.72    0.92    0.94    0.98          44 (100%)
  showdown     0.36    0.34    0.48    0.70    0.92    0.96    1.00          43 (100%)
  critic       0.32    0.32    0.50    0.78    0.98    1.00    1.00          28 (100%)

 true pair FO
  regime        n=5    n=10    n=25    n=50   n=100   n=150   n=200  median n to 90%
  actions      0.18    0.32    0.50    0.74    0.90    0.96    1.00          96 (96%)
  showdown     0.16    0.36    0.62    0.80    0.90    0.98    1.00          93 (98%)
  critic       0.24    0.44    0.76    0.92    1.00    1.00    1.00          50 (100%)

 true pair FR
  regime        n=5    n=10    n=25    n=50   n=100   n=150   n=200  median n to 90%
  actions      0.30    0.32    0.64    0.84    0.96    0.98    1.00          28 (100%)
  showdown     0.32    0.36    0.58    0.88    0.98    1.00    1.00          26 (100%)
  critic       0.26    0.32    0.78    0.96    1.00    1.00    1.00          18 (100%)

 true pair FC
  regime        n=5    n=10    n=25    n=50   n=100   n=150   n=200  median n to 90%
  actions      0.34    0.32    0.64    0.80    0.88    0.96    0.98          42 (100%)
  showdown     0.32    0.40    0.74    0.80    0.90    0.96    0.98          31 (100%)
  critic       0.30    0.36    0.62    0.84    0.94    1.00    1.00          20 (100%)

 true pair FF
  regime        n=5    n=10    n=25    n=50   n=100   n=150   n=200  median n to 90%
  actions      0.24    0.22    0.36    0.52    0.76    0.84    0.94          61 (96%)
  showdown     0.24    0.24    0.36    0.54    0.76    0.84    0.94          60 (96%)
  critic       0.20    0.20    0.44    0.66    0.96    1.00    1.00          35 (100%)
