alpha 0.1, 50 sessions x 250 hands per pair  [335s]
table: fraction of sessions where the MAP pair is the true pair

 true pair OO
  regime        n=5    n=10    n=25    n=50   n=100   n=150   n=200  median n to 90%
  actions      0.10    0.18    0.36    0.54    0.82    0.90    0.98        >250 (40%)
  showdown     0.20    0.28    0.44    0.74    0.84    0.92    0.98        >250 (44%)
  critic       0.30    0.42    0.74    0.96    0.98    1.00    1.00         138 (100%)

 true pair OR
  regime        n=5    n=10    n=25    n=50   n=100   n=150   n=200  median n to 90%
  actions      0.24    0.42    0.54    0.72    0.90    0.94    1.00         137 (98%)
  showdown     0.22    0.44    0.62    0.82    0.94    1.00    1.00         119 (100%)
  critic       0.22    0.38    0.66    0.84    1.00    1.00    1.00          84 (100%)

 true pair OC
  regime        n=5    n=10    n=25    n=50   n=100   n=150   n=200  median n to 90%
  actions      0.08    0.30    0.48    0.66    0.84    0.94    0.98         162 (94%)
  showdown     0.18    0.34    0.64    0.76    0.92    0.98    0.98         140 (96%)
  critic       0.20    0.44    0.72    0.86    0.96    1.00    1.00         104 (100%)

 true pair OF
  regime        n=5    n=10    n=25    n=50   n=100   n=150   n=200  median n to 90%
  actions      0.04    0.20    0.22    0.42    0.72    0.84    0.88         148 (84%)
  showdown     0.08    0.20    0.34    0.46    0.76    0.84    0.90         138 (86%)
  critic       0.14    0.06    0.38    0.58    0.90    0.92    0.98         105 (98%)

 true pair RO
  regime        n=5    n=10    n=25    n=50   n=100   n=150   n=200  median n to 90%
  actions      0.16    0.26    0.42    0.66    0.86    0.92    0.96         184 (70%)
  showdown     0.18    0.34    0.62    0.82    0.86    0.94    0.96         165 (74%)
  critic       0.34    0.46    0.78    0.98    1.00    1.00    1.00          90 (100%)

 true pair RR
  regime        n=5    n=10    n=25    n=50   n=100   n=150   n=200  median n to 90%
  actions      0.12    0.24    0.38    0.62    0.90    0.96    0.98          55 (100%)
  showdown     0.20    0.34    0.54    0.80    0.98    1.00    1.00          33 (100%)
  critic       0.30    0.34    0.72    0.92    1.00    1.00    1.00          19 (100%)

 true pair RC
  regime        n=5    n=10    n=25    n=50   n=100   n=150   n=200  median n to 90%
  actions      0.24    0.26    0.58    0.74    0.96    0.96    0.98          50 (100%)
  showdown     0.26    0.40    0.60    0.86    1.00    1.00    1.00          27 (100%)
  critic       0.26    0.48    0.62    0.88    1.00    1.00    1.00          26 (100%)

 true pair RF
  regime        n=5    n=10    n=25    n=50   n=100   n=150   n=200  median n to 90%
  actions      0.22    0.28    0.36    0.46    0.64    0.76    0.80          99 (80%)
  showdown     0.20    0.28    0.40    0.48    0.68    0.74    0.78          98 (82%)
  critic       0.12    0.24    0.38    0.60    0.86    0.96    0.98          46 (98%)

 true pair CO
  regime        n=5    n=10    n=25    n=50   n=100   n=150   n=200  median n to 90%
  actions      0.08    0.20    0.36    0.52    0.76    0.94    0.98         181 (68%)
  showdown     0.12    0.30    0.42    0.68    0.88    0.98    1.00         174 (82%)
  critic       0.20    0.44    0.64    0.82    0.98    0.98    1.00         102 (100%)

 true pair CR
  regime        n=5    n=10    n=25    n=50   n=100   n=150   n=200  median n to 90%
  actions      0.16    0.14    0.42    0.62    0.88    0.94    0.96          64 (98%)
  showdown     0.12    0.16    0.56    0.80    0.98    1.00    1.00          35 (100%)
  critic       0.14    0.28    0.62    0.92    1.00    1.00    1.00          27 (100%)

 true pair CC
  regime        n=5    n=10    n=25    n=50   n=100   n=150   n=200  median n to 90%
  actions      0.06    0.20    0.34    0.62    0.82    0.90    0.98          73 (100%)
  showdown     0.02    0.20    0.52    0.82    0.94    0.98    1.00          36 (100%)
  critic       0.08    0.26    0.52    0.82    0.96    0.98    1.00          30 (100%)

 true pair CF
  regime        n=5    n=10    n=25    n=50   n=100   n=150   n=200  median n to 90%
  actions      0.24    0.16    0.34    0.48    0.64    0.68    0.82          85 (84%)
  showdown     0.26    0.18    0.32    0.50    0.66    0.72    0.84          81 (86%)
  critic       0.16    0.14    0.28    0.62    0.88    0.90    0.98          47 (98%)

 true pair FO
  regime        n=5    n=10    n=25    n=50   n=100   n=150   n=200  median n to 90%
  actions      0.06    0.14    0.18    0.36    0.60    0.78    0.88         198 (52%)
  showdown     0.08    0.18    0.18    0.44    0.70    0.82    0.90         186 (56%)
  critic       0.08    0.12    0.40    0.66    0.78    0.94    0.98         117 (96%)

 true pair FR
  regime        n=5    n=10    n=25    n=50   n=100   n=150   n=200  median n to 90%
  actions      0.12    0.12    0.30    0.56    0.76    0.96    0.96          62 (98%)
  showdown     0.10    0.14    0.34    0.62    0.84    0.96    0.98          45 (100%)
  critic       0.16    0.18    0.36    0.66    0.88    0.98    1.00          36 (100%)

 true pair FC
  regime        n=5    n=10    n=25    n=50   n=100   n=150   n=200  median n to 90%
  actions      0.20    0.22    0.28    0.42    0.66    0.80    0.84          88 (88%)
  showdown     0.16    0.24    0.32    0.42    0.68    0.82    0.84          57 (88%)
  critic       0.14    0.24    0.38    0.60    0.74    0.86    0.92          43 (98%)

 true pair FF
  regime        n=5    n=10    n=25    n=50   n=100   n=150   n=200  median n to 90%
  actions      0.16    0.10    0.12    0.26    0.42    0.54    0.68         124 (74%)
  showdown     0.18    0.08    0.12    0.28    0.42    0.54    0.68         124 (74%)
  critic       0.18    0.14    0.24    0.52    0.76    0.92    0.96          60 (98%)
