  iter 50/600  [403s]
  iter 100/600  [806s]
  iter 150/600  [1210s]
  iter 200/600  [1612s]
  iter 250/600  [2011s]
  iter 300/600  [2409s]
  iter 350/600  [2807s]
  iter 400/600  [3201s]
  iter 450/600  [3597s]
  iter 500/600  [3996s]
  iter 550/600  [4393s]
  iter 600/600  [4790s]
{
 "pair": "CC",
 "alpha": 0.2,
 "seat": 0,
 "p": 0.9,
 "restrict": "independent",
 "free": "selfish",
 "iters": 600,
 "vs_biased": 0.24892301737638595,
 "adversary_seat1": -0.3807237180038192,
 "selfish_seat1": -0.23744149185125168,
 "adversary_seat2": -0.33005717098814635,
 "selfish_seat2": 0.07603143054653644,
 "worst_adversary": -0.3807237180038192,
 "worst_selfish": -0.23744149185125168
}
gaps: {'learner': np.float64(5e-05), 'free_1': np.float64(0.00011), 'free_2': np.float64(0.00036)}
