  iter 50/600  [406s]
  iter 100/600  [811s]
  iter 150/600  [1216s]
  iter 200/600  [1621s]
  iter 250/600  [2024s]
  iter 300/600  [2429s]
  iter 350/600  [2834s]
  iter 400/600  [3239s]
  iter 450/600  [3641s]
  iter 500/600  [4039s]
  iter 550/600  [4440s]
  iter 600/600  [4835s]
{
 "pair": "CC",
 "alpha": 0.2,
 "seat": 0,
 "p": 0.25,
 "restrict": "independent",
 "free": "selfish",
 "iters": 600,
 "vs_biased": 0.09466918753874533,
 "adversary_seat1": -0.2991384137786648,
 "selfish_seat1": -0.19185165927197856,
 "adversary_seat2": -0.19691134579852793,
 "selfish_seat2": -0.05946549922372077,
 "worst_adversary": -0.2991384137786648,
 "worst_selfish": -0.19185165927197856
}
gaps: {'learner': np.float64(0.00136), 'free_1': np.float64(0.00128), 'free_2': np.float64(0.0015)}
