  iter 50/600  [398s]
  iter 100/600  [795s]
  iter 150/600  [1194s]
  iter 200/600  [1590s]
  iter 250/600  [1986s]
  iter 300/600  [2384s]
  iter 350/600  [2780s]
  iter 400/600  [3177s]
  iter 450/600  [3573s]
  iter 500/600  [3970s]
  iter 550/600  [4370s]
  iter 600/600  [4774s]
{
 "pair": "CF",
 "alpha": 0.2,
 "seat": 0,
 "p": 0.5,
 "restrict": "independent",
 "free": "selfish",
 "iters": 600,
 "vs_biased": 0.13264511412290708,
 "adversary_seat1": -0.16690182556565594,
 "selfish_seat1": -0.05826110009205837,
 "adversary_seat2": -0.262717891157245,
 "selfish_seat2": -0.024975296622151755,
 "worst_adversary": -0.262717891157245,
 "worst_selfish": -0.05826110009205837
}
gaps: {'learner': np.float64(0.00093), 'free_1': np.float64(0.00104), 'free_2': np.float64(0.00183)}
