  iter 50/600  [396s]
  iter 100/600  [792s]
  iter 150/600  [1190s]
  iter 200/600  [1587s]
  iter 250/600  [1984s]
  iter 300/600  [2381s]
  iter 350/600  [2778s]
  iter 400/600  [3174s]
  iter 450/600  [3570s]
  iter 500/600  [3966s]
  iter 550/600  [4365s]
  iter 600/600  [4769s]
{
 "pair": "CF",
 "alpha": 0.2,
 "seat": 0,
 "p": 0.9,
 "restrict": "independent",
 "free": "selfish",
 "iters": 600,
 "vs_biased": 0.561937802732352,
 "adversary_seat1": -0.40311786567770497,
 "selfish_seat1": 0.05555685943707919,
 "adversary_seat2": -1.2510772894616444,
 "selfish_seat2": -0.8889673063505641,
 "worst_adversary": -1.2510772894616444,
 "worst_selfish": -0.8889673063505641
}
gaps: {'learner': np.float64(9e-05), 'free_1': np.float64(0.00031), 'free_2': np.float64(0.00096)}
