  iter 50/600  [405s]
  iter 100/600  [809s]
  iter 150/600  [1213s]
  iter 200/600  [1620s]
  iter 250/600  [2023s]
  iter 300/600  [2427s]
  iter 350/600  [2831s]
  iter 400/600  [3231s]
  iter 450/600  [3635s]
  iter 500/600  [4039s]
  iter 550/600  [4443s]
  iter 600/600  [4846s]
{
 "pair": "CO",
 "alpha": 0.2,
 "seat": 0,
 "p": 0.25,
 "restrict": "independent",
 "free": "selfish",
 "iters": 600,
 "vs_biased": -0.027474184834377496,
 "adversary_seat1": -0.4026511680988748,
 "selfish_seat1": -0.07598010954147663,
 "adversary_seat2": -0.1821352614868708,
 "selfish_seat2": -0.008941105880739458,
 "worst_adversary": -0.4026511680988748,
 "worst_selfish": -0.07598010954147663
}
gaps: {'learner': np.float64(0.00161), 'free_1': np.float64(0.00172), 'free_2': np.float64(0.00278)}
