  iter 50/600  [398s]
  iter 100/600  [802s]
  iter 150/600  [1205s]
  iter 200/600  [1609s]
  iter 250/600  [2011s]
  iter 300/600  [2414s]
  iter 350/600  [2817s]
  iter 400/600  [3221s]
  iter 450/600  [3624s]
  iter 500/600  [4023s]
  iter 550/600  [4421s]
  iter 600/600  [4818s]
{
 "pair": "CO",
 "alpha": 0.2,
 "seat": 0,
 "p": 0.5,
 "restrict": "independent",
 "free": "selfish",
 "iters": 600,
 "vs_biased": 0.00993633282111328,
 "adversary_seat1": -0.4257076232734404,
 "selfish_seat1": -0.15028702966142352,
 "adversary_seat2": -0.2186606949487956,
 "selfish_seat2": 0.06852007988068319,
 "worst_adversary": -0.4257076232734404,
 "worst_selfish": -0.15028702966142352
}
gaps: {'learner': np.float64(0.00065), 'free_1': np.float64(0.00085), 'free_2': np.float64(0.00115)}
