  iter 50/600  [403s]
  iter 100/600  [806s]
  iter 150/600  [1209s]
  iter 200/600  [1612s]
  iter 250/600  [2015s]
  iter 300/600  [2417s]
  iter 350/600  [2820s]
  iter 400/600  [3222s]
  iter 450/600  [3623s]
  iter 500/600  [4021s]
  iter 550/600  [4420s]
  iter 600/600  [4815s]
{
 "pair": "CR",
 "alpha": 0.2,
 "seat": 0,
 "p": 0.9,
 "restrict": "independent",
 "free": "selfish",
 "iters": 600,
 "vs_biased": 0.3929823399711644,
 "adversary_seat1": -0.60973061747643,
 "selfish_seat1": -0.25683070547047393,
 "adversary_seat2": -0.6827352859193496,
 "selfish_seat2": -0.4523204746958118,
 "worst_adversary": -0.6827352859193496,
 "worst_selfish": -0.4523204746958118
}
gaps: {'learner': np.float64(3e-05), 'free_1': np.float64(0.00027), 'free_2': np.float64(0.00014)}
