  iter 50/600  [419s]
  iter 100/600  [828s]
  iter 150/600  [1232s]
  iter 200/600  [1635s]
  iter 250/600  [2012s]
  iter 300/600  [2352s]
  iter 350/600  [2693s]
  iter 400/600  [3034s]
  iter 450/600  [3374s]
  iter 500/600  [3716s]
  iter 550/600  [4057s]
  iter 600/600  [4378s]
{
 "pair": "FC",
 "alpha": 0.2,
 "seat": 0,
 "p": 0.9,
 "restrict": "independent",
 "free": "selfish",
 "iters": 600,
 "vs_biased": 0.3086513150343399,
 "adversary_seat1": -0.9353886371964153,
 "selfish_seat1": -0.7714359455797531,
 "adversary_seat2": -0.4641085683364292,
 "selfish_seat2": 0.004832470012461926,
 "worst_adversary": -0.9353886371964153,
 "worst_selfish": -0.7714359455797531
}
gaps: {'learner': np.float64(9e-05), 'free_1': np.float64(0.00077), 'free_2': np.float64(0.00122)}
