  iter 50/600  [422s]
  iter 100/600  [833s]
  iter 150/600  [1239s]
  iter 200/600  [1645s]
  iter 250/600  [2027s]
  iter 300/600  [2369s]
  iter 350/600  [2712s]
  iter 400/600  [3055s]
  iter 450/600  [3397s]
  iter 500/600  [3740s]
  iter 550/600  [4083s]
  iter 600/600  [4405s]
{
 "pair": "FC",
 "alpha": 0.2,
 "seat": 0,
 "p": 0.5,
 "restrict": "independent",
 "free": "selfish",
 "iters": 600,
 "vs_biased": 0.0933264860519245,
 "adversary_seat1": -0.27302648030969334,
 "selfish_seat1": -0.18308313694522335,
 "adversary_seat2": -0.21257805468853944,
 "selfish_seat2": 0.0964427421722054,
 "worst_adversary": -0.27302648030969334,
 "worst_selfish": -0.18308313694522335
}
gaps: {'learner': np.float64(0.00047), 'free_1': np.float64(0.00121), 'free_2': np.float64(0.00111)}
