  iter 50/600  [417s]
  iter 100/600  [822s]
  iter 150/600  [1226s]
  iter 200/600  [1630s]
  iter 250/600  [1985s]
  iter 300/600  [2327s]
  iter 350/600  [2669s]
  iter 400/600  [3011s]
  iter 450/600  [3354s]
  iter 500/600  [3695s]
  iter 550/600  [4036s]
  iter 600/600  [4284s]
{
 "pair": "FF",
 "alpha": 0.2,
 "seat": 0,
 "p": 0.5,
 "restrict": "independent",
 "free": "selfish",
 "iters": 600,
 "vs_biased": 0.13338930810663607,
 "adversary_seat1": -0.09178459374438086,
 "selfish_seat1": 0.05761105643586861,
 "adversary_seat2": -0.24865857988204065,
 "selfish_seat2": 0.041880549949370016,
 "worst_adversary": -0.24865857988204065,
 "worst_selfish": 0.041880549949370016
}
gaps: {'learner': np.float64(0.00043), 'free_1': np.float64(0.00135), 'free_2': np.float64(0.00103)}
