  iter 50/600  [413s]
  iter 100/600  [819s]
  iter 150/600  [1221s]
  iter 200/600  [1626s]
  iter 250/600  [1969s]
  iter 300/600  [2309s]
  iter 350/600  [2652s]
  iter 400/600  [2994s]
  iter 450/600  [3337s]
  iter 500/600  [3678s]
  iter 550/600  [4020s]
  iter 600/600  [4215s]
{
 "pair": "FF",
 "alpha": 0.2,
 "seat": 0,
 "p": 0.9,
 "restrict": "independent",
 "free": "selfish",
 "iters": 600,
 "vs_biased": 0.7178568530566125,
 "adversary_seat1": -0.8114357598987422,
 "selfish_seat1": -0.3118515514169885,
 "adversary_seat2": -1.1737265879456595,
 "selfish_seat2": -0.5493239062227653,
 "worst_adversary": -1.1737265879456595,
 "worst_selfish": -0.5493239062227653
}
gaps: {'learner': np.float64(5e-05), 'free_1': np.float64(0.00031), 'free_2': np.float64(0.00066)}
