  iter 50/600  [396s]
  iter 100/600  [792s]
  iter 150/600  [1192s]
  iter 200/600  [1588s]
  iter 250/600  [1985s]
  iter 300/600  [2383s]
  iter 350/600  [2780s]
  iter 400/600  [3177s]
  iter 450/600  [3572s]
  iter 500/600  [3970s]
  iter 550/600  [4372s]
  iter 600/600  [4779s]
{
 "pair": "FO",
 "alpha": 0.2,
 "seat": 0,
 "p": 0.5,
 "restrict": "independent",
 "free": "selfish",
 "iters": 600,
 "vs_biased": 0.003795631775062841,
 "adversary_seat1": -0.3482709511000406,
 "selfish_seat1": -0.12512646673979938,
 "adversary_seat2": -0.25528760969830905,
 "selfish_seat2": 0.010310815992367772,
 "worst_adversary": -0.3482709511000406,
 "worst_selfish": -0.12512646673979938
}
gaps: {'learner': np.float64(0.00051), 'free_1': np.float64(0.00141), 'free_2': np.float64(0.00182)}
