  iter 50/600  [400s]
  iter 100/600  [797s]
  iter 150/600  [1197s]
  iter 200/600  [1594s]
  iter 250/600  [1991s]
  iter 300/600  [2389s]
  iter 350/600  [2788s]
  iter 400/600  [3185s]
  iter 450/600  [3582s]
  iter 500/600  [3981s]
  iter 550/600  [4386s]
  iter 600/600  [4797s]
{
 "pair": "FO",
 "alpha": 0.2,
 "seat": 0,
 "p": 0.9,
 "restrict": "independent",
 "free": "selfish",
 "iters": 600,
 "vs_biased": 0.18706634486607007,
 "adversary_seat1": -0.9474382852644068,
 "selfish_seat1": -0.8946884914583053,
 "adversary_seat2": -0.39527209813546604,
 "selfish_seat2": -0.09100974870942727,
 "worst_adversary": -0.9474382852644068,
 "worst_selfish": -0.8946884914583053
}
gaps: {'learner': np.float64(7e-05), 'free_1': np.float64(0.00025), 'free_2': np.float64(0.00037)}
