  iter 50/600  [400s]
  iter 100/600  [798s]
  iter 150/600  [1200s]
  iter 200/600  [1598s]
  iter 250/600  [1995s]
  iter 300/600  [2395s]
  iter 350/600  [2793s]
  iter 400/600  [3190s]
  iter 450/600  [3589s]
  iter 500/600  [3987s]
  iter 550/600  [4389s]
  iter 600/600  [4793s]
{
 "pair": "FO",
 "alpha": 0.2,
 "seat": 0,
 "p": 0.25,
 "restrict": "independent",
 "free": "selfish",
 "iters": 600,
 "vs_biased": -0.028819976680063336,
 "adversary_seat1": -0.35041243976408604,
 "selfish_seat1": -0.10756750325203979,
 "adversary_seat2": -0.23213702725361174,
 "selfish_seat2": 0.12986155137377786,
 "worst_adversary": -0.35041243976408604,
 "worst_selfish": -0.10756750325203979
}
gaps: {'learner': np.float64(0.00123), 'free_1': np.float64(0.00226), 'free_2': np.float64(0.00239)}
