  iter 50/600  [399s]
  iter 100/600  [798s]
  iter 150/600  [1196s]
  iter 200/600  [1594s]
  iter 250/600  [1993s]
  iter 300/600  [2390s]
  iter 350/600  [2788s]
  iter 400/600  [3184s]
  iter 450/600  [3583s]
  iter 500/600  [3982s]
  iter 550/600  [4387s]
  iter 600/600  [4801s]
{
 "pair": "FR",
 "alpha": 0.2,
 "seat": 0,
 "p": 0.25,
 "restrict": "independent",
 "free": "selfish",
 "iters": 600,
 "vs_biased": 0.11358623748028006,
 "adversary_seat1": -0.347040425100809,
 "selfish_seat1": -0.16983314793440352,
 "adversary_seat2": -0.1548607210395792,
 "selfish_seat2": 0.07057359685845954,
 "worst_adversary": -0.347040425100809,
 "worst_selfish": -0.16983314793440352
}
gaps: {'learner': np.float64(0.00117), 'free_1': np.float64(0.00253), 'free_2': np.float64(0.00166)}
