  iter 50/600  [398s]
  iter 100/600  [796s]
  iter 150/600  [1193s]
  iter 200/600  [1591s]
  iter 250/600  [1990s]
  iter 300/600  [2388s]
  iter 350/600  [2795s]
  iter 400/600  [3210s]
  iter 450/600  [3623s]
  iter 500/600  [4030s]
  iter 550/600  [4434s]
  iter 600/600  [4838s]
{
 "pair": "FR",
 "alpha": 0.2,
 "seat": 0,
 "p": 0.5,
 "restrict": "independent",
 "free": "selfish",
 "iters": 600,
 "vs_biased": 0.20442560114738229,
 "adversary_seat1": -0.3193446336098287,
 "selfish_seat1": -0.19723349587056324,
 "adversary_seat2": -0.28775632952726266,
 "selfish_seat2": 0.095748562409599,
 "worst_adversary": -0.3193446336098287,
 "worst_selfish": -0.19723349587056324
}
gaps: {'learner': np.float64(0.00056), 'free_1': np.float64(0.00192), 'free_2': np.float64(0.00221)}
