  iter 50/600  [405s]
  iter 100/600  [808s]
  iter 150/600  [1213s]
  iter 200/600  [1618s]
  iter 250/600  [2023s]
  iter 300/600  [2427s]
  iter 350/600  [2832s]
  iter 400/600  [3228s]
  iter 450/600  [3632s]
  iter 500/600  [4035s]
  iter 550/600  [4440s]
  iter 600/600  [4844s]
{
 "pair": "OC",
 "alpha": 0.2,
 "seat": 0,
 "p": 0.9,
 "restrict": "independent",
 "free": "selfish",
 "iters": 600,
 "vs_biased": 0.1204778429930991,
 "adversary_seat1": -0.3404040940198484,
 "selfish_seat1": -0.1207870512985347,
 "adversary_seat2": -0.4332917154947268,
 "selfish_seat2": -0.02374008523477658,
 "worst_adversary": -0.4332917154947268,
 "worst_selfish": -0.1207870512985347
}
gaps: {'learner': np.float64(7e-05), 'free_1': np.float64(0.00037), 'free_2': np.float64(0.00037)}
