  iter 50/600  [405s]
  iter 100/600  [810s]
  iter 150/600  [1215s]
  iter 200/600  [1620s]
  iter 250/600  [2025s]
  iter 300/600  [2430s]
  iter 350/600  [2836s]
  iter 400/600  [3242s]
  iter 450/600  [3648s]
  iter 500/600  [4055s]
  iter 550/600  [4460s]
  iter 600/600  [4860s]
{
 "pair": "OC",
 "alpha": 0.2,
 "seat": 0,
 "p": 0.25,
 "restrict": "independent",
 "free": "selfish",
 "iters": 600,
 "vs_biased": -0.00893806193715771,
 "adversary_seat1": -0.22705947331666654,
 "selfish_seat1": -0.0828642913680302,
 "adversary_seat2": -0.29431027181094205,
 "selfish_seat2": 0.0287584569372481,
 "worst_adversary": -0.29431027181094205,
 "worst_selfish": -0.0828642913680302
}
gaps: {'learner': np.float64(0.0012), 'free_1': np.float64(0.00154), 'free_2': np.float64(0.00229)}
