  iter 50/600  [400s]
  iter 100/600  [804s]
  iter 150/600  [1207s]
  iter 200/600  [1611s]
  iter 250/600  [2014s]
  iter 300/600  [2418s]
  iter 350/600  [2820s]
  iter 400/600  [3224s]
  iter 450/600  [3628s]
  iter 500/600  [4030s]
  iter 550/600  [4433s]
  iter 600/600  [4838s]
{
 "pair": "OF",
 "alpha": 0.2,
 "seat": 0,
 "p": 0.9,
 "restrict": "independent",
 "free": "selfish",
 "iters": 600,
 "vs_biased": 0.4022935982891387,
 "adversary_seat1": -0.10015537650393641,
 "selfish_seat1": 0.33048085245275655,
 "adversary_seat2": -1.2684861200783812,
 "selfish_seat2": -0.8671745620433091,
 "worst_adversary": -1.2684861200783812,
 "worst_selfish": -0.8671745620433091
}
gaps: {'learner': np.float64(0.00016), 'free_1': np.float64(0.00098), 'free_2': np.float64(0.00114)}
