  iter 50/600  [403s]
  iter 100/600  [806s]
  iter 150/600  [1210s]
  iter 200/600  [1616s]
  iter 250/600  [2021s]
  iter 300/600  [2427s]
  iter 350/600  [2832s]
  iter 400/600  [3237s]
  iter 450/600  [3643s]
  iter 500/600  [4047s]
  iter 550/600  [4452s]
  iter 600/600  [4854s]
{
 "pair": "OR",
 "alpha": 0.2,
 "seat": 0,
 "p": 0.9,
 "restrict": "independent",
 "free": "selfish",
 "iters": 600,
 "vs_biased": 0.22768120116870907,
 "adversary_seat1": -0.3998087310146836,
 "selfish_seat1": -0.09252761949290847,
 "adversary_seat2": -0.7364914457250977,
 "selfish_seat2": -0.43951517413288965,
 "worst_adversary": -0.7364914457250977,
 "worst_selfish": -0.43951517413288965
}
gaps: {'learner': np.float64(6e-05), 'free_1': np.float64(0.00017), 'free_2': np.float64(0.00026)}
