  iter 50/600  [402s]
  iter 100/600  [805s]
  iter 150/600  [1211s]
  iter 200/600  [1617s]
  iter 250/600  [2020s]
  iter 300/600  [2423s]
  iter 350/600  [2828s]
  iter 400/600  [3231s]
  iter 450/600  [3636s]
  iter 500/600  [4041s]
  iter 550/600  [4445s]
  iter 600/600  [4847s]
{
 "pair": "OR",
 "alpha": 0.2,
 "seat": 0,
 "p": 0.5,
 "restrict": "independent",
 "free": "selfish",
 "iters": 600,
 "vs_biased": 0.08358903107071924,
 "adversary_seat1": -0.26608015029717663,
 "selfish_seat1": -0.12458016846221757,
 "adversary_seat2": -0.21265668289128972,
 "selfish_seat2": 0.025422343699706307,
 "worst_adversary": -0.26608015029717663,
 "worst_selfish": -0.12458016846221757
}
gaps: {'learner': np.float64(0.00072), 'free_1': np.float64(0.00098), 'free_2': np.float64(0.00164)}
