  iter 50/600  [402s]
  iter 100/600  [806s]
  iter 150/600  [1211s]
  iter 200/600  [1615s]
  iter 250/600  [2020s]
  iter 300/600  [2424s]
  iter 350/600  [2828s]
  iter 400/600  [3233s]
  iter 450/600  [3638s]
  iter 500/600  [4042s]
  iter 550/600  [4447s]
  iter 600/600  [4852s]
{
 "pair": "OR",
 "alpha": 0.2,
 "seat": 0,
 "p": 0.25,
 "restrict": "independent",
 "free": "selfish",
 "iters": 600,
 "vs_biased": 0.0654038301866065,
 "adversary_seat1": -0.2983071933517945,
 "selfish_seat1": -0.03739761783760742,
 "adversary_seat2": -0.24926035707762673,
 "selfish_seat2": 0.056809762445191925,
 "worst_adversary": -0.2983071933517945,
 "worst_selfish": -0.03739761783760742
}
gaps: {'learner': np.float64(0.0011), 'free_1': np.float64(0.00175), 'free_2': np.float64(0.00188)}
