  iter 50/600  [401s]
  iter 100/600  [805s]
  iter 150/600  [1208s]
  iter 200/600  [1611s]
  iter 250/600  [2015s]
  iter 300/600  [2419s]
  iter 350/600  [2823s]
  iter 400/600  [3228s]
  iter 450/600  [3633s]
  iter 500/600  [4037s]
  iter 550/600  [4441s]
  iter 600/600  [4844s]
{
 "pair": "RC",
 "alpha": 0.2,
 "seat": 0,
 "p": 0.9,
 "restrict": "independent",
 "free": "selfish",
 "iters": 600,
 "vs_biased": 0.40163357108955355,
 "adversary_seat1": -0.6021022668678102,
 "selfish_seat1": -0.5404523005609433,
 "adversary_seat2": -0.5237208947394856,
 "selfish_seat2": 0.14810021906259943,
 "worst_adversary": -0.6021022668678102,
 "worst_selfish": -0.5404523005609433
}
gaps: {'learner': np.float64(7e-05), 'free_1': np.float64(0.00062), 'free_2': np.float64(0.0007)}
