  iter 50/600  [402s]
  iter 100/600  [807s]
  iter 150/600  [1211s]
  iter 200/600  [1616s]
  iter 250/600  [2020s]
  iter 300/600  [2424s]
  iter 350/600  [2828s]
  iter 400/600  [3233s]
  iter 450/600  [3639s]
  iter 500/600  [4043s]
  iter 550/600  [4448s]
  iter 600/600  [4852s]
{
 "pair": "RC",
 "alpha": 0.2,
 "seat": 0,
 "p": 0.5,
 "restrict": "independent",
 "free": "selfish",
 "iters": 600,
 "vs_biased": 0.23122192681707254,
 "adversary_seat1": -0.2002243380211787,
 "selfish_seat1": -0.040140261052226345,
 "adversary_seat2": -0.1884452161289451,
 "selfish_seat2": 0.059169483921954646,
 "worst_adversary": -0.2002243380211787,
 "worst_selfish": -0.040140261052226345
}
gaps: {'learner': np.float64(0.0005), 'free_1': np.float64(0.00089), 'free_2': np.float64(0.00085)}
