  iter 50/600  [403s]
  iter 100/600  [808s]
  iter 150/600  [1215s]
  iter 200/600  [1620s]
  iter 250/600  [2025s]
  iter 300/600  [2431s]
  iter 350/600  [2837s]
  iter 400/600  [3244s]
  iter 450/600  [3652s]
  iter 500/600  [4057s]
  iter 550/600  [4464s]
  iter 600/600  [4869s]
{
 "pair": "RC",
 "alpha": 0.2,
 "seat": 0,
 "p": 0.25,
 "restrict": "independent",
 "free": "selfish",
 "iters": 600,
 "vs_biased": 0.11072460230474244,
 "adversary_seat1": -0.20991233540442222,
 "selfish_seat1": -0.1561268021004662,
 "adversary_seat2": -0.24305556884719465,
 "selfish_seat2": -0.06519651544682967,
 "worst_adversary": -0.24305556884719465,
 "worst_selfish": -0.1561268021004662
}
gaps: {'learner': np.float64(0.00103), 'free_1': np.float64(0.00207), 'free_2': np.float64(0.00167)}
