  iter 50/600  [406s]
  iter 100/600  [811s]
  iter 150/600  [1214s]
  iter 200/600  [1618s]
  iter 250/600  [2022s]
  iter 300/600  [2426s]
  iter 350/600  [2830s]
  iter 400/600  [3235s]
  iter 450/600  [3640s]
  iter 500/600  [4043s]
  iter 550/600  [4447s]
  iter 600/600  [4848s]
{
 "pair": "RF",
 "alpha": 0.2,
 "seat": 0,
 "p": 0.9,
 "restrict": "independent",
 "free": "selfish",
 "iters": 600,
 "vs_biased": 0.6197585463483102,
 "adversary_seat1": -0.41064996486091215,
 "selfish_seat1": -0.06111619641577984,
 "adversary_seat2": -0.9192376627175698,
 "selfish_seat2": -0.45380174021113545,
 "worst_adversary": -0.9192376627175698,
 "worst_selfish": -0.45380174021113545
}
gaps: {'learner': np.float64(5e-05), 'free_1': np.float64(0.00025), 'free_2': np.float64(0.00025)}
