  iter 50/600  [404s]
  iter 100/600  [808s]
  iter 150/600  [1213s]
  iter 200/600  [1617s]
  iter 250/600  [2021s]
  iter 300/600  [2426s]
  iter 350/600  [2829s]
  iter 400/600  [3234s]
  iter 450/600  [3639s]
  iter 500/600  [4041s]
  iter 550/600  [4446s]
  iter 600/600  [4848s]
{
 "pair": "RF",
 "alpha": 0.2,
 "seat": 0,
 "p": 0.25,
 "restrict": "independent",
 "free": "selfish",
 "iters": 600,
 "vs_biased": 0.11629652609432345,
 "adversary_seat1": -0.17311536096412705,
 "selfish_seat1": -0.11998837728919005,
 "adversary_seat2": -0.2674847291918834,
 "selfish_seat2": -0.06587720097050165,
 "worst_adversary": -0.2674847291918834,
 "worst_selfish": -0.11998837728919005
}
gaps: {'learner': np.float64(0.00146), 'free_1': np.float64(0.00204), 'free_2': np.float64(0.00177)}
