  iter 50/600  [403s]
  iter 100/600  [808s]
  iter 150/600  [1212s]
  iter 200/600  [1617s]
  iter 250/600  [2020s]
  iter 300/600  [2425s]
  iter 350/600  [2828s]
  iter 400/600  [3232s]
  iter 450/600  [3636s]
  iter 500/600  [4041s]
  iter 550/600  [4444s]
  iter 600/600  [4848s]
{
 "pair": "RO",
 "alpha": 0.2,
 "seat": 0,
 "p": 0.9,
 "restrict": "independent",
 "free": "selfish",
 "iters": 600,
 "vs_biased": 0.3272029732875319,
 "adversary_seat1": -0.7795311391137265,
 "selfish_seat1": -0.4331977601759026,
 "adversary_seat2": -0.3727618631739718,
 "selfish_seat2": 0.15183709483814042,
 "worst_adversary": -0.7795311391137265,
 "worst_selfish": -0.4331977601759026
}
gaps: {'learner': np.float64(9e-05), 'free_1': np.float64(0.00034), 'free_2': np.float64(0.00048)}
