  iter 50/600  [403s]
  iter 100/600  [808s]
  iter 150/600  [1211s]
  iter 200/600  [1615s]
  iter 250/600  [2018s]
  iter 300/600  [2422s]
  iter 350/600  [2825s]
  iter 400/600  [3230s]
  iter 450/600  [3635s]
  iter 500/600  [4040s]
  iter 550/600  [4445s]
  iter 600/600  [4849s]
{
 "pair": "RO",
 "alpha": 0.2,
 "seat": 0,
 "p": 0.25,
 "restrict": "independent",
 "free": "selfish",
 "iters": 600,
 "vs_biased": 0.03922966591283113,
 "adversary_seat1": -0.23968218339202516,
 "selfish_seat1": -0.08562983904782775,
 "adversary_seat2": -0.2925172936741106,
 "selfish_seat2": -0.07742514610748369,
 "worst_adversary": -0.2925172936741106,
 "worst_selfish": -0.08562983904782775
}
gaps: {'learner': np.float64(0.00214), 'free_1': np.float64(0.00294), 'free_2': np.float64(0.00202)}
