  iter 50/600  [405s]
  iter 100/600  [808s]
  iter 150/600  [1212s]
  iter 200/600  [1616s]
  iter 250/600  [2019s]
  iter 300/600  [2422s]
  iter 350/600  [2828s]
  iter 400/600  [3227s]
  iter 450/600  [3631s]
  iter 500/600  [4036s]
  iter 550/600  [4441s]
  iter 600/600  [4845s]
{
 "pair": "RR",
 "alpha": 0.2,
 "seat": 0,
 "p": 0.5,
 "restrict": "independent",
 "free": "selfish",
 "iters": 600,
 "vs_biased": 0.2644358330570634,
 "adversary_seat1": -0.12801420473477337,
 "selfish_seat1": -0.0005431027358478169,
 "adversary_seat2": -0.22766591821248305,
 "selfish_seat2": 0.029555930941764785,
 "worst_adversary": -0.22766591821248305,
 "worst_selfish": -0.0005431027358478169
}
gaps: {'learner': np.float64(0.00044), 'free_1': np.float64(0.00103), 'free_2': np.float64(0.00054)}
