  iter 50/600  [406s]
  iter 100/600  [811s]
  iter 150/600  [1217s]
  iter 200/600  [1621s]
  iter 250/600  [2026s]
  iter 300/600  [2432s]
  iter 350/600  [2837s]
  iter 400/600  [3241s]
  iter 450/600  [3647s]
  iter 500/600  [4051s]
  iter 550/600  [4456s]
  iter 600/600  [4857s]
{
 "pair": "RR",
 "alpha": 0.2,
 "seat": 0,
 "p": 0.25,
 "restrict": "independent",
 "free": "selfish",
 "iters": 600,
 "vs_biased": 0.15887319889574086,
 "adversary_seat1": -0.213134123313503,
 "selfish_seat1": -0.13501158310065398,
 "adversary_seat2": -0.27604355492096755,
 "selfish_seat2": -0.1299846065744802,
 "worst_adversary": -0.27604355492096755,
 "worst_selfish": -0.13501158310065398
}
gaps: {'learner': np.float64(0.00131), 'free_1': np.float64(0.00238), 'free_2': np.float64(0.00212)}
