  iter 50/600  [71s]
  iter 100/600  [142s]
  iter 150/600  [213s]
  iter 200/600  [282s]
  iter 250/600  [352s]
  iter 300/600  [422s]
  iter 350/600  [491s]
  iter 400/600  [558s]
  iter 450/600  [626s]
  iter 500/600  [694s]
  iter 550/600  [762s]
  iter 600/600  [829s]
{
 "pair": "FC",
 "alpha": 0.1,
 "seat": 0,
 "p": 0.9,
 "restrict": "independent",
 "free": "selfish",
 "iters": 600,
 "vs_biased": 0.04263567978104199,
 "adversary_seat1": -0.34744515861658204,
 "selfish_seat1": -0.09288273368245453,
 "adversary_seat2": -0.3400161525052654,
 "selfish_seat2": 0.1574375423545122,
 "worst_adversary": -0.34744515861658204,
 "worst_selfish": -0.09288273368245453
}
gaps: {'learner': np.float64(0.00014), 'free_1': np.float64(0.00095), 'free_2': np.float64(0.00073)}
