  iter 50/600  [192s]
  iter 100/600  [374s]
  iter 150/600  [521s]
  iter 200/600  [669s]
  iter 250/600  [816s]
  iter 300/600  [963s]
  iter 350/600  [1111s]
  iter 400/600  [1258s]
  iter 450/600  [1405s]
  iter 500/600  [1553s]
  iter 550/600  [1704s]
  iter 600/600  [1892s]
{
 "pair": "FF",
 "alpha": 0.35,
 "seat": 1,
 "p": 0.9,
 "restrict": "independent",
 "free": "selfish",
 "iters": 600,
 "vs_biased": 1.6300395736453372,
 "adversary_seat0": -0.9564887551131042,
 "selfish_seat0": -0.38148424158383887,
 "adversary_seat2": -1.7735510871535942,
 "selfish_seat2": -1.1965923921100559,
 "worst_adversary": -1.7735510871535942,
 "worst_selfish": -1.1965923921100559
}
gaps: {'learner': np.float64(5e-05), 'free_0': np.float64(0.00037), 'free_2': np.float64(0.00032)}

