  iter 50/600  [68s]
  iter 100/600  [136s]
  iter 150/600  [203s]
  iter 200/600  [271s]
  iter 250/600  [338s]
  iter 300/600  [406s]
  iter 350/600  [474s]
  iter 400/600  [541s]
  iter 450/600  [609s]
  iter 500/600  [677s]
  iter 550/600  [745s]
  iter 600/600  [813s]
{
 "pair": "FO",
 "alpha": 0.35,
 "seat": 1,
 "p": 0.9,
 "restrict": "independent",
 "free": "selfish",
 "iters": 600,
 "vs_biased": 0.5821985709021229,
 "adversary_seat0": -1.352249152334488,
 "selfish_seat0": -0.7401799548361154,
 "adversary_seat2": -0.3788266823811377,
 "selfish_seat2": 0.004888440685250822,
 "worst_adversary": -1.352249152334488,
 "worst_selfish": -0.7401799548361154
}
gaps: {'learner': np.float64(5e-05), 'free_0': np.float64(0.00038), 'free_2': np.float64(0.00031)}
