  iter 50/600  [393s]
  iter 100/600  [787s]
  iter 150/600  [1177s]
  iter 200/600  [1571s]
  iter 250/600  [1962s]
  iter 300/600  [2357s]
  iter 350/600  [2751s]
  iter 400/600  [3142s]
  iter 450/600  [3539s]
  iter 500/600  [3931s]
  iter 550/600  [4324s]
  iter 600/600  [4715s]
{
 "pair": "OR",
 "alpha": 0.35,
 "seat": 2,
 "p": 0.1,
 "restrict": "independent",
 "free": "selfish",
 "iters": 600,
 "vs_biased": 0.506916184946129,
 "adversary_seat0": -0.034592007616882386,
 "selfish_seat0": 0.3442771572599908,
 "adversary_seat1": -0.07688370823461643,
 "selfish_seat1": 0.10908368299757465,
 "worst_adversary": -0.07688370823461643,
 "worst_selfish": 0.10908368299757465
}
gaps: {'learner': np.float64(0.00263), 'free_0': np.float64(0.00138), 'free_1': np.float64(0.00129)}
