  iter 50/600  [193s]
  iter 100/600  [384s]
  iter 150/600  [576s]
  iter 200/600  [767s]
  iter 250/600  [959s]
  iter 300/600  [1150s]
  iter 350/600  [1341s]
  iter 400/600  [1532s]
  iter 450/600  [1724s]
  iter 500/600  [1917s]
  iter 550/600  [2109s]
  iter 600/600  [2302s]
{
 "pair": "FR",
 "alpha": 0.35,
 "seat": 0,
 "p": 0.9,
 "restrict": "independent",
 "free": "selfish",
 "iters": 600,
 "vs_biased": 1.1788163650424526,
 "adversary_seat1": -1.1881191002962979,
 "selfish_seat1": -0.7157342749962077,
 "adversary_seat2": -0.8070584052267459,
 "selfish_seat2": -0.1670588180708904,
 "worst_adversary": -1.1881191002962979,
 "worst_selfish": -0.7157342749962077
}
gaps: {'learner': np.float64(7e-05), 'free_1': np.float64(0.00026), 'free_2': np.float64(0.00037)}
