  iter 50/600  [84s]
  iter 100/600  [168s]
  iter 150/600  [252s]
  iter 200/600  [336s]
  iter 250/600  [420s]
  iter 300/600  [503s]
  iter 350/600  [587s]
  iter 400/600  [671s]
  iter 450/600  [754s]
  iter 500/600  [838s]
  iter 550/600  [922s]
  iter 600/600  [1005s]
{
 "pair": "FO",
 "alpha": 0.35,
 "seat": 0,
 "p": 0.0,
 "restrict": "independent",
 "free": "selfish",
 "iters": 600,
 "vs_biased": -0.019315085145872185,
 "adversary_seat1": -0.33734956708420466,
 "selfish_seat1": -0.02523999547797487,
 "adversary_seat2": -0.19078853202687052,
 "selfish_seat2": 0.03159981433938153,
 "worst_adversary": -0.33734956708420466,
 "worst_selfish": -0.02523999547797487
}
gaps: {'learner': np.float64(0.00281), 'free_1': np.float64(0.00363), 'free_2': np.float64(0.00316)}
