  iter 50/600  [69s]
  iter 100/600  [137s]
  iter 150/600  [206s]
  iter 200/600  [274s]
  iter 250/600  [342s]
  iter 300/600  [410s]
  iter 350/600  [478s]
  iter 400/600  [547s]
  iter 450/600  [615s]
  iter 500/600  [683s]
  iter 550/600  [751s]
  iter 600/600  [819s]
{
 "pair": "FC",
 "alpha": 0.35,
 "seat": 1,
 "p": 0.5,
 "restrict": "independent",
 "free": "selfish",
 "iters": 600,
 "vs_biased": 0.43465667568288424,
 "adversary_seat0": -0.07713607258770866,
 "selfish_seat0": 0.14323357447859317,
 "adversary_seat2": -0.08777968700295002,
 "selfish_seat2": -0.015671754131119462,
 "worst_adversary": -0.08777968700295002,
 "worst_selfish": -0.015671754131119462
}
gaps: {'learner': np.float64(0.00034), 'free_0': np.float64(0.00084), 'free_2': np.float64(0.00098)}
