  iter 50/600  [168s]
  iter 100/600  [348s]
  iter 150/600  [528s]
  iter 200/600  [709s]
  iter 250/600  [889s]
  iter 300/600  [1077s]
  iter 350/600  [1323s]
  iter 400/600  [1578s]
  iter 450/600  [1796s]
  iter 500/600  [1972s]
  iter 550/600  [2148s]
  iter 600/600  [2323s]
{
 "pair": "OO",
 "alpha": 0.35,
 "seat": 0,
 "p": 0.9,
 "restrict": "independent",
 "free": "selfish",
 "iters": 600,
 "vs_biased": -0.09463038934024383,
 "adversary_seat1": -0.34324172531486596,
 "selfish_seat1": -0.03331807377547369,
 "adversary_seat2": -0.2682115887233638,
 "selfish_seat2": 0.10173382885537498,
 "worst_adversary": -0.34324172531486596,
 "worst_selfish": -0.03331807377547369
}
gaps: {'learner': np.float64(5e-05), 'free_1': np.float64(0.00069), 'free_2': np.float64(0.00062)}
