  iter 50/600  [288s]
  iter 100/600  [572s]
  iter 150/600  [856s]
  iter 200/600  [1140s]
  iter 250/600  [1397s]
  iter 300/600  [1629s]
  iter 350/600  [1862s]
  iter 400/600  [2096s]
  iter 450/600  [2331s]
  iter 500/600  [2576s]
  iter 550/600  [2788s]
  iter 600/600  [2991s]
{
 "pair": "OF",
 "alpha": 0.35,
 "seat": 2,
 "p": 0.5,
 "restrict": "independent",
 "free": "selfish",
 "iters": 600,
 "vs_biased": 0.3674670673241986,
 "adversary_seat0": 0.1732782968727892,
 "selfish_seat0": 0.2993423338720985,
 "adversary_seat1": -0.1649874702310803,
 "selfish_seat1": -0.047499841290922065,
 "worst_adversary": -0.1649874702310803,
 "worst_selfish": -0.047499841290922065
}
gaps: {'learner': np.float64(0.00042), 'free_0': np.float64(0.00057), 'free_1': np.float64(0.00055)}
