  iter 50/600  [241s]
  iter 100/600  [482s]
  iter 150/600  [722s]
  iter 200/600  [963s]
  iter 250/600  [1203s]
  iter 300/600  [1443s]
  iter 350/600  [1684s]
  iter 400/600  [1924s]
  iter 450/600  [2165s]
  iter 500/600  [2405s]
  iter 550/600  [2645s]
  iter 600/600  [2885s]
{
 "pair": "RF",
 "alpha": 0.35,
 "seat": 2,
 "p": 0.9,
 "restrict": "independent",
 "free": "selfish",
 "iters": 600,
 "vs_biased": 1.9060359182706914,
 "adversary_seat0": -1.4221457575469034,
 "selfish_seat0": -1.2570979853242972,
 "adversary_seat1": -0.7557486640668123,
 "selfish_seat1": -0.4794579762904576,
 "worst_adversary": -1.4221457575469034,
 "worst_selfish": -1.2570979853242972
}
gaps: {'learner': np.float64(0.0001), 'free_0': np.float64(0.00065), 'free_1': np.float64(0.00101)}
