  iter 50/600  [68s]
  iter 100/600  [136s]
  iter 150/600  [204s]
  iter 200/600  [271s]
  iter 250/600  [339s]
  iter 300/600  [407s]
  iter 350/600  [475s]
  iter 400/600  [542s]
  iter 450/600  [610s]
  iter 500/600  [678s]
  iter 550/600  [746s]
  iter 600/600  [814s]
{
 "pair": "CF",
 "alpha": 0.1,
 "seat": 0,
 "p": 0.9,
 "restrict": "independent",
 "free": "selfish",
 "iters": 600,
 "vs_biased": 0.19437868616297646,
 "adversary_seat1": -0.34530960855824516,
 "selfish_seat1": 0.12557460480423563,
 "adversary_seat2": -1.1282309841709393,
 "selfish_seat2": -0.718966705270806,
 "worst_adversary": -1.1282309841709393,
 "worst_selfish": -0.718966705270806
}
gaps: {'learner': np.float64(5e-05), 'free_1': np.float64(0.00039), 'free_2': np.float64(0.00063)}
