  iter 50/600  [42s]
  iter 100/600  [84s]
  iter 150/600  [125s]
  iter 200/600  [169s]
  iter 250/600  [215s]
  iter 300/600  [261s]
  iter 350/600  [307s]
  iter 400/600  [354s]
  iter 450/600  [401s]
  iter 500/600  [448s]
  iter 550/600  [494s]
  iter 600/600  [538s]
{
 "pair": "FF",
 "alpha": 0.1,
 "seat": 0,
 "p": 0.0,
 "restrict": "independent",
 "free": "selfish",
 "iters": 600,
 "vs_biased": -0.046630231505295744,
 "adversary_seat1": -0.2837878882195356,
 "selfish_seat1": -0.13744006769253,
 "adversary_seat2": -0.23126579918034457,
 "selfish_seat2": 0.14828337742775696,
 "worst_adversary": -0.2837878882195356,
 "worst_selfish": -0.13744006769253
}
gaps: {'learner': np.float64(0.00281), 'free_1': np.float64(0.00363), 'free_2': np.float64(0.00316)}
