  iter 50/600  [218s]
  iter 100/600  [436s]
  iter 150/600  [662s]
  iter 200/600  [885s]
  iter 250/600  [1117s]
  iter 300/600  [1365s]
  iter 350/600  [1612s]
  iter 400/600  [1867s]
  iter 450/600  [2127s]
  iter 500/600  [2372s]
  iter 550/600  [2624s]
  iter 600/600  [2874s]
{
 "pair": "FF",
 "alpha": 0.35,
 "seat": 0,
 "p": 0.25,
 "restrict": "independent",
 "free": "selfish",
 "iters": 600,
 "vs_biased": 0.20390522492277685,
 "adversary_seat1": -0.06497183769708734,
 "selfish_seat1": 0.027901470285446733,
 "adversary_seat2": -0.17751072545612262,
 "selfish_seat2": 0.054330251985553246,
 "worst_adversary": -0.17751072545612262,
 "worst_selfish": 0.027901470285446733
}
gaps: {'learner': np.float64(0.00164), 'free_1': np.float64(0.00246), 'free_2': np.float64(0.00253)}
