  iter 50/600  [65s]
  iter 100/600  [158s]
  iter 150/600  [260s]
  iter 200/600  [382s]
  iter 250/600  [484s]
  iter 300/600  [603s]
  iter 350/600  [718s]
  iter 400/600  [824s]
  iter 450/600  [924s]
  iter 500/600  [1024s]
  iter 550/600  [1118s]
  iter 600/600  [1197s]
{
 "pair": "FF",
 "alpha": 0.35,
 "seat": 1,
 "p": 0.0,
 "restrict": "independent",
 "free": "selfish",
 "iters": 600,
 "vs_biased": 0.1583011399606942,
 "adversary_seat0": -0.10128481507643361,
 "selfish_seat0": 0.049118661368096665,
 "adversary_seat2": -0.14498823888419637,
 "selfish_seat2": -0.13243492514941382,
 "worst_adversary": -0.14498823888419637,
 "worst_selfish": -0.13243492514941382
}
gaps: {'learner': np.float64(0.00113), 'free_0': np.float64(0.00095), 'free_2': np.float64(0.00114)}
