  iter 50/600  [228s]
  iter 100/600  [456s]
  iter 150/600  [684s]
  iter 200/600  [911s]
  iter 250/600  [1138s]
  iter 300/600  [1324s]
  iter 350/600  [1501s]
  iter 400/600  [1678s]
  iter 450/600  [1853s]
  iter 500/600  [2029s]
  iter 550/600  [2206s]
  iter 600/600  [2402s]
{
 "pair": "CF",
 "alpha": 0.35,
 "seat": 2,
 "p": 0.5,
 "restrict": "independent",
 "free": "selfish",
 "iters": 600,
 "vs_biased": 0.680567047960849,
 "adversary_seat0": 0.07471732850048425,
 "selfish_seat0": 0.22393601507622213,
 "adversary_seat1": -0.04385237790999941,
 "selfish_seat1": 0.09914099393944428,
 "worst_adversary": -0.04385237790999941,
 "worst_selfish": 0.09914099393944428
}
gaps: {'learner': np.float64(0.00046), 'free_0': np.float64(0.00081), 'free_1': np.float64(0.0005)}
