  iter 50/600  [131s]
  iter 100/600  [263s]
  iter 150/600  [394s]
  iter 200/600  [526s]
  iter 250/600  [657s]
  iter 300/600  [788s]
  iter 350/600  [919s]
  iter 400/600  [1051s]
  iter 450/600  [1183s]
  iter 500/600  [1314s]
  iter 550/600  [1446s]
  iter 600/600  [1576s]
{
 "pair": "FC",
 "alpha": 0.35,
 "seat": 2,
 "p": 0.5,
 "restrict": "independent",
 "free": "selfish",
 "iters": 600,
 "vs_biased": 0.66148386903396,
 "adversary_seat0": 0.0709749176356132,
 "selfish_seat0": 0.268002699691945,
 "adversary_seat1": 0.012924808803416898,
 "selfish_seat1": 0.10294671710583128,
 "worst_adversary": 0.012924808803416898,
 "worst_selfish": 0.10294671710583128
}
gaps: {'learner': np.float64(0.00064), 'free_0': np.float64(0.00086), 'free_1': np.float64(0.00089)}
