  iter 50/600  [187s]
  iter 100/600  [406s]
  iter 150/600  [636s]
  iter 200/600  [863s]
  iter 250/600  [1089s]
  iter 300/600  [1316s]
  iter 350/600  [1543s]
  iter 400/600  [1772s]
  iter 450/600  [1998s]
  iter 500/600  [2226s]
  iter 550/600  [2428s]
  iter 600/600  [2604s]
{
 "pair": "RC",
 "alpha": 0.35,
 "seat": 2,
 "p": 0.9,
 "restrict": "independent",
 "free": "selfish",
 "iters": 600,
 "vs_biased": 1.6465044607109567,
 "adversary_seat0": -1.1524327265696404,
 "selfish_seat0": -1.0020498088573364,
 "adversary_seat1": -0.11942246576144527,
 "selfish_seat1": 0.5102732315348213,
 "worst_adversary": -1.1524327265696404,
 "worst_selfish": -1.0020498088573364
}
gaps: {'learner': np.float64(5e-05), 'free_0': np.float64(0.00016), 'free_1': np.float64(0.00026)}
