  iter 50/600  [99s]
  iter 100/600  [197s]
  iter 150/600  [295s]
  iter 200/600  [393s]
  iter 250/600  [492s]
  iter 300/600  [588s]
  iter 350/600  [686s]
  iter 400/600  [788s]
  iter 450/600  [882s]
  iter 500/600  [978s]
  iter 550/600  [1075s]
  iter 600/600  [1172s]
{
 "pair": "OF",
 "alpha": 0.35,
 "seat": 0,
 "p": 0.0,
 "restrict": "independent",
 "free": "selfish",
 "iters": 600,
 "vs_biased": -0.0067530889564242635,
 "adversary_seat1": -0.19746520275246446,
 "selfish_seat1": -0.15113536909120845,
 "adversary_seat2": -0.25418180780171273,
 "selfish_seat2": 0.17879012939877384,
 "worst_adversary": -0.25418180780171273,
 "worst_selfish": -0.15113536909120845
}
gaps: {'learner': np.float64(0.00281), 'free_1': np.float64(0.00363), 'free_2': np.float64(0.00316)}
