  iter 50/600  [68s]
  iter 100/600  [136s]
  iter 150/600  [204s]
  iter 200/600  [272s]
  iter 250/600  [340s]
  iter 300/600  [407s]
  iter 350/600  [475s]
  iter 400/600  [543s]
  iter 450/600  [611s]
  iter 500/600  [678s]
  iter 550/600  [746s]
  iter 600/600  [814s]
{
 "pair": "OR",
 "alpha": 0.35,
 "seat": 1,
 "p": 0.5,
 "restrict": "independent",
 "free": "selfish",
 "iters": 600,
 "vs_biased": 0.3538869844517114,
 "adversary_seat0": -0.3037395384517051,
 "selfish_seat0": 0.19881985786955816,
 "adversary_seat2": -0.23116020520740424,
 "selfish_seat2": -0.026308788302558065,
 "worst_adversary": -0.3037395384517051,
 "worst_selfish": -0.026308788302558065
}
gaps: {'learner': np.float64(0.00088), 'free_0': np.float64(0.00124), 'free_2': np.float64(0.00068)}
