  iter 50/600  [183s]
  iter 100/600  [369s]
  iter 150/600  [553s]
  iter 200/600  [736s]
  iter 250/600  [923s]
  iter 300/600  [1108s]
  iter 350/600  [1294s]
  iter 400/600  [1478s]
  iter 450/600  [1663s]
  iter 500/600  [1850s]
  iter 550/600  [2097s]
  iter 600/600  [2389s]
{
 "pair": "OF",
 "alpha": 0.35,
 "seat": 2,
 "p": 0.9,
 "restrict": "independent",
 "free": "selfish",
 "iters": 600,
 "vs_biased": 0.7974470192112355,
 "adversary_seat0": 0.018208890918962328,
 "selfish_seat0": 0.2826640015843078,
 "adversary_seat1": -1.2723865938688228,
 "selfish_seat1": -1.009696874556042,
 "worst_adversary": -1.2723865938688228,
 "worst_selfish": -1.009696874556042
}
gaps: {'learner': np.float64(8e-05), 'free_0': np.float64(0.00037), 'free_1': np.float64(0.00064)}
