  iter 50/600  [396s]
  iter 100/600  [792s]
  iter 150/600  [1192s]
  iter 200/600  [1586s]
  iter 250/600  [1984s]
  iter 300/600  [2381s]
  iter 350/600  [2779s]
  iter 400/600  [3176s]
  iter 450/600  [3575s]
  iter 500/600  [3973s]
  iter 550/600  [4371s]
  iter 600/600  [4764s]
{
 "pair": "OF",
 "alpha": 0.1,
 "seat": 0,
 "p": 0.25,
 "restrict": "independent",
 "free": "selfish",
 "iters": 600,
 "vs_biased": -0.06804596862004914,
 "adversary_seat1": -0.2658132869804185,
 "selfish_seat1": -0.12875649052053212,
 "adversary_seat2": -0.30312954039478346,
 "selfish_seat2": -0.13343493659722522,
 "worst_adversary": -0.30312954039478346,
 "worst_selfish": -0.13343493659722522
}
gaps: {'learner': np.float64(0.0017), 'free_1': np.float64(0.00286), 'free_2': np.float64(0.00332)}
