  iter 50/600  [193s]
  iter 100/600  [385s]
  iter 150/600  [576s]
  iter 200/600  [769s]
  iter 250/600  [960s]
  iter 300/600  [1152s]
  iter 350/600  [1345s]
  iter 400/600  [1537s]
  iter 450/600  [1729s]
  iter 500/600  [1922s]
  iter 550/600  [2114s]
  iter 600/600  [2306s]
{
 "pair": "CO",
 "alpha": 0.35,
 "seat": 0,
 "p": 0.5,
 "restrict": "independent",
 "free": "selfish",
 "iters": 600,
 "vs_biased": 0.1395211521728062,
 "adversary_seat1": -0.4308137621613002,
 "selfish_seat1": -0.19134325209854697,
 "adversary_seat2": -0.17153146854640255,
 "selfish_seat2": 0.05105045166075717,
 "worst_adversary": -0.4308137621613002,
 "worst_selfish": -0.19134325209854697
}
gaps: {'learner': np.float64(0.0006), 'free_1': np.float64(0.00092), 'free_2': np.float64(0.00094)}
