  iter 50/600  [85s]
  iter 100/600  [168s]
  iter 150/600  [252s]
  iter 200/600  [336s]
  iter 250/600  [420s]
  iter 300/600  [504s]
  iter 350/600  [587s]
  iter 400/600  [671s]
  iter 450/600  [754s]
  iter 500/600  [838s]
  iter 550/600  [922s]
  iter 600/600  [1005s]
{
 "pair": "CR",
 "alpha": 0.35,
 "seat": 0,
 "p": 0.0,
 "restrict": "independent",
 "free": "selfish",
 "iters": 600,
 "vs_biased": 0.21060359854446953,
 "adversary_seat1": -0.4352014438487102,
 "selfish_seat1": -0.22694688612426922,
 "adversary_seat2": -0.26170248838313437,
 "selfish_seat2": -0.21791566337589582,
 "worst_adversary": -0.4352014438487102,
 "worst_selfish": -0.22694688612426922
}
gaps: {'learner': np.float64(0.00281), 'free_1': np.float64(0.00363), 'free_2': np.float64(0.00316)}
