  iter 50/600  [187s]
  iter 100/600  [371s]
  iter 150/600  [551s]
  iter 200/600  [732s]
  iter 250/600  [913s]
  iter 300/600  [1093s]
  iter 350/600  [1274s]
  iter 400/600  [1464s]
  iter 450/600  [1692s]
  iter 500/600  [1921s]
  iter 550/600  [2149s]
  iter 600/600  [2376s]
{
 "pair": "CR",
 "alpha": 0.35,
 "seat": 2,
 "p": 0.9,
 "restrict": "independent",
 "free": "selfish",
 "iters": 600,
 "vs_biased": 1.4879043097479174,
 "adversary_seat0": -0.5766963026093102,
 "selfish_seat0": 0.3353150370649541,
 "adversary_seat1": -0.9800591540716385,
 "selfish_seat1": -0.7585692940582585,
 "worst_adversary": -0.9800591540716385,
 "worst_selfish": -0.7585692940582585
}
gaps: {'learner': np.float64(5e-05), 'free_0': np.float64(0.0003), 'free_1': np.float64(0.00015)}
