  iter 50/600  [77s]
  iter 100/600  [153s]
  iter 150/600  [229s]
  iter 200/600  [305s]
  iter 250/600  [381s]
  iter 300/600  [457s]
  iter 350/600  [534s]
  iter 400/600  [610s]
  iter 450/600  [686s]
  iter 500/600  [762s]
  iter 550/600  [838s]
  iter 600/600  [915s]
{
 "pair": "OC",
 "alpha": 0.1,
 "seat": 0,
 "p": 0.5,
 "restrict": "independent",
 "free": "selfish",
 "iters": 600,
 "vs_biased": -0.050912980432759464,
 "adversary_seat1": -0.26266460144650716,
 "selfish_seat1": -0.1375879713313778,
 "adversary_seat2": -0.2783803948509747,
 "selfish_seat2": 0.020328267716120896,
 "worst_adversary": -0.2783803948509747,
 "worst_selfish": -0.1375879713313778
}
gaps: {'learner': np.float64(0.00068), 'free_1': np.float64(0.00138), 'free_2': np.float64(0.00159)}
