  iter 50/600  [208s]
  iter 100/600  [386s]
  iter 150/600  [565s]
  iter 200/600  [745s]
  iter 250/600  [923s]
  iter 300/600  [1102s]
  iter 350/600  [1282s]
  iter 400/600  [1462s]
  iter 450/600  [1641s]
  iter 500/600  [1820s]
  iter 550/600  [2000s]
  iter 600/600  [2179s]
{
 "pair": "CC",
 "alpha": 0.35,
 "seat": 0,
 "p": 0.25,
 "restrict": "independent",
 "free": "selfish",
 "iters": 600,
 "vs_biased": 0.3332869849388844,
 "adversary_seat1": -0.33314547606312084,
 "selfish_seat1": -0.0669519994164634,
 "adversary_seat2": -0.16318488770875775,
 "selfish_seat2": -0.012114470423919166,
 "worst_adversary": -0.33314547606312084,
 "worst_selfish": -0.0669519994164634
}
gaps: {'learner': np.float64(0.00107), 'free_1': np.float64(0.00152), 'free_2': np.float64(0.00164)}
