  iter 50/600  [69s]
  iter 100/600  [137s]
  iter 150/600  [205s]
  iter 200/600  [273s]
  iter 250/600  [341s]
  iter 300/600  [409s]
  iter 350/600  [477s]
  iter 400/600  [546s]
  iter 450/600  [614s]
  iter 500/600  [682s]
  iter 550/600  [750s]
  iter 600/600  [818s]
{
 "pair": "OR",
 "alpha": 0.35,
 "seat": 2,
 "p": 0.5,
 "restrict": "independent",
 "free": "selfish",
 "iters": 600,
 "vs_biased": 0.8052100524107488,
 "adversary_seat0": -0.03331451214941064,
 "selfish_seat0": 0.19467989131898175,
 "adversary_seat1": -0.2654683263274142,
 "selfish_seat1": -0.1466164993162637,
 "worst_adversary": -0.2654683263274142,
 "worst_selfish": -0.1466164993162637
}
gaps: {'learner': np.float64(0.00088), 'free_0': np.float64(0.00078), 'free_1': np.float64(0.0009)}
