  iter 50/600  [77s]
  iter 100/600  [153s]
  iter 150/600  [230s]
  iter 200/600  [306s]
  iter 250/600  [383s]
  iter 300/600  [460s]
  iter 350/600  [536s]
  iter 400/600  [613s]
  iter 450/600  [690s]
  iter 500/600  [766s]
  iter 550/600  [843s]
  iter 600/600  [919s]
{
 "pair": "OR",
 "alpha": 0.1,
 "seat": 0,
 "p": 0.5,
 "restrict": "independent",
 "free": "selfish",
 "iters": 600,
 "vs_biased": -0.013607825834014153,
 "adversary_seat1": -0.30109781898212873,
 "selfish_seat1": -0.14564823786487652,
 "adversary_seat2": -0.2414585815934055,
 "selfish_seat2": 0.053426047197287,
 "worst_adversary": -0.30109781898212873,
 "worst_selfish": -0.14564823786487652
}
gaps: {'learner': np.float64(0.00045), 'free_1': np.float64(0.00131), 'free_2': np.float64(0.00146)}
