  iter 50/600  [187s]
  iter 100/600  [370s]
  iter 150/600  [550s]
  iter 200/600  [730s]
  iter 250/600  [909s]
  iter 300/600  [1089s]
  iter 350/600  [1271s]
  iter 400/600  [1461s]
  iter 450/600  [1694s]
  iter 500/600  [1921s]
  iter 550/600  [2148s]
  iter 600/600  [2375s]
{
 "pair": "CO",
 "alpha": 0.35,
 "seat": 2,
 "p": 0.9,
 "restrict": "independent",
 "free": "selfish",
 "iters": 600,
 "vs_biased": 0.4385601328159081,
 "adversary_seat0": -0.47658201103215136,
 "selfish_seat0": -0.11548386132946942,
 "adversary_seat1": -0.14480011741523957,
 "selfish_seat1": 0.038792235341829406,
 "worst_adversary": -0.47658201103215136,
 "worst_selfish": -0.11548386132946942
}
gaps: {'learner': np.float64(5e-05), 'free_0': np.float64(0.00031), 'free_1': np.float64(0.0003)}
