  iter 50/600  [69s]
  iter 100/600  [137s]
  iter 150/600  [205s]
  iter 200/600  [274s]
  iter 250/600  [342s]
  iter 300/600  [411s]
  iter 350/600  [480s]
  iter 400/600  [549s]
  iter 450/600  [618s]
  iter 500/600  [687s]
  iter 550/600  [756s]
  iter 600/600  [826s]
{
 "pair": "RO",
 "alpha": 0.35,
 "seat": 1,
 "p": 0.5,
 "restrict": "independent",
 "free": "selfish",
 "iters": 600,
 "vs_biased": 0.6748170358868837,
 "adversary_seat0": -0.3578290827798143,
 "selfish_seat0": -0.2346781162839611,
 "adversary_seat2": -0.05657433922384275,
 "selfish_seat2": 0.23047273439554922,
 "worst_adversary": -0.3578290827798143,
 "worst_selfish": -0.2346781162839611
}
gaps: {'learner': np.float64(0.00046), 'free_0': np.float64(0.00137), 'free_2': np.float64(0.00082)}
