  iter 50/600  [73s]
  iter 100/600  [145s]
  iter 150/600  [217s]
  iter 200/600  [291s]
  iter 250/600  [364s]
  iter 300/600  [436s]
  iter 350/600  [532s]
  iter 400/600  [629s]
  iter 450/600  [709s]
  iter 500/600  [807s]
  iter 550/600  [916s]
  iter 600/600  [1005s]
{
 "pair": "RF",
 "alpha": 0.35,
 "seat": 1,
 "p": 0.9,
 "restrict": "independent",
 "free": "selfish",
 "iters": 600,
 "vs_biased": 1.826595821776304,
 "adversary_seat0": -1.0559263856655852,
 "selfish_seat0": -0.7794269129630409,
 "adversary_seat2": -1.1062172041929301,
 "selfish_seat2": -0.5742367853897873,
 "worst_adversary": -1.1062172041929301,
 "worst_selfish": -0.7794269129630409
}
gaps: {'learner': np.float64(3e-05), 'free_0': np.float64(0.00029), 'free_2': np.float64(0.00021)}
