  iter 50/600  [398s]
  iter 100/600  [796s]
  iter 150/600  [1199s]
  iter 200/600  [1595s]
  iter 250/600  [1996s]
  iter 300/600  [2393s]
  iter 350/600  [2792s]
  iter 400/600  [3190s]
  iter 450/600  [3591s]
  iter 500/600  [3990s]
  iter 550/600  [4388s]
  iter 600/600  [4781s]
{
 "pair": "CR",
 "alpha": 0.1,
 "seat": 0,
 "p": 0.1,
 "restrict": "independent",
 "free": "selfish",
 "iters": 600,
 "vs_biased": 0.0037476372994293405,
 "adversary_seat1": -0.33908142472490654,
 "selfish_seat1": -0.159707419063718,
 "adversary_seat2": -0.21129615825445214,
 "selfish_seat2": -0.00012803507910269518,
 "worst_adversary": -0.33908142472490654,
 "worst_selfish": -0.159707419063718
}
gaps: {'learner': np.float64(0.00198), 'free_1': np.float64(0.00283), 'free_2': np.float64(0.00571)}
