  iter 50/600  [73s]
  iter 100/600  [145s]
  iter 150/600  [218s]
  iter 200/600  [289s]
  iter 250/600  [361s]
  iter 300/600  [433s]
  iter 350/600  [506s]
  iter 400/600  [579s]
  iter 450/600  [652s]
  iter 500/600  [725s]
  iter 550/600  [798s]
  iter 600/600  [871s]
{
 "pair": "RF",
 "alpha": 0.35,
 "seat": 1,
 "p": 0.5,
 "restrict": "independent",
 "free": "selfish",
 "iters": 600,
 "vs_biased": 0.9041194892236519,
 "adversary_seat0": -0.12797293515886093,
 "selfish_seat0": -0.05634440682480118,
 "adversary_seat2": -0.06307603732187794,
 "selfish_seat2": 0.350142537699046,
 "worst_adversary": -0.12797293515886093,
 "worst_selfish": -0.05634440682480118
}
gaps: {'learner': np.float64(0.0007), 'free_0': np.float64(0.00168), 'free_2': np.float64(0.0009)}
