  iter 50/600  [69s]
  iter 100/600  [138s]
  iter 150/600  [206s]
  iter 200/600  [275s]
  iter 250/600  [344s]
  iter 300/600  [413s]
  iter 350/600  [483s]
  iter 400/600  [552s]
  iter 450/600  [620s]
  iter 500/600  [689s]
  iter 550/600  [758s]
  iter 600/600  [827s]
{
 "pair": "FF",
 "alpha": 0.1,
 "seat": 0,
 "p": 0.9,
 "restrict": "independent",
 "free": "selfish",
 "iters": 600,
 "vs_biased": 0.21923075153736063,
 "adversary_seat1": -0.3433198040360005,
 "selfish_seat1": -0.02977487184851657,
 "adversary_seat2": -1.1500906468430594,
 "selfish_seat2": -0.5751777807465015,
 "worst_adversary": -1.1500906468430594,
 "worst_selfish": -0.5751777807465015
}
gaps: {'learner': np.float64(6e-05), 'free_1': np.float64(0.00065), 'free_2': np.float64(0.00077)}
