  iter 50/600  [69s]
  iter 100/600  [138s]
  iter 150/600  [207s]
  iter 200/600  [276s]
  iter 250/600  [345s]
  iter 300/600  [414s]
  iter 350/600  [483s]
  iter 400/600  [550s]
  iter 450/600  [618s]
  iter 500/600  [686s]
  iter 550/600  [754s]
  iter 600/600  [822s]
{
 "pair": "OC",
 "alpha": 0.35,
 "seat": 1,
 "p": 0.9,
 "restrict": "independent",
 "free": "selfish",
 "iters": 600,
 "vs_biased": 0.3824920531521016,
 "adversary_seat0": -0.2177447799835845,
 "selfish_seat0": 0.16167232275245558,
 "adversary_seat2": -0.5204776455092933,
 "selfish_seat2": -0.11747826621609517,
 "worst_adversary": -0.5204776455092933,
 "worst_selfish": -0.11747826621609517
}
gaps: {'learner': np.float64(6e-05), 'free_0': np.float64(0.00038), 'free_2': np.float64(0.00034)}
