  iter 50/600  [221s]
  iter 100/600  [484s]
  iter 150/600  [747s]
  iter 200/600  [979s]
  iter 250/600  [1180s]
  iter 300/600  [1367s]
  iter 350/600  [1553s]
  iter 400/600  [1753s]
  iter 450/600  [1952s]
  iter 500/600  [2152s]
  iter 550/600  [2350s]
  iter 600/600  [2545s]
{
 "pair": "FF",
 "alpha": 0.35,
 "seat": 1,
 "p": 0.5,
 "restrict": "independent",
 "free": "selfish",
 "iters": 600,
 "vs_biased": 0.5092424332368441,
 "adversary_seat0": -0.058589654200048275,
 "selfish_seat0": 0.13089522662533945,
 "adversary_seat2": -0.06070959302680756,
 "selfish_seat2": 0.03005638749744391,
 "worst_adversary": -0.06070959302680756,
 "worst_selfish": 0.03005638749744391
}
gaps: {'learner': np.float64(0.00049), 'free_0': np.float64(0.00113), 'free_2': np.float64(0.00129)}
