  iter 50/600  [76s]
  iter 100/600  [153s]
  iter 150/600  [229s]
  iter 200/600  [305s]
  iter 250/600  [381s]
  iter 300/600  [457s]
  iter 350/600  [533s]
  iter 400/600  [609s]
  iter 450/600  [685s]
  iter 500/600  [761s]
  iter 550/600  [837s]
  iter 600/600  [913s]
{
 "pair": "RR",
 "alpha": 0.1,
 "seat": 0,
 "p": 0.9,
 "restrict": "independent",
 "free": "selfish",
 "iters": 600,
 "vs_biased": 0.16874216517894824,
 "adversary_seat1": -0.4753774103044681,
 "selfish_seat1": -0.32173844096796556,
 "adversary_seat2": -0.3880531930957718,
 "selfish_seat2": 0.1372023201162413,
 "worst_adversary": -0.4753774103044681,
 "worst_selfish": -0.32173844096796556
}
gaps: {'learner': np.float64(0.00022), 'free_1': np.float64(0.00054), 'free_2': np.float64(0.00083)}
