  iter 50/600  [393s]
  iter 100/600  [788s]
  iter 150/600  [1186s]
  iter 200/600  [1579s]
  iter 250/600  [1978s]
  iter 300/600  [2373s]
  iter 350/600  [2769s]
  iter 400/600  [3166s]
  iter 450/600  [3562s]
  iter 500/600  [3954s]
  iter 550/600  [4346s]
  iter 600/600  [4738s]
{
 "pair": "FO",
 "alpha": 0.35,
 "seat": 0,
 "p": 0.1,
 "restrict": "independent",
 "free": "selfish",
 "iters": 600,
 "vs_biased": 0.016672625154399462,
 "adversary_seat1": -0.3460740383456795,
 "selfish_seat1": -0.028458635378416308,
 "adversary_seat2": -0.1704701018440203,
 "selfish_seat2": 0.16403344632368266,
 "worst_adversary": -0.3460740383456795,
 "worst_selfish": -0.028458635378416308
}
gaps: {'learner': np.float64(0.00182), 'free_1': np.float64(0.0044), 'free_2': np.float64(0.00289)}
