  iter 50/600  [192s]
  iter 100/600  [383s]
  iter 150/600  [574s]
  iter 200/600  [765s]
  iter 250/600  [958s]
  iter 300/600  [1149s]
  iter 350/600  [1341s]
  iter 400/600  [1532s]
  iter 450/600  [1723s]
  iter 500/600  [1915s]
  iter 550/600  [2106s]
  iter 600/600  [2298s]
{
 "pair": "CF",
 "alpha": 0.35,
 "seat": 0,
 "p": 0.5,
 "restrict": "independent",
 "free": "selfish",
 "iters": 600,
 "vs_biased": 0.3863158700197723,
 "adversary_seat1": -0.04118130388128288,
 "selfish_seat1": 0.080387806298441,
 "adversary_seat2": -0.28638681377174513,
 "selfish_seat2": -0.10369652900414579,
 "worst_adversary": -0.28638681377174513,
 "worst_selfish": -0.10369652900414579
}
gaps: {'learner': np.float64(0.00063), 'free_1': np.float64(0.00104), 'free_2': np.float64(0.00111)}
