  iter 50/600  [68s]
  iter 100/600  [136s]
  iter 150/600  [204s]
  iter 200/600  [272s]
  iter 250/600  [340s]
  iter 300/600  [408s]
  iter 350/600  [476s]
  iter 400/600  [544s]
  iter 450/600  [612s]
  iter 500/600  [680s]
  iter 550/600  [752s]
  iter 600/600  [820s]
{
 "pair": "CC",
 "alpha": 0.35,
 "seat": 1,
 "p": 0.5,
 "restrict": "independent",
 "free": "selfish",
 "iters": 600,
 "vs_biased": 0.5505336165926862,
 "adversary_seat0": -0.09907103041546467,
 "selfish_seat0": 0.1886148825766761,
 "adversary_seat2": -0.3883837787680235,
 "selfish_seat2": 0.024938630410313245,
 "worst_adversary": -0.3883837787680235,
 "worst_selfish": 0.024938630410313245
}
gaps: {'learner': np.float64(0.00039), 'free_0': np.float64(0.00071), 'free_2': np.float64(0.00172)}
