  iter 50/600  [177s]
  iter 100/600  [352s]
  iter 150/600  [528s]
  iter 200/600  [704s]
  iter 250/600  [881s]
  iter 300/600  [1164s]
  iter 350/600  [1435s]
  iter 400/600  [1706s]
  iter 450/600  [1993s]
  iter 500/600  [2259s]
  iter 550/600  [2504s]
  iter 600/600  [2679s]
{
 "pair": "CO",
 "alpha": 0.35,
 "seat": 2,
 "p": 0.5,
 "restrict": "independent",
 "free": "selfish",
 "iters": 600,
 "vs_biased": 0.3622818297043276,
 "adversary_seat0": -0.25222555086989196,
 "selfish_seat0": -0.03285126959161876,
 "adversary_seat1": 0.08539174580409706,
 "selfish_seat1": 0.2369497999347679,
 "worst_adversary": -0.25222555086989196,
 "worst_selfish": -0.03285126959161876
}
gaps: {'learner': np.float64(0.0007), 'free_0': np.float64(0.00078), 'free_1': np.float64(0.00063)}

