  iter 50/600  [241s]
  iter 100/600  [482s]
  iter 150/600  [723s]
  iter 200/600  [964s]
  iter 250/600  [1205s]
  iter 300/600  [1446s]
  iter 350/600  [1686s]
  iter 400/600  [1928s]
  iter 450/600  [2168s]
  iter 500/600  [2409s]
  iter 550/600  [2649s]
  iter 600/600  [2893s]
{
 "pair": "CC",
 "alpha": 0.35,
 "seat": 2,
 "p": 0.9,
 "restrict": "independent",
 "free": "selfish",
 "iters": 600,
 "vs_biased": 0.8199495125831129,
 "adversary_seat0": -0.18360933394465628,
 "selfish_seat0": 0.21303947769635262,
 "adversary_seat1": -0.19739834606970957,
 "selfish_seat1": 0.10933577230334605,
 "worst_adversary": -0.19739834606970957,
 "worst_selfish": 0.10933577230334605
}
gaps: {'learner': np.float64(4e-05), 'free_0': np.float64(0.00016), 'free_1': np.float64(0.00016)}
