  iter 50/600  [68s]
  iter 100/600  [136s]
  iter 150/600  [204s]
  iter 200/600  [272s]
  iter 250/600  [340s]
  iter 300/600  [408s]
  iter 350/600  [476s]
  iter 400/600  [544s]
  iter 450/600  [613s]
  iter 500/600  [681s]
  iter 550/600  [750s]
  iter 600/600  [819s]
{
 "pair": "CO",
 "alpha": 0.35,
 "seat": 1,
 "p": 0.5,
 "restrict": "independent",
 "free": "selfish",
 "iters": 600,
 "vs_biased": 0.2940904559288841,
 "adversary_seat0": -0.35651670764748605,
 "selfish_seat0": 0.10961717000126514,
 "adversary_seat2": -0.3672595637153192,
 "selfish_seat2": 0.12553342226046998,
 "worst_adversary": -0.3672595637153192,
 "worst_selfish": 0.10961717000126514
}
gaps: {'learner': np.float64(0.00079), 'free_0': np.float64(0.0009), 'free_2': np.float64(0.00113)}
