  iter 50/600  [29s]
  iter 100/600  [58s]
  iter 150/600  [87s]
  iter 200/600  [115s]
  iter 250/600  [144s]
  iter 300/600  [173s]
  iter 350/600  [202s]
  iter 400/600  [231s]
  iter 450/600  [260s]
  iter 500/600  [288s]
  iter 550/600  [317s]
  iter 600/600  [346s]
{
 "pair": "CC",
 "alpha": 0.35,
 "seat": 1,
 "p": 0.0,
 "restrict": "independent",
 "free": "selfish",
 "iters": 600,
 "vs_biased": 0.18841761664051276,
 "adversary_seat0": -0.36956782369579977,
 "selfish_seat0": -0.11360295811037177,
 "adversary_seat2": -0.3787756919495948,
 "selfish_seat2": -0.053855224460156455,
 "worst_adversary": -0.3787756919495948,
 "worst_selfish": -0.11360295811037177
}
gaps: {'learner': np.float64(0.00113), 'free_0': np.float64(0.00095), 'free_2': np.float64(0.00114)}
