  iter 50/600  [389s]
  iter 100/600  [783s]
  iter 150/600  [1173s]
  iter 200/600  [1566s]
  iter 250/600  [1957s]
  iter 300/600  [2352s]
  iter 350/600  [2745s]
  iter 400/600  [3136s]
  iter 450/600  [3531s]
  iter 500/600  [3923s]
  iter 550/600  [4317s]
  iter 600/600  [4708s]
{
 "pair": "FO",
 "alpha": 0.35,
 "seat": 2,
 "p": 0.25,
 "restrict": "independent",
 "free": "selfish",
 "iters": 600,
 "vs_biased": 0.2767776245980267,
 "adversary_seat0": -0.12244260909408211,
 "selfish_seat0": 0.011255044639695677,
 "adversary_seat1": 0.003027400538537464,
 "selfish_seat1": 0.047419117029333956,
 "worst_adversary": -0.12244260909408211,
 "worst_selfish": 0.011255044639695677
}
gaps: {'learner': np.float64(0.002), 'free_0': np.float64(0.00198), 'free_1': np.float64(0.00311)}
