  iter 50/600  [109s]
  iter 100/600  [212s]
  iter 150/600  [309s]
  iter 200/600  [406s]
  iter 250/600  [503s]
  iter 300/600  [602s]
  iter 350/600  [700s]
  iter 400/600  [797s]
  iter 450/600  [893s]
  iter 500/600  [990s]
  iter 550/600  [1087s]
  iter 600/600  [1184s]
{
 "pair": "FF",
 "alpha": 0.1,
 "seat": 0,
 "p": 0.75,
 "restrict": "independent",
 "free": "selfish",
 "iters": 600,
 "vs_biased": 0.04850503909702873,
 "adversary_seat1": -0.225303724715763,
 "selfish_seat1": -0.09320275710487702,
 "adversary_seat2": -0.3426259401713102,
 "selfish_seat2": 0.042500213325747105,
 "worst_adversary": -0.3426259401713102,
 "worst_selfish": -0.09320275710487702
}
gaps: {'learner': np.float64(0.00015), 'free_1': np.float64(0.00057), 'free_2': np.float64(0.00062)}
