  iter 50/600  [69s]
  iter 100/600  [138s]
  iter 150/600  [208s]
  iter 200/600  [280s]
  iter 250/600  [349s]
  iter 300/600  [418s]
  iter 350/600  [487s]
  iter 400/600  [557s]
  iter 450/600  [628s]
  iter 500/600  [699s]
  iter 550/600  [770s]
  iter 600/600  [842s]
{
 "pair": "FR",
 "alpha": 0.35,
 "seat": 1,
 "p": 0.5,
 "restrict": "independent",
 "free": "selfish",
 "iters": 600,
 "vs_biased": 0.4981895245134381,
 "adversary_seat0": -0.1340410246787952,
 "selfish_seat0": 0.05389459394318363,
 "adversary_seat2": -0.10312484357126464,
 "selfish_seat2": 0.01673757528371691,
 "worst_adversary": -0.1340410246787952,
 "worst_selfish": 0.01673757528371691
}
gaps: {'learner': np.float64(0.00094), 'free_0': np.float64(0.00085), 'free_2': np.float64(0.00076)}
