  iter 50/600  [84s]
  iter 100/600  [167s]
  iter 150/600  [250s]
  iter 200/600  [333s]
  iter 250/600  [416s]
  iter 300/600  [498s]
  iter 350/600  [581s]
  iter 400/600  [663s]
  iter 450/600  [745s]
  iter 500/600  [827s]
  iter 550/600  [908s]
  iter 600/600  [990s]
{
 "pair": "FR",
 "alpha": 0.35,
 "seat": 0,
 "p": 0.0,
 "restrict": "independent",
 "free": "selfish",
 "iters": 600,
 "vs_biased": 0.23262970059235047,
 "adversary_seat1": -0.4352014438487102,
 "selfish_seat1": -0.22694688612426922,
 "adversary_seat2": -0.19078853202687052,
 "selfish_seat2": 0.03159981433938153,
 "worst_adversary": -0.4352014438487102,
 "worst_selfish": -0.22694688612426922
}
gaps: {'learner': np.float64(0.00281), 'free_1': np.float64(0.00363), 'free_2': np.float64(0.00316)}
