  iter 50/600  [77s]
  iter 100/600  [153s]
  iter 150/600  [229s]
  iter 200/600  [306s]
  iter 250/600  [382s]
  iter 300/600  [458s]
  iter 350/600  [535s]
  iter 400/600  [611s]
  iter 450/600  [687s]
  iter 500/600  [764s]
  iter 550/600  [840s]
  iter 600/600  [917s]
{
 "pair": "OF",
 "alpha": 0.1,
 "seat": 0,
 "p": 0.9,
 "restrict": "independent",
 "free": "selfish",
 "iters": 600,
 "vs_biased": 0.1187434049157768,
 "adversary_seat1": -0.292340692872291,
 "selfish_seat1": 0.019682082644525145,
 "adversary_seat2": -1.131103063375055,
 "selfish_seat2": -0.7677410350857665,
 "worst_adversary": -1.131103063375055,
 "worst_selfish": -0.7677410350857665
}
gaps: {'learner': np.float64(8e-05), 'free_1': np.float64(0.00047), 'free_2': np.float64(0.00035)}
