  iter 50/600  [110s]
  iter 100/600  [217s]
  iter 150/600  [327s]
  iter 200/600  [432s]
  iter 250/600  [530s]
  iter 300/600  [627s]
  iter 350/600  [725s]
  iter 400/600  [822s]
  iter 450/600  [922s]
  iter 500/600  [1020s]
  iter 550/600  [1116s]
  iter 600/600  [1213s]
{
 "pair": "OF",
 "alpha": 0.35,
 "seat": 0,
 "p": 0.25,
 "restrict": "independent",
 "free": "selfish",
 "iters": 600,
 "vs_biased": 0.04532087384546189,
 "adversary_seat1": -0.06423897382987921,
 "selfish_seat1": 0.039481590739311234,
 "adversary_seat2": -0.3300052686460158,
 "selfish_seat2": -0.26093356074845,
 "worst_adversary": -0.3300052686460158,
 "worst_selfish": -0.26093356074845
}
gaps: {'learner': np.float64(0.00088), 'free_1': np.float64(0.00209), 'free_2': np.float64(0.00209)}
