  iter 50/600  [77s]
  iter 100/600  [153s]
  iter 150/600  [229s]
  iter 200/600  [305s]
  iter 250/600  [381s]
  iter 300/600  [458s]
  iter 350/600  [534s]
  iter 400/600  [610s]
  iter 450/600  [687s]
  iter 500/600  [763s]
  iter 550/600  [839s]
  iter 600/600  [915s]
{
 "pair": "OR",
 "alpha": 0.1,
 "seat": 0,
 "p": 0.9,
 "restrict": "independent",
 "free": "selfish",
 "iters": 600,
 "vs_biased": 0.029378980205654118,
 "adversary_seat1": -0.3814886917412989,
 "selfish_seat1": 0.2961590632973963,
 "adversary_seat2": -0.44226890417083803,
 "selfish_seat2": -0.17962339256943166,
 "worst_adversary": -0.44226890417083803,
 "worst_selfish": -0.17962339256943166
}
gaps: {'learner': np.float64(4e-05), 'free_1': np.float64(0.0003), 'free_2': np.float64(0.00028)}
