  iter 50/600  [71s]
  iter 100/600  [142s]
  iter 150/600  [213s]
  iter 200/600  [284s]
  iter 250/600  [356s]
  iter 300/600  [428s]
  iter 350/600  [500s]
  iter 400/600  [572s]
  iter 450/600  [645s]
  iter 500/600  [717s]
  iter 550/600  [789s]
  iter 600/600  [861s]
{
 "pair": "CR",
 "alpha": 0.1,
 "seat": 0,
 "p": 0.9,
 "restrict": "independent",
 "free": "selfish",
 "iters": 600,
 "vs_biased": 0.09756550183930589,
 "adversary_seat1": -0.4563071935356301,
 "selfish_seat1": 0.24040237146291776,
 "adversary_seat2": -0.48739300008280695,
 "selfish_seat2": -0.19249399304389408,
 "worst_adversary": -0.48739300008280695,
 "worst_selfish": -0.19249399304389408
}
gaps: {'learner': np.float64(0.00018), 'free_1': np.float64(0.00092), 'free_2': np.float64(0.00052)}
