  iter 50/600  [197s]
  iter 100/600  [392s]
  iter 150/600  [585s]
  iter 200/600  [799s]
  iter 250/600  [1048s]
  iter 300/600  [1294s]
  iter 350/600  [1536s]
  iter 400/600  [1775s]
  iter 450/600  [2020s]
  iter 500/600  [2277s]
  iter 550/600  [2496s]
  iter 600/600  [2710s]
{
 "pair": "RF",
 "alpha": 0.35,
 "seat": 0,
 "p": 0.75,
 "restrict": "independent",
 "free": "selfish",
 "iters": 600,
 "vs_biased": 1.0622848636320146,
 "adversary_seat1": -0.26008324965542373,
 "selfish_seat1": 0.08713700443459041,
 "adversary_seat2": -0.6272896978362713,
 "selfish_seat2": -0.2732348736142758,
 "worst_adversary": -0.6272896978362713,
 "worst_selfish": -0.2732348736142758
}
gaps: {'learner': np.float64(0.00023), 'free_1': np.float64(0.00088), 'free_2': np.float64(0.00053)}
