  iter 50/600  [240s]
  iter 100/600  [481s]
  iter 150/600  [721s]
  iter 200/600  [960s]
  iter 250/600  [1200s]
  iter 300/600  [1440s]
  iter 350/600  [1680s]
  iter 400/600  [1841s]
  iter 450/600  [1951s]
  iter 500/600  [2063s]
  iter 550/600  [2173s]
  iter 600/600  [2284s]
{
 "pair": "RF",
 "alpha": 0.35,
 "seat": 2,
 "p": 0.5,
 "restrict": "independent",
 "free": "selfish",
 "iters": 600,
 "vs_biased": 1.0566794126368924,
 "adversary_seat0": 0.09243297994363196,
 "selfish_seat0": 0.19065725369200381,
 "adversary_seat1": -0.066763916088066,
 "selfish_seat1": 0.6335101535466724,
 "worst_adversary": -0.066763916088066,
 "worst_selfish": 0.19065725369200381
}
gaps: {'learner': np.float64(0.00033), 'free_0': np.float64(0.00082), 'free_1': np.float64(0.00056)}
