  iter 50/600  [69s]
  iter 100/600  [139s]
  iter 150/600  [208s]
  iter 200/600  [278s]
  iter 250/600  [348s]
  iter 300/600  [417s]
  iter 350/600  [488s]
  iter 400/600  [558s]
  iter 450/600  [628s]
  iter 500/600  [698s]
  iter 550/600  [768s]
  iter 600/600  [838s]
{
 "pair": "CR",
 "alpha": 0.1,
 "seat": 0,
 "p": 0.5,
 "restrict": "independent",
 "free": "selfish",
 "iters": 600,
 "vs_biased": 0.029658895576223518,
 "adversary_seat1": -0.3508150030621906,
 "selfish_seat1": -0.21245808007887373,
 "adversary_seat2": -0.1901861918745808,
 "selfish_seat2": 0.06904861681168195,
 "worst_adversary": -0.3508150030621906,
 "worst_selfish": -0.21245808007887373
}
gaps: {'learner': np.float64(0.00037), 'free_1': np.float64(0.00116), 'free_2': np.float64(0.00102)}
