  iter 50/600  [68s]
  iter 100/600  [136s]
  iter 150/600  [204s]
  iter 200/600  [272s]
  iter 250/600  [340s]
  iter 300/600  [408s]
  iter 350/600  [475s]
  iter 400/600  [543s]
  iter 450/600  [612s]
  iter 500/600  [681s]
  iter 550/600  [750s]
  iter 600/600  [819s]
{
 "pair": "CR",
 "alpha": 0.35,
 "seat": 1,
 "p": 0.9,
 "restrict": "independent",
 "free": "selfish",
 "iters": 600,
 "vs_biased": 0.9553958724379052,
 "adversary_seat0": -0.5613151509788447,
 "selfish_seat0": 0.23703126975549998,
 "adversary_seat2": -0.6553352799109204,
 "selfish_seat2": -0.5968566763675606,
 "worst_adversary": -0.6553352799109204,
 "worst_selfish": -0.5968566763675606
}
gaps: {'learner': np.float64(7e-05), 'free_0': np.float64(0.00047), 'free_2': np.float64(0.00018)}
