  iter 50/600  [75s]
  iter 100/600  [148s]
  iter 150/600  [220s]
  iter 200/600  [292s]
  iter 250/600  [364s]
  iter 300/600  [437s]
  iter 350/600  [509s]
  iter 400/600  [582s]
  iter 450/600  [656s]
  iter 500/600  [729s]
  iter 550/600  [801s]
  iter 600/600  [874s]
{
 "pair": "CC",
 "alpha": 0.1,
 "seat": 0,
 "p": 0.5,
 "restrict": "independent",
 "free": "selfish",
 "iters": 600,
 "vs_biased": -0.0032011063316181587,
 "adversary_seat1": -0.3282949664251524,
 "selfish_seat1": -0.16758940570048086,
 "adversary_seat2": -0.2312536715864342,
 "selfish_seat2": 0.011023467594295844,
 "worst_adversary": -0.3282949664251524,
 "worst_selfish": -0.16758940570048086
}
gaps: {'learner': np.float64(0.00072), 'free_1': np.float64(0.00111), 'free_2': np.float64(0.00153)}
