  iter 50/600  [69s]
  iter 100/600  [137s]
  iter 150/600  [206s]
  iter 200/600  [275s]
  iter 250/600  [344s]
  iter 300/600  [413s]
  iter 350/600  [482s]
  iter 400/600  [552s]
  iter 450/600  [620s]
  iter 500/600  [689s]
  iter 550/600  [758s]
  iter 600/600  [827s]
{
 "pair": "CO",
 "alpha": 0.1,
 "seat": 0,
 "p": 0.5,
 "restrict": "independent",
 "free": "selfish",
 "iters": 600,
 "vs_biased": -0.055731188157539496,
 "adversary_seat1": -0.3754159936508242,
 "selfish_seat1": -0.06859698162682654,
 "adversary_seat2": -0.24175497168434734,
 "selfish_seat2": 0.08404230076239792,
 "worst_adversary": -0.3754159936508242,
 "worst_selfish": -0.06859698162682654
}
gaps: {'learner': np.float64(0.00039), 'free_1': np.float64(0.00091), 'free_2': np.float64(0.00112)}
