  iter 50/600  [402s]
  iter 100/600  [798s]
  iter 150/600  [1198s]
  iter 200/600  [1591s]
  iter 250/600  [1989s]
  iter 300/600  [2384s]
  iter 350/600  [2780s]
  iter 400/600  [3176s]
  iter 450/600  [3576s]
  iter 500/600  [3973s]
  iter 550/600  [4371s]
  iter 600/600  [4763s]
{
 "pair": "FO",
 "alpha": 0.1,
 "seat": 0,
 "p": 0.1,
 "restrict": "independent",
 "free": "selfish",
 "iters": 600,
 "vs_biased": -0.07078314486048787,
 "adversary_seat1": -0.3297029369949481,
 "selfish_seat1": -0.03928054189075583,
 "adversary_seat2": -0.2433861184301797,
 "selfish_seat2": 0.1221425242756031,
 "worst_adversary": -0.3297029369949481,
 "worst_selfish": -0.03928054189075583
}
gaps: {'learner': np.float64(0.00281), 'free_1': np.float64(0.00379), 'free_2': np.float64(0.00411)}
