  iter 50/600  [241s]
  iter 100/600  [481s]
  iter 150/600  [722s]
  iter 200/600  [963s]
  iter 250/600  [1203s]
  iter 300/600  [1442s]
  iter 350/600  [1682s]
  iter 400/600  [1922s]
  iter 450/600  [2162s]
  iter 500/600  [2402s]
  iter 550/600  [2642s]
  iter 600/600  [2885s]
{
 "pair": "CC",
 "alpha": 0.35,
 "seat": 2,
 "p": 0.5,
 "restrict": "independent",
 "free": "selfish",
 "iters": 600,
 "vs_biased": 0.7010704455336485,
 "adversary_seat0": -0.1505843106563658,
 "selfish_seat0": 0.012152076471510453,
 "adversary_seat1": -0.00022284840709672904,
 "selfish_seat1": 0.25586768271971594,
 "worst_adversary": -0.1505843106563658,
 "worst_selfish": 0.012152076471510453
}
gaps: {'learner': np.float64(0.00035), 'free_0': np.float64(0.00083), 'free_1': np.float64(0.00073)}
