  iter 50/600  [226s]
  iter 100/600  [445s]
  iter 150/600  [668s]
  iter 200/600  [902s]
  iter 250/600  [1097s]
  iter 300/600  [1264s]
  iter 350/600  [1441s]
  iter 400/600  [1557s]
  iter 450/600  [1700s]
  iter 500/600  [1835s]
  iter 550/600  [1955s]
  iter 600/600  [2057s]
{
 "pair": "OF",
 "alpha": 0.35,
 "seat": 0,
 "p": 0.75,
 "restrict": "independent",
 "free": "selfish",
 "iters": 600,
 "vs_biased": 0.7818569972218372,
 "adversary_seat1": -0.04620565357636708,
 "selfish_seat1": 0.30664912381602816,
 "adversary_seat2": -1.296575686000947,
 "selfish_seat2": -0.9643422778062993,
 "worst_adversary": -1.296575686000947,
 "worst_selfish": -0.9643422778062993
}
gaps: {'learner': np.float64(0.00019), 'free_1': np.float64(0.00058), 'free_2': np.float64(0.00078)}
