  iter 50/600  [69s]
  iter 100/600  [137s]
  iter 150/600  [204s]
  iter 200/600  [271s]
  iter 250/600  [339s]
  iter 300/600  [406s]
  iter 350/600  [474s]
  iter 400/600  [541s]
  iter 450/600  [609s]
  iter 500/600  [676s]
  iter 550/600  [744s]
  iter 600/600  [812s]
{
 "pair": "CR",
 "alpha": 0.35,
 "seat": 1,
 "p": 0.5,
 "restrict": "independent",
 "free": "selfish",
 "iters": 600,
 "vs_biased": 0.6367777766883923,
 "adversary_seat0": -0.26800294083356374,
 "selfish_seat0": 0.0955001642617658,
 "adversary_seat2": -0.1838127994216439,
 "selfish_seat2": 0.10595671205692098,
 "worst_adversary": -0.26800294083356374,
 "worst_selfish": 0.0955001642617658
}
gaps: {'learner': np.float64(0.00064), 'free_0': np.float64(0.00079), 'free_2': np.float64(0.00086)}
