  iter 50/600  [393s]
  iter 100/600  [787s]
  iter 150/600  [1183s]
  iter 200/600  [1575s]
  iter 250/600  [1974s]
  iter 300/600  [2370s]
  iter 350/600  [2766s]
  iter 400/600  [3163s]
  iter 450/600  [3559s]
  iter 500/600  [3951s]
  iter 550/600  [4345s]
  iter 600/600  [4738s]
{
 "pair": "OR",
 "alpha": 0.1,
 "seat": 0,
 "p": 0.25,
 "restrict": "independent",
 "free": "selfish",
 "iters": 600,
 "vs_biased": -0.020121463152786845,
 "adversary_seat1": -0.3035050951773407,
 "selfish_seat1": -0.1248787268807239,
 "adversary_seat2": -0.30005024622044063,
 "selfish_seat2": 0.07457561160523746,
 "worst_adversary": -0.3035050951773407,
 "worst_selfish": -0.1248787268807239
}
gaps: {'learner': np.float64(0.00109), 'free_1': np.float64(0.00294), 'free_2': np.float64(0.00214)}
