  iter 50/600  [193s]
  iter 100/600  [385s]
  iter 150/600  [577s]
  iter 200/600  [768s]
  iter 250/600  [960s]
  iter 300/600  [1151s]
  iter 350/600  [1343s]
  iter 400/600  [1535s]
  iter 450/600  [1726s]
  iter 500/600  [1919s]
  iter 550/600  [2110s]
  iter 600/600  [2301s]
{
 "pair": "RC",
 "alpha": 0.35,
 "seat": 0,
 "p": 0.5,
 "restrict": "independent",
 "free": "selfish",
 "iters": 600,
 "vs_biased": 0.5800187013421354,
 "adversary_seat1": -0.19947975818140806,
 "selfish_seat1": -0.016348498324180394,
 "adversary_seat2": -0.17653048226243884,
 "selfish_seat2": 0.16373712314768446,
 "worst_adversary": -0.19947975818140806,
 "worst_selfish": -0.016348498324180394
}
gaps: {'learner': np.float64(0.00045), 'free_1': np.float64(0.00083), 'free_2': np.float64(0.00076)}
