  iter 50/600  [68s]
  iter 100/600  [136s]
  iter 150/600  [204s]
  iter 200/600  [272s]
  iter 250/600  [341s]
  iter 300/600  [409s]
  iter 350/600  [477s]
  iter 400/600  [545s]
  iter 450/600  [614s]
  iter 500/600  [682s]
  iter 550/600  [750s]
  iter 600/600  [818s]
{
 "pair": "OC",
 "alpha": 0.35,
 "seat": 1,
 "p": 0.5,
 "restrict": "independent",
 "free": "selfish",
 "iters": 600,
 "vs_biased": 0.28361216975291964,
 "adversary_seat0": -0.03782744875777083,
 "selfish_seat0": 0.22744108999426288,
 "adversary_seat2": -0.3415717954342026,
 "selfish_seat2": 0.06606728142163168,
 "worst_adversary": -0.3415717954342026,
 "worst_selfish": 0.06606728142163168
}
gaps: {'learner': np.float64(0.001), 'free_0': np.float64(0.00079), 'free_2': np.float64(0.00102)}
