  iter 50/600  [277s]
  iter 100/600  [551s]
  iter 150/600  [832s]
  iter 200/600  [1101s]
  iter 250/600  [1361s]
  iter 300/600  [1554s]
  iter 350/600  [1731s]
  iter 400/600  [1907s]
  iter 450/600  [2084s]
  iter 500/600  [2260s]
  iter 550/600  [2437s]
  iter 600/600  [2611s]
{
 "pair": "FO",
 "alpha": 0.35,
 "seat": 2,
 "p": 0.9,
 "restrict": "independent",
 "free": "selfish",
 "iters": 600,
 "vs_biased": 0.9048317197352519,
 "adversary_seat0": -1.756835811765518,
 "selfish_seat0": -0.9309902388710457,
 "adversary_seat1": -0.22632988373793217,
 "selfish_seat1": 0.057320886023321554,
 "worst_adversary": -1.756835811765518,
 "worst_selfish": -0.9309902388710457
}
gaps: {'learner': np.float64(9e-05), 'free_0': np.float64(0.00039), 'free_1': np.float64(0.00052)}
