  iter 50/600  [192s]
  iter 100/600  [383s]
  iter 150/600  [575s]
  iter 200/600  [766s]
  iter 250/600  [958s]
  iter 300/600  [1150s]
  iter 350/600  [1341s]
  iter 400/600  [1532s]
  iter 450/600  [1725s]
  iter 500/600  [1917s]
  iter 550/600  [2107s]
  iter 600/600  [2299s]
{
 "pair": "CF",
 "alpha": 0.35,
 "seat": 0,
 "p": 0.9,
 "restrict": "independent",
 "free": "selfish",
 "iters": 600,
 "vs_biased": 1.0476035932008994,
 "adversary_seat1": -0.282201732488527,
 "selfish_seat1": 0.10430842502705648,
 "adversary_seat2": -1.270745498631174,
 "selfish_seat2": -1.0391839804620921,
 "worst_adversary": -1.270745498631174,
 "worst_selfish": -1.0391839804620921
}
gaps: {'learner': np.float64(5e-05), 'free_1': np.float64(0.0004), 'free_2': np.float64(0.0003)}
