  iter 50/600  [82s]
  iter 100/600  [162s]
  iter 150/600  [239s]
  iter 200/600  [315s]
  iter 250/600  [392s]
  iter 300/600  [468s]
  iter 350/600  [545s]
  iter 400/600  [621s]
  iter 450/600  [698s]
  iter 500/600  [774s]
  iter 550/600  [851s]
  iter 600/600  [927s]
{
 "pair": "FC",
 "alpha": 0.35,
 "seat": 0,
 "p": 0.0,
 "restrict": "independent",
 "free": "selfish",
 "iters": 600,
 "vs_biased": 0.08901389078328387,
 "adversary_seat1": -0.2346501432503686,
 "selfish_seat1": -0.05964176026461568,
 "adversary_seat2": -0.19078853202687052,
 "selfish_seat2": 0.03159981433938153,
 "worst_adversary": -0.2346501432503686,
 "worst_selfish": -0.05964176026461568
}
gaps: {'learner': np.float64(0.00281), 'free_1': np.float64(0.00363), 'free_2': np.float64(0.00316)}
