  iter 50/600  [77s]
  iter 100/600  [154s]
  iter 150/600  [231s]
  iter 200/600  [308s]
  iter 250/600  [385s]
  iter 300/600  [459s]
  iter 350/600  [526s]
  iter 400/600  [593s]
  iter 450/600  [661s]
  iter 500/600  [729s]
  iter 550/600  [796s]
  iter 600/600  [864s]
{
 "pair": "CF",
 "alpha": 0.1,
 "seat": 0,
 "p": 0.5,
 "restrict": "independent",
 "free": "selfish",
 "iters": 600,
 "vs_biased": -0.015108628553719389,
 "adversary_seat1": -0.2716201298686079,
 "selfish_seat1": -0.10894447314206354,
 "adversary_seat2": -0.253122290946178,
 "selfish_seat2": -0.04056690856104084,
 "worst_adversary": -0.2716201298686079,
 "worst_selfish": -0.10894447314206354
}
gaps: {'learner': np.float64(0.00068), 'free_1': np.float64(0.00182), 'free_2': np.float64(0.00174)}
