  iter 50/600  [69s]
  iter 100/600  [139s]
  iter 150/600  [208s]
  iter 200/600  [278s]
  iter 250/600  [348s]
  iter 300/600  [419s]
  iter 350/600  [489s]
  iter 400/600  [559s]
  iter 450/600  [627s]
  iter 500/600  [694s]
  iter 550/600  [762s]
  iter 600/600  [830s]
{
 "pair": "OF",
 "alpha": 0.35,
 "seat": 1,
 "p": 0.9,
 "restrict": "independent",
 "free": "selfish",
 "iters": 600,
 "vs_biased": 1.071619353492265,
 "adversary_seat0": -0.32745254656577266,
 "selfish_seat0": -0.052570083673907794,
 "adversary_seat2": -1.465389467275732,
 "selfish_seat2": -1.0819512648915288,
 "worst_adversary": -1.465389467275732,
 "worst_selfish": -1.0819512648915288
}
gaps: {'learner': np.float64(0.0001), 'free_0': np.float64(0.00038), 'free_2': np.float64(0.00038)}
