  iter 50/600  [78s]
  iter 100/600  [155s]
  iter 150/600  [233s]
  iter 200/600  [310s]
  iter 250/600  [388s]
  iter 300/600  [465s]
  iter 350/600  [543s]
  iter 400/600  [621s]
  iter 450/600  [698s]
  iter 500/600  [776s]
  iter 550/600  [853s]
  iter 600/600  [930s]
{
 "pair": "OR",
 "alpha": 0.35,
 "seat": 0,
 "p": 0.0,
 "restrict": "independent",
 "free": "selfish",
 "iters": 600,
 "vs_biased": 0.1475784377689081,
 "adversary_seat1": -0.4352014438487102,
 "selfish_seat1": -0.22694688612426922,
 "adversary_seat2": -0.25418180780171273,
 "selfish_seat2": 0.17879012939877384,
 "worst_adversary": -0.4352014438487102,
 "worst_selfish": -0.22694688612426922
}
gaps: {'learner': np.float64(0.00281), 'free_1': np.float64(0.00363), 'free_2': np.float64(0.00316)}
