  iter 50/600  [68s]
  iter 100/600  [136s]
  iter 150/600  [205s]
  iter 200/600  [273s]
  iter 250/600  [340s]
  iter 300/600  [408s]
  iter 350/600  [476s]
  iter 400/600  [544s]
  iter 450/600  [612s]
  iter 500/600  [680s]
  iter 550/600  [748s]
  iter 600/600  [816s]
{
 "pair": "CF",
 "alpha": 0.35,
 "seat": 1,
 "p": 0.9,
 "restrict": "independent",
 "free": "selfish",
 "iters": 600,
 "vs_biased": 1.0259785450641519,
 "adversary_seat0": -0.1279837910141777,
 "selfish_seat0": 0.15829087567474376,
 "adversary_seat2": -1.194040747950779,
 "selfish_seat2": -0.9984266065363101,
 "worst_adversary": -1.194040747950779,
 "worst_selfish": -0.9984266065363101
}
gaps: {'learner': np.float64(5e-05), 'free_0': np.float64(0.00038), 'free_2': np.float64(0.0002)}
