  iter 50/600  [179s]
  iter 100/600  [356s]
  iter 150/600  [533s]
  iter 200/600  [710s]
  iter 250/600  [887s]
  iter 300/600  [1043s]
  iter 350/600  [1174s]
  iter 400/600  [1306s]
  iter 450/600  [1438s]
  iter 500/600  [1569s]
  iter 550/600  [1700s]
  iter 600/600  [1832s]
{
 "pair": "CF",
 "alpha": 0.35,
 "seat": 2,
 "p": 0.9,
 "restrict": "independent",
 "free": "selfish",
 "iters": 600,
 "vs_biased": 1.0143280703953903,
 "adversary_seat0": -0.06196988976252532,
 "selfish_seat0": 0.20049766382141357,
 "adversary_seat1": -1.0453663124788755,
 "selfish_seat1": -0.9164234016435266,
 "worst_adversary": -1.0453663124788755,
 "worst_selfish": -0.9164234016435266
}
gaps: {'learner': np.float64(0.00018), 'free_0': np.float64(0.00126), 'free_1': np.float64(0.00117)}

