  iter 50/600  [98s]
  iter 100/600  [195s]
  iter 150/600  [268s]
  iter 200/600  [336s]
  iter 250/600  [405s]
  iter 300/600  [473s]
  iter 350/600  [542s]
  iter 400/600  [611s]
  iter 450/600  [679s]
  iter 500/600  [748s]
  iter 550/600  [816s]
  iter 600/600  [885s]
{
 "pair": "OF",
 "alpha": 0.35,
 "seat": 0,
 "p": 0.9,
 "restrict": "independent",
 "free": "selfish",
 "iters": 600,
 "vs_biased": 0.7986361158420278,
 "adversary_seat1": -0.014420029445504134,
 "selfish_seat1": 0.45217124112506474,
 "adversary_seat2": -1.301686625518386,
 "selfish_seat2": -0.9290406577053618,
 "worst_adversary": -1.301686625518386,
 "worst_selfish": -0.9290406577053618
}
gaps: {'learner': np.float64(8e-05), 'free_1': np.float64(0.00067), 'free_2': np.float64(0.00048)}
