  iter 50/600  [70s]
  iter 100/600  [140s]
  iter 150/600  [210s]
  iter 200/600  [280s]
  iter 250/600  [350s]
  iter 300/600  [420s]
  iter 350/600  [491s]
  iter 400/600  [561s]
  iter 450/600  [632s]
  iter 500/600  [703s]
  iter 550/600  [774s]
  iter 600/600  [844s]
{
 "pair": "FR",
 "alpha": 0.1,
 "seat": 0,
 "p": 0.9,
 "restrict": "independent",
 "free": "selfish",
 "iters": 600,
 "vs_biased": 0.08918310780731198,
 "adversary_seat1": -0.381250712906901,
 "selfish_seat1": -0.03219598121552772,
 "adversary_seat2": -0.37790004806236,
 "selfish_seat2": 0.1227013073502195,
 "worst_adversary": -0.381250712906901,
 "worst_selfish": -0.03219598121552772
}
gaps: {'learner': np.float64(7e-05), 'free_1': np.float64(0.00058), 'free_2': np.float64(0.00035)}
