  iter 50/600  [239s]
  iter 100/600  [452s]
  iter 150/600  [671s]
  iter 200/600  [895s]
  iter 250/600  [1119s]
  iter 300/600  [1342s]
  iter 350/600  [1561s]
  iter 400/600  [1782s]
  iter 450/600  [2007s]
  iter 500/600  [2227s]
  iter 550/600  [2450s]
  iter 600/600  [2685s]
{
 "pair": "FF",
 "alpha": 0.1,
 "seat": 0,
 "p": 0.5,
 "restrict": "independent",
 "free": "selfish",
 "iters": 600,
 "vs_biased": -0.011964738681675469,
 "adversary_seat1": -0.22643679498167898,
 "selfish_seat1": -0.046672419703141316,
 "adversary_seat2": -0.2502747705721855,
 "selfish_seat2": -0.03833704235532148,
 "worst_adversary": -0.2502747705721855,
 "worst_selfish": -0.046672419703141316
}
gaps: {'learner': np.float64(0.00046), 'free_1': np.float64(0.00108), 'free_2': np.float64(0.00112)}
