  iter 50/600  [68s]
  iter 100/600  [137s]
  iter 150/600  [205s]
  iter 200/600  [273s]
  iter 250/600  [341s]
  iter 300/600  [409s]
  iter 350/600  [477s]
  iter 400/600  [546s]
  iter 450/600  [614s]
  iter 500/600  [683s]
  iter 550/600  [751s]
  iter 600/600  [820s]
{
 "pair": "FO",
 "alpha": 0.1,
 "seat": 0,
 "p": 0.9,
 "restrict": "independent",
 "free": "selfish",
 "iters": 600,
 "vs_biased": -0.023990529365278873,
 "adversary_seat1": -0.3612305948000083,
 "selfish_seat1": -0.2125050009293712,
 "adversary_seat2": -0.33106185057435095,
 "selfish_seat2": 0.01015438090255849,
 "worst_adversary": -0.3612305948000083,
 "worst_selfish": -0.2125050009293712
}
gaps: {'learner': np.float64(6e-05), 'free_1': np.float64(0.00042), 'free_2': np.float64(0.00092)}
