  iter 50/600  [180s]
  iter 100/600  [358s]
  iter 150/600  [536s]
  iter 200/600  [715s]
  iter 250/600  [893s]
  iter 300/600  [1072s]
  iter 350/600  [1251s]
  iter 400/600  [1430s]
  iter 450/600  [1610s]
  iter 500/600  [1792s]
  iter 550/600  [1972s]
  iter 600/600  [2156s]
{
 "pair": "FF",
 "alpha": 0.35,
 "seat": 0,
 "p": 0.75,
 "restrict": "independent",
 "free": "selfish",
 "iters": 600,
 "vs_biased": 1.4854193031690155,
 "adversary_seat1": -0.6865131810746378,
 "selfish_seat1": -0.13572517495123182,
 "adversary_seat2": -1.015130886616848,
 "selfish_seat2": -0.6227891783457735,
 "worst_adversary": -1.015130886616848,
 "worst_selfish": -0.6227891783457735
}
gaps: {'learner': np.float64(0.00021), 'free_1': np.float64(0.00144), 'free_2': np.float64(0.00097)}
