  iter 50/600  [77s]
  iter 100/600  [155s]
  iter 150/600  [234s]
  iter 200/600  [312s]
  iter 250/600  [390s]
  iter 300/600  [470s]
  iter 350/600  [549s]
  iter 400/600  [628s]
  iter 450/600  [707s]
  iter 500/600  [786s]
  iter 550/600  [866s]
  iter 600/600  [949s]
{
 "pair": "OC",
 "alpha": 0.35,
 "seat": 0,
 "p": 0.0,
 "restrict": "independent",
 "free": "selfish",
 "iters": 600,
 "vs_biased": 0.009581679035230023,
 "adversary_seat1": -0.2346501432503686,
 "selfish_seat1": -0.05964176026461568,
 "adversary_seat2": -0.25418180780171273,
 "selfish_seat2": 0.17879012939877384,
 "worst_adversary": -0.25418180780171273,
 "worst_selfish": -0.05964176026461568
}
gaps: {'learner': np.float64(0.00281), 'free_1': np.float64(0.00363), 'free_2': np.float64(0.00316)}
