  iter 50/600  [69s]
  iter 100/600  [137s]
  iter 150/600  [206s]
  iter 200/600  [274s]
  iter 250/600  [343s]
  iter 300/600  [411s]
  iter 350/600  [480s]
  iter 400/600  [548s]
  iter 450/600  [616s]
  iter 500/600  [685s]
  iter 550/600  [753s]
  iter 600/600  [821s]
{
 "pair": "OR",
 "alpha": 0.35,
 "seat": 2,
 "p": 0.9,
 "restrict": "independent",
 "free": "selfish",
 "iters": 600,
 "vs_biased": 1.4203896909889584,
 "adversary_seat0": -0.7072320475036484,
 "selfish_seat0": -0.20043061111981866,
 "adversary_seat1": -1.814884741596574,
 "selfish_seat1": -1.5870964742330287,
 "worst_adversary": -1.814884741596574,
 "worst_selfish": -1.5870964742330287
}
gaps: {'learner': np.float64(6e-05), 'free_0': np.float64(0.00022), 'free_1': np.float64(0.00025)}
