  iter 50/600  [97s]
  iter 100/600  [195s]
  iter 150/600  [292s]
  iter 200/600  [389s]
  iter 250/600  [485s]
  iter 300/600  [568s]
  iter 350/600  [636s]
  iter 400/600  [704s]
  iter 450/600  [772s]
  iter 500/600  [840s]
  iter 550/600  [908s]
  iter 600/600  [977s]
{
 "pair": "FC",
 "alpha": 0.35,
 "seat": 0,
 "p": 0.9,
 "restrict": "independent",
 "free": "selfish",
 "iters": 600,
 "vs_biased": 0.7850989231840979,
 "adversary_seat1": -1.2737193894047165,
 "selfish_seat1": -1.0355967721491086,
 "adversary_seat2": -0.4590700987652483,
 "selfish_seat2": -0.021570587578337186,
 "worst_adversary": -1.2737193894047165,
 "worst_selfish": -1.0355967721491086
}
gaps: {'learner': np.float64(0.00012), 'free_1': np.float64(0.00035), 'free_2': np.float64(0.00028)}
0028)}
