  iter 50/600  [77s]
  iter 100/600  [153s]
  iter 150/600  [230s]
  iter 200/600  [306s]
  iter 250/600  [383s]
  iter 300/600  [460s]
  iter 350/600  [536s]
  iter 400/600  [613s]
  iter 450/600  [689s]
  iter 500/600  [766s]
  iter 550/600  [842s]
  iter 600/600  [918s]
{
 "pair": "OF",
 "alpha": 0.1,
 "seat": 0,
 "p": 0.5,
 "restrict": "independent",
 "free": "selfish",
 "iters": 600,
 "vs_biased": -0.05790255967858099,
 "adversary_seat1": -0.20960624262029456,
 "selfish_seat1": -0.10198300403412598,
 "adversary_seat2": -0.29753828822583495,
 "selfish_seat2": -0.20724652591312082,
 "worst_adversary": -0.29753828822583495,
 "worst_selfish": -0.20724652591312082
}
gaps: {'learner': np.float64(0.00051), 'free_1': np.float64(0.00119), 'free_2': np.float64(0.00152)}
