  iter 50/600  [71s]
  iter 100/600  [142s]
  iter 150/600  [213s]
  iter 200/600  [284s]
  iter 250/600  [355s]
  iter 300/600  [427s]
  iter 350/600  [499s]
  iter 400/600  [570s]
  iter 450/600  [642s]
  iter 500/600  [713s]
  iter 550/600  [784s]
  iter 600/600  [855s]
{
 "pair": "FR",
 "alpha": 0.35,
 "seat": 1,
 "p": 0.9,
 "restrict": "independent",
 "free": "selfish",
 "iters": 600,
 "vs_biased": 1.082556152332165,
 "adversary_seat0": -1.0437040771365789,
 "selfish_seat0": -0.32818023565572285,
 "adversary_seat2": -1.1411365994584053,
 "selfish_seat2": -0.624040645726431,
 "worst_adversary": -1.1411365994584053,
 "worst_selfish": -0.624040645726431
}
gaps: {'learner': np.float64(9e-05), 'free_0': np.float64(0.00082), 'free_2': np.float64(0.00022)}
