  iter 50/600  [195s]
  iter 100/600  [388s]
  iter 150/600  [579s]
  iter 200/600  [770s]
  iter 250/600  [961s]
  iter 300/600  [1152s]
  iter 350/600  [1344s]
  iter 400/600  [1535s]
  iter 450/600  [1726s]
  iter 500/600  [1916s]
  iter 550/600  [2107s]
  iter 600/600  [2300s]
{
 "pair": "FF",
 "alpha": 0.35,
 "seat": 1,
 "p": 0.25,
 "restrict": "independent",
 "free": "selfish",
 "iters": 600,
 "vs_biased": 0.2918603206430842,
 "adversary_seat0": -0.07115951087549816,
 "selfish_seat0": 0.08887424101489048,
 "adversary_seat2": -0.21759443323339484,
 "selfish_seat2": -0.19183698794337145,
 "worst_adversary": -0.21759443323339484,
 "worst_selfish": -0.19183698794337145
}
gaps: {'learner': np.float64(0.00142), 'free_0': np.float64(0.00357), 'free_2': np.float64(0.0027)}

