  iter 50/600  [390s]
  iter 100/600  [783s]
  iter 150/600  [1172s]
  iter 200/600  [1565s]
  iter 250/600  [1957s]
  iter 300/600  [2350s]
  iter 350/600  [2741s]
  iter 400/600  [3132s]
  iter 450/600  [3527s]
  iter 500/600  [3918s]
  iter 550/600  [4310s]
  iter 600/600  [4701s]
{
 "pair": "OR",
 "alpha": 0.35,
 "seat": 2,
 "p": 0.25,
 "restrict": "independent",
 "free": "selfish",
 "iters": 600,
 "vs_biased": 0.6856574570654553,
 "adversary_seat0": -0.05821180219553813,
 "selfish_seat0": 0.39998669859035074,
 "adversary_seat1": -0.23823457340402485,
 "selfish_seat1": -0.022816479874443643,
 "worst_adversary": -0.23823457340402485,
 "worst_selfish": -0.022816479874443643
}
gaps: {'learner': np.float64(0.00104), 'free_0': np.float64(0.00135), 'free_1': np.float64(0.00188)}
