  iter 50/600  [187s]
  iter 100/600  [382s]
  iter 150/600  [532s]
  iter 200/600  [723s]
  iter 250/600  [880s]
  iter 300/600  [1052s]
  iter 350/600  [1215s]
  iter 400/600  [1372s]
  iter 450/600  [1541s]
  iter 500/600  [1683s]
  iter 550/600  [1841s]
  iter 600/600  [2026s]
{
 "pair": "FF",
 "alpha": 0.35,
 "seat": 2,
 "p": 0.25,
 "restrict": "independent",
 "free": "selfish",
 "iters": 600,
 "vs_biased": 0.4663227690346602,
 "adversary_seat0": 0.09059645376902666,
 "selfish_seat0": 0.1946571743305384,
 "adversary_seat1": 0.01354100484178894,
 "selfish_seat1": 0.08662515673538018,
 "worst_adversary": 0.01354100484178894,
 "worst_selfish": 0.08662515673538018
}
gaps: {'learner': np.float64(0.00154), 'free_0': np.float64(0.00161), 'free_1': np.float64(0.00193)}
