  iter 50/600  [68s]
  iter 100/600  [137s]
  iter 150/600  [205s]
  iter 200/600  [272s]
  iter 250/600  [341s]
  iter 300/600  [408s]
  iter 350/600  [476s]
  iter 400/600  [544s]
  iter 450/600  [613s]
  iter 500/600  [682s]
  iter 550/600  [750s]
  iter 600/600  [819s]
{
 "pair": "RF",
 "alpha": 0.1,
 "seat": 0,
 "p": 0.5,
 "restrict": "independent",
 "free": "selfish",
 "iters": 600,
 "vs_biased": 0.02286523100918586,
 "adversary_seat1": -0.20939698226431502,
 "selfish_seat1": -0.11990455626019388,
 "adversary_seat2": -0.21044857108594647,
 "selfish_seat2": 0.026357112693768947,
 "worst_adversary": -0.21044857108594647,
 "worst_selfish": -0.11990455626019388
}
gaps: {'learner': np.float64(0.00057), 'free_1': np.float64(0.00123), 'free_2': np.float64(0.00147)}
