  iter 50/600  [69s]
  iter 100/600  [137s]
  iter 150/600  [205s]
  iter 200/600  [273s]
  iter 250/600  [342s]
  iter 300/600  [410s]
  iter 350/600  [479s]
  iter 400/600  [548s]
  iter 450/600  [617s]
  iter 500/600  [686s]
  iter 550/600  [754s]
  iter 600/600  [824s]
{
 "pair": "OF",
 "alpha": 0.35,
 "seat": 1,
 "p": 0.5,
 "restrict": "independent",
 "free": "selfish",
 "iters": 600,
 "vs_biased": 0.2928230035426417,
 "adversary_seat0": -0.0660878659184154,
 "selfish_seat0": 0.04653040736000316,
 "adversary_seat2": -0.38705354422907334,
 "selfish_seat2": -0.08489464027388852,
 "worst_adversary": -0.38705354422907334,
 "worst_selfish": -0.08489464027388852
}
gaps: {'learner': np.float64(0.00059), 'free_0': np.float64(0.00089), 'free_2': np.float64(0.00065)}
