  iter 50/600  [69s]
  iter 100/600  [138s]
  iter 150/600  [208s]
  iter 200/600  [277s]
  iter 250/600  [347s]
  iter 300/600  [416s]
  iter 350/600  [485s]
  iter 400/600  [554s]
  iter 450/600  [624s]
  iter 500/600  [695s]
  iter 550/600  [765s]
  iter 600/600  [836s]
{
 "pair": "FR",
 "alpha": 0.1,
 "seat": 0,
 "p": 0.5,
 "restrict": "independent",
 "free": "selfish",
 "iters": 600,
 "vs_biased": 0.02220416937698777,
 "adversary_seat1": -0.3060155815262176,
 "selfish_seat1": -0.11497758086087163,
 "adversary_seat2": -0.22939741484989346,
 "selfish_seat2": 0.11135114122107065,
 "worst_adversary": -0.3060155815262176,
 "worst_selfish": -0.11497758086087163
}
gaps: {'learner': np.float64(0.00065), 'free_1': np.float64(0.00129), 'free_2': np.float64(0.00086)}
