  iter 50/600  [265s]
  iter 100/600  [505s]
  iter 150/600  [718s]
  iter 200/600  [938s]
  iter 250/600  [1162s]
  iter 300/600  [1387s]
  iter 350/600  [1611s]
  iter 400/600  [1833s]
  iter 450/600  [2055s]
  iter 500/600  [2280s]
  iter 550/600  [2501s]
  iter 600/600  [2724s]
{
 "pair": "RF",
 "alpha": 0.35,
 "seat": 0,
 "p": 0.25,
 "restrict": "independent",
 "free": "selfish",
 "iters": 600,
 "vs_biased": 0.39320223447254216,
 "adversary_seat1": -0.1826285442637424,
 "selfish_seat1": -0.1169042035466923,
 "adversary_seat2": -0.28267174405082596,
 "selfish_seat2": -0.0980499166240639,
 "worst_adversary": -0.28267174405082596,
 "worst_selfish": -0.1169042035466923
}
gaps: {'learner': np.float64(0.00158), 'free_1': np.float64(0.00218), 'free_2': np.float64(0.00204)}
