  iter 50/600  [229s]
  iter 100/600  [458s]
  iter 150/600  [639s]
  iter 200/600  [818s]
  iter 250/600  [999s]
  iter 300/600  [1178s]
  iter 350/600  [1356s]
  iter 400/600  [1536s]
  iter 450/600  [1716s]
  iter 500/600  [1895s]
  iter 550/600  [2074s]
  iter 600/600  [2253s]
{
 "pair": "CC",
 "alpha": 0.35,
 "seat": 0,
 "p": 0.75,
 "restrict": "independent",
 "free": "selfish",
 "iters": 600,
 "vs_biased": 0.48285532977203305,
 "adversary_seat1": -0.26495819530492404,
 "selfish_seat1": -0.017323621712167697,
 "adversary_seat2": -0.17112265402172,
 "selfish_seat2": -0.011606811621132557,
 "worst_adversary": -0.26495819530492404,
 "worst_selfish": -0.017323621712167697
}
gaps: {'learner': np.float64(0.00018), 'free_1': np.float64(0.00037), 'free_2': np.float64(0.00036)}
