  iter 50/600  [182s]
  iter 100/600  [369s]
  iter 150/600  [553s]
  iter 200/600  [736s]
  iter 250/600  [922s]
  iter 300/600  [1107s]
  iter 350/600  [1290s]
  iter 400/600  [1476s]
  iter 450/600  [1660s]
  iter 500/600  [1847s]
  iter 550/600  [2082s]
  iter 600/600  [2371s]
{
 "pair": "RO",
 "alpha": 0.35,
 "seat": 2,
 "p": 0.9,
 "restrict": "independent",
 "free": "selfish",
 "iters": 600,
 "vs_biased": 1.44025670457288,
 "adversary_seat0": -1.4892386588242335,
 "selfish_seat0": -0.9692269048449513,
 "adversary_seat1": -0.26160336335729506,
 "selfish_seat1": 0.10128185219064868,
 "worst_adversary": -1.4892386588242335,
 "worst_selfish": -0.9692269048449513
}
gaps: {'learner': np.float64(8e-05), 'free_0': np.float64(0.00052), 'free_1': np.float64(0.00046)}
