  iter 50/600  [192s]
  iter 100/600  [385s]
  iter 150/600  [577s]
  iter 200/600  [769s]
  iter 250/600  [961s]
  iter 300/600  [1153s]
  iter 350/600  [1346s]
  iter 400/600  [1537s]
  iter 450/600  [1729s]
  iter 500/600  [1920s]
  iter 550/600  [2112s]
  iter 600/600  [2303s]
{
 "pair": "CO",
 "alpha": 0.35,
 "seat": 0,
 "p": 0.9,
 "restrict": "independent",
 "free": "selfish",
 "iters": 600,
 "vs_biased": 0.2429785952882006,
 "adversary_seat1": -0.6233888995780474,
 "selfish_seat1": -0.16667365827818,
 "adversary_seat2": -0.35814127770900817,
 "selfish_seat2": -0.1845304828526311,
 "worst_adversary": -0.6233888995780474,
 "worst_selfish": -0.1845304828526311
}
gaps: {'learner': np.float64(4e-05), 'free_1': np.float64(0.00033), 'free_2': np.float64(0.00035)}
