  iter 50/600  [191s]
  iter 100/600  [382s]
  iter 150/600  [573s]
  iter 200/600  [762s]
  iter 250/600  [950s]
  iter 300/600  [1138s]
  iter 350/600  [1326s]
  iter 400/600  [1505s]
  iter 450/600  [1679s]
  iter 500/600  [1853s]
  iter 550/600  [2028s]
  iter 600/600  [2204s]
{
 "pair": "FC",
 "alpha": 0.35,
 "seat": 0,
 "p": 0.5,
 "restrict": "independent",
 "free": "selfish",
 "iters": 600,
 "vs_biased": 0.3441470768136854,
 "adversary_seat1": -0.23378957384211735,
 "selfish_seat1": -0.02624575462338047,
 "adversary_seat2": -0.18310915351628954,
 "selfish_seat2": 0.1158026974063936,
 "worst_adversary": -0.23378957384211735,
 "worst_selfish": -0.02624575462338047
}
gaps: {'learner': np.float64(0.00059), 'free_1': np.float64(0.00121), 'free_2': np.float64(0.00151)}
