  iter 50/600  [234s]
  iter 100/600  [471s]
  iter 150/600  [716s]
  iter 200/600  [925s]
  iter 250/600  [1132s]
  iter 300/600  [1331s]
  iter 350/600  [1516s]
  iter 400/600  [1697s]
  iter 450/600  [1876s]
  iter 500/600  [2057s]
  iter 550/600  [2237s]
  iter 600/600  [2418s]
{
 "pair": "RO",
 "alpha": 0.35,
 "seat": 2,
 "p": 0.5,
 "restrict": "independent",
 "free": "selfish",
 "iters": 600,
 "vs_biased": 0.86709071926728,
 "adversary_seat0": -0.2127660023998329,
 "selfish_seat0": -0.1851225540783638,
 "adversary_seat1": 0.017244444017674818,
 "selfish_seat1": 0.5531551460845722,
 "worst_adversary": -0.2127660023998329,
 "worst_selfish": -0.1851225540783638
}
gaps: {'learner': np.float64(0.00045), 'free_0': np.float64(0.00089), 'free_1': np.float64(0.00103)}

