  iter 50/600  [29s]
  iter 100/600  [58s]
  iter 150/600  [87s]
  iter 200/600  [115s]
  iter 250/600  [144s]
  iter 300/600  [173s]
  iter 350/600  [202s]
  iter 400/600  [230s]
  iter 450/600  [259s]
  iter 500/600  [288s]
  iter 550/600  [317s]
  iter 600/600  [346s]
{
 "pair": "RR",
 "alpha": 0.35,
 "seat": 1,
 "p": 0.0,
 "restrict": "independent",
 "free": "selfish",
 "iters": 600,
 "vs_biased": 0.23304054767114574,
 "adversary_seat0": -0.24646422499500575,
 "selfish_seat0": -0.02408091017915643,
 "adversary_seat2": -0.37154628487590213,
 "selfish_seat2": -0.15681242026467146,
 "worst_adversary": -0.37154628487590213,
 "worst_selfish": -0.15681242026467146
}
gaps: {'learner': np.float64(0.00113), 'free_0': np.float64(0.00095), 'free_2': np.float64(0.00114)}
