  iter 50/600  [241s]
  iter 100/600  [481s]
  iter 150/600  [721s]
  iter 200/600  [962s]
  iter 250/600  [1201s]
  iter 300/600  [1441s]
  iter 350/600  [1681s]
  iter 400/600  [1921s]
  iter 450/600  [2161s]
  iter 500/600  [2401s]
  iter 550/600  [2641s]
  iter 600/600  [2880s]
{
 "pair": "FR",
 "alpha": 0.35,
 "seat": 2,
 "p": 0.5,
 "restrict": "independent",
 "free": "selfish",
 "iters": 600,
 "vs_biased": 1.0241022062452416,
 "adversary_seat0": -0.006443938710460617,
 "selfish_seat0": 0.583401237051536,
 "adversary_seat1": 0.01638547390117695,
 "selfish_seat1": 0.12601939709510715,
 "worst_adversary": -0.006443938710460617,
 "worst_selfish": 0.12601939709510715
}
gaps: {'learner': np.float64(0.00056), 'free_0': np.float64(0.00073), 'free_1': np.float64(0.00087)}
