  iter 50/600  [69s]
  iter 100/600  [136s]
  iter 150/600  [204s]
  iter 200/600  [272s]
  iter 250/600  [339s]
  iter 300/600  [407s]
  iter 350/600  [475s]
  iter 400/600  [543s]
  iter 450/600  [612s]
  iter 500/600  [680s]
  iter 550/600  [749s]
  iter 600/600  [817s]
{
 "pair": "OC",
 "alpha": 0.35,
 "seat": 2,
 "p": 0.5,
 "restrict": "independent",
 "free": "selfish",
 "iters": 600,
 "vs_biased": 0.5153661442546216,
 "adversary_seat0": -0.13804814697437484,
 "selfish_seat0": 0.017089569515672823,
 "adversary_seat1": -0.23754623650310272,
 "selfish_seat1": 0.11292927106606712,
 "worst_adversary": -0.23754623650310272,
 "worst_selfish": 0.017089569515672823
}
gaps: {'learner': np.float64(0.00062), 'free_0': np.float64(0.0014), 'free_1': np.float64(0.0011)}
