  iter 50/600  [69s]
  iter 100/600  [137s]
  iter 150/600  [206s]
  iter 200/600  [275s]
  iter 250/600  [343s]
  iter 300/600  [410s]
  iter 350/600  [478s]
  iter 400/600  [546s]
  iter 450/600  [613s]
  iter 500/600  [681s]
  iter 550/600  [749s]
  iter 600/600  [817s]
{
 "pair": "CO",
 "alpha": 0.35,
 "seat": 1,
 "p": 0.9,
 "restrict": "independent",
 "free": "selfish",
 "iters": 600,
 "vs_biased": 0.4284993249163082,
 "adversary_seat0": -0.7483089262270288,
 "selfish_seat0": -0.14599033073343,
 "adversary_seat2": -0.4551951969746777,
 "selfish_seat2": 0.0036347422305400556,
 "worst_adversary": -0.7483089262270288,
 "worst_selfish": -0.14599033073343
}
gaps: {'learner': np.float64(4e-05), 'free_0': np.float64(0.00018), 'free_2': np.float64(0.00032)}
