  iter 50/600  [391s]
  iter 100/600  [784s]
  iter 150/600  [1173s]
  iter 200/600  [1565s]
  iter 250/600  [1956s]
  iter 300/600  [2349s]
  iter 350/600  [2741s]
  iter 400/600  [3131s]
  iter 450/600  [3526s]
  iter 500/600  [3917s]
  iter 550/600  [4309s]
  iter 600/600  [4698s]
{
 "pair": "RO",
 "alpha": 0.35,
 "seat": 2,
 "p": 0.1,
 "restrict": "independent",
 "free": "selfish",
 "iters": 600,
 "vs_biased": 0.5083521218366124,
 "adversary_seat0": -0.011691598852395152,
 "selfish_seat0": 0.07592417392879285,
 "adversary_seat1": -0.2041556847887007,
 "selfish_seat1": 0.26167391994322103,
 "worst_adversary": -0.2041556847887007,
 "worst_selfish": 0.07592417392879285
}
gaps: {'learner': np.float64(0.0016), 'free_0': np.float64(0.00119), 'free_1': np.float64(0.00071)}
