  iter 50/600  [183s]
  iter 100/600  [372s]
  iter 150/600  [558s]
  iter 200/600  [743s]
  iter 250/600  [931s]
  iter 300/600  [1119s]
  iter 350/600  [1306s]
  iter 400/600  [1493s]
  iter 450/600  [1679s]
  iter 500/600  [1867s]
  iter 550/600  [2101s]
  iter 600/600  [2394s]
{
 "pair": "OC",
 "alpha": 0.35,
 "seat": 2,
 "p": 0.9,
 "restrict": "independent",
 "free": "selfish",
 "iters": 600,
 "vs_biased": 0.6124387512182111,
 "adversary_seat0": -0.042550264676379845,
 "selfish_seat0": 0.32309214104414324,
 "adversary_seat1": -0.514227972541345,
 "selfish_seat1": 0.1745353322117033,
 "worst_adversary": -0.514227972541345,
 "worst_selfish": 0.1745353322117033
}
gaps: {'learner': np.float64(3e-05), 'free_0': np.float64(0.00038), 'free_1': np.float64(0.00024)}
