  iter 50/600  [84s]
  iter 100/600  [168s]
  iter 150/600  [251s]
  iter 200/600  [334s]
  iter 250/600  [418s]
  iter 300/600  [501s]
  iter 350/600  [584s]
  iter 400/600  [668s]
  iter 450/600  [752s]
  iter 500/600  [835s]
  iter 550/600  [919s]
  iter 600/600  [1002s]
{
 "pair": "CO",
 "alpha": 0.35,
 "seat": 0,
 "p": 0.0,
 "restrict": "independent",
 "free": "selfish",
 "iters": 600,
 "vs_biased": -0.0019511888088172835,
 "adversary_seat1": -0.33734956708420466,
 "selfish_seat1": -0.02523999547797487,
 "adversary_seat2": -0.26170248838313437,
 "selfish_seat2": -0.21791566337589582,
 "worst_adversary": -0.33734956708420466,
 "worst_selfish": -0.21791566337589582
}
gaps: {'learner': np.float64(0.00281), 'free_1': np.float64(0.00363), 'free_2': np.float64(0.00316)}
