  iter 50/600  [403s]
  iter 100/600  [801s]
  iter 150/600  [1203s]
  iter 200/600  [1597s]
  iter 250/600  [1997s]
  iter 300/600  [2393s]
  iter 350/600  [2791s]
  iter 400/600  [3189s]
  iter 450/600  [3588s]
  iter 500/600  [3985s]
  iter 550/600  [4383s]
  iter 600/600  [4775s]
{
 "pair": "OF",
 "alpha": 0.1,
 "seat": 0,
 "p": 0.1,
 "restrict": "independent",
 "free": "selfish",
 "iters": 600,
 "vs_biased": -0.06820903962311167,
 "adversary_seat1": -0.2856236925580388,
 "selfish_seat1": -0.14479966676065342,
 "adversary_seat2": -0.29090153914233546,
 "selfish_seat2": -0.12645445990525211,
 "worst_adversary": -0.29090153914233546,
 "worst_selfish": -0.14479966676065342
}
gaps: {'learner': np.float64(0.00269), 'free_1': np.float64(0.00368), 'free_2': np.float64(0.00482)}
