  iter 50/600  [69s]
  iter 100/600  [153s]
  iter 150/600  [238s]
  iter 200/600  [323s]
  iter 250/600  [412s]
  iter 300/600  [509s]
  iter 350/600  [602s]
  iter 400/600  [698s]
  iter 450/600  [797s]
  iter 500/600  [893s]
  iter 550/600  [987s]
  iter 600/600  [1083s]
{
 "pair": "RR",
 "alpha": 0.35,
 "seat": 0,
 "p": 0.0,
 "restrict": "independent",
 "free": "selfish",
 "iters": 600,
 "vs_biased": 0.13588157685452404,
 "adversary_seat1": -0.4352014438487102,
 "selfish_seat1": -0.22694688612426922,
 "adversary_seat2": -0.39761420354558114,
 "selfish_seat2": -0.14468866396323649,
 "worst_adversary": -0.4352014438487102,
 "worst_selfish": -0.22694688612426922
}
gaps: {'learner': np.float64(0.00281), 'free_1': np.float64(0.00363), 'free_2': np.float64(0.00316)}
