  iter 50/600  [31s]
  iter 100/600  [61s]
  iter 150/600  [92s]
  iter 200/600  [123s]
  iter 250/600  [153s]
  iter 300/600  [184s]
  iter 350/600  [215s]
  iter 400/600  [245s]
  iter 450/600  [276s]
  iter 500/600  [307s]
  iter 550/600  [338s]
  iter 600/600  [368s]
{
 "pair": "RF",
 "alpha": 0.35,
 "seat": 1,
 "p": 0.0,
 "restrict": "independent",
 "free": "selfish",
 "iters": 600,
 "vs_biased": 0.31465852046800674,
 "adversary_seat0": -0.10128481507643361,
 "selfish_seat0": 0.049118661368096665,
 "adversary_seat2": -0.37154628487590213,
 "selfish_seat2": -0.15681242026467146,
 "worst_adversary": -0.37154628487590213,
 "worst_selfish": -0.15681242026467146
}
gaps: {'learner': np.float64(0.00113), 'free_0': np.float64(0.00095), 'free_2': np.float64(0.00114)}
