  iter 50/600  [69s]
  iter 100/600  [137s]
  iter 150/600  [205s]
  iter 200/600  [272s]
  iter 250/600  [340s]
  iter 300/600  [408s]
  iter 350/600  [476s]
  iter 400/600  [544s]
  iter 450/600  [611s]
  iter 500/600  [679s]
  iter 550/600  [747s]
  iter 600/600  [815s]
{
 "pair": "FO",
 "alpha": 0.1,
 "seat": 0,
 "p": 0.5,
 "restrict": "independent",
 "free": "selfish",
 "iters": 600,
 "vs_biased": -0.05541411492844833,
 "adversary_seat1": -0.36956953822227523,
 "selfish_seat1": -0.12717162710163937,
 "adversary_seat2": -0.2508431680569091,
 "selfish_seat2": 0.14475612127461696,
 "worst_adversary": -0.36956953822227523,
 "worst_selfish": -0.12717162710163937
}
gaps: {'learner': np.float64(0.00042), 'free_1': np.float64(0.00108), 'free_2': np.float64(0.00119)}
