  iter 50/600  [394s]
  iter 100/600  [789s]
  iter 150/600  [1184s]
  iter 200/600  [1576s]
  iter 250/600  [1973s]
  iter 300/600  [2369s]
  iter 350/600  [2764s]
  iter 400/600  [3161s]
  iter 450/600  [3555s]
  iter 500/600  [3947s]
  iter 550/600  [4338s]
  iter 600/600  [4729s]
{
 "pair": "OR",
 "alpha": 0.1,
 "seat": 0,
 "p": 0.1,
 "restrict": "independent",
 "free": "selfish",
 "iters": 600,
 "vs_biased": -0.028539817273837226,
 "adversary_seat1": -0.34691441608189005,
 "selfish_seat1": -0.15151534449201848,
 "adversary_seat2": -0.26614372100965583,
 "selfish_seat2": 0.1655620982397469,
 "worst_adversary": -0.34691441608189005,
 "worst_selfish": -0.15151534449201848
}
gaps: {'learner': np.float64(0.00289), 'free_1': np.float64(0.00433), 'free_2': np.float64(0.00759)}
