  iter 50/600  [70s]
  iter 100/600  [140s]
  iter 150/600  [210s]
  iter 200/600  [279s]
  iter 250/600  [348s]
  iter 300/600  [417s]
  iter 350/600  [487s]
  iter 400/600  [556s]
  iter 450/600  [625s]
  iter 500/600  [694s]
  iter 550/600  [764s]
  iter 600/600  [834s]
{
 "pair": "CO",
 "alpha": 0.1,
 "seat": 0,
 "p": 0.9,
 "restrict": "independent",
 "free": "selfish",
 "iters": 600,
 "vs_biased": -0.028515969770504718,
 "adversary_seat1": -0.4034427033318039,
 "selfish_seat1": -0.16000305619841637,
 "adversary_seat2": -0.25176541259952695,
 "selfish_seat2": 0.08048743386764762,
 "worst_adversary": -0.4034427033318039,
 "worst_selfish": -0.16000305619841637
}
gaps: {'learner': np.float64(0.0001), 'free_1': np.float64(0.00049), 'free_2': np.float64(0.00069)}
