  iter 50/600  [191s]
  iter 100/600  [381s]
  iter 150/600  [572s]
  iter 200/600  [762s]
  iter 250/600  [953s]
  iter 300/600  [1147s]
  iter 350/600  [1339s]
  iter 400/600  [1531s]
  iter 450/600  [1723s]
  iter 500/600  [1914s]
  iter 550/600  [2106s]
  iter 600/600  [2298s]
{
 "pair": "RC",
 "alpha": 0.35,
 "seat": 0,
 "p": 0.9,
 "restrict": "independent",
 "free": "selfish",
 "iters": 600,
 "vs_biased": 0.8495460289532366,
 "adversary_seat1": -0.6487094235680081,
 "selfish_seat1": -0.5695588485342064,
 "adversary_seat2": -0.41929854687423873,
 "selfish_seat2": 0.16575830434237807,
 "worst_adversary": -0.6487094235680081,
 "worst_selfish": -0.5695588485342064
}
gaps: {'learner': np.float64(5e-05), 'free_1': np.float64(8e-05), 'free_2': np.float64(0.00024)}
