  iter 50/600  [391s]
  iter 100/600  [784s]
  iter 150/600  [1173s]
  iter 200/600  [1565s]
  iter 250/600  [1956s]
  iter 300/600  [2351s]
  iter 350/600  [2743s]
  iter 400/600  [3134s]
  iter 450/600  [3528s]
  iter 500/600  [3919s]
  iter 550/600  [4311s]
  iter 600/600  [4702s]
{
 "pair": "RO",
 "alpha": 0.35,
 "seat": 2,
 "p": 0.25,
 "restrict": "independent",
 "free": "selfish",
 "iters": 600,
 "vs_biased": 0.6914252695549193,
 "adversary_seat0": -0.13665872978533206,
 "selfish_seat0": 0.24486520924239075,
 "adversary_seat1": -0.19118933311770236,
 "selfish_seat1": 0.3244742268974593,
 "worst_adversary": -0.19118933311770236,
 "worst_selfish": 0.24486520924239075
}
gaps: {'learner': np.float64(0.00108), 'free_0': np.float64(0.00104), 'free_1': np.float64(0.00108)}
