  iter 50/600  [266s]
  iter 100/600  [493s]
  iter 150/600  [727s]
  iter 200/600  [964s]
  iter 250/600  [1221s]
  iter 300/600  [1490s]
  iter 350/600  [1742s]
  iter 400/600  [1972s]
  iter 450/600  [2201s]
  iter 500/600  [2385s]
  iter 550/600  [2563s]
  iter 600/600  [2742s]
{
 "pair": "FF",
 "alpha": 0.35,
 "seat": 0,
 "p": 0.5,
 "restrict": "independent",
 "free": "selfish",
 "iters": 600,
 "vs_biased": 0.48017071379890797,
 "adversary_seat1": -0.0032080245502907334,
 "selfish_seat1": 0.18172883502644932,
 "adversary_seat2": -0.3123971273077969,
 "selfish_seat2": -0.05598760053739371,
 "worst_adversary": -0.3123971273077969,
 "worst_selfish": -0.05598760053739371
}
gaps: {'learner': np.float64(0.00062), 'free_1': np.float64(0.00146), 'free_2': np.float64(0.00174)}
