  iter 50/600  [30s]
  iter 100/600  [59s]
  iter 150/600  [88s]
  iter 200/600  [117s]
  iter 250/600  [146s]
  iter 300/600  [176s]
  iter 350/600  [205s]
  iter 400/600  [234s]
  iter 450/600  [263s]
  iter 500/600  [292s]
  iter 550/600  [322s]
  iter 600/600  [351s]
{
 "pair": "FR",
 "alpha": 0.35,
 "seat": 1,
 "p": 0.0,
 "restrict": "independent",
 "free": "selfish",
 "iters": 600,
 "vs_biased": 0.18097550259622194,
 "adversary_seat0": -0.24646422499500575,
 "selfish_seat0": -0.02408091017915643,
 "adversary_seat2": -0.14498823888419637,
 "selfish_seat2": -0.13243492514941382,
 "worst_adversary": -0.24646422499500575,
 "worst_selfish": -0.13243492514941382
}
gaps: {'learner': np.float64(0.00113), 'free_0': np.float64(0.00095), 'free_2': np.float64(0.00114)}
