  iter 50/600  [179s]
  iter 100/600  [358s]
  iter 150/600  [537s]
  iter 200/600  [718s]
  iter 250/600  [899s]
  iter 300/600  [1080s]
  iter 350/600  [1259s]
  iter 400/600  [1440s]
  iter 450/600  [1622s]
  iter 500/600  [1804s]
  iter 550/600  [1986s]
  iter 600/600  [2176s]
{
 "pair": "OC",
 "alpha": 0.35,
 "seat": 0,
 "p": 0.9,
 "restrict": "independent",
 "free": "selfish",
 "iters": 600,
 "vs_biased": 0.30673635873361255,
 "adversary_seat1": -0.26023090984463093,
 "selfish_seat1": -0.1344574172973502,
 "adversary_seat2": -0.38824832901685513,
 "selfish_seat2": 0.12916773248211758,
 "worst_adversary": -0.38824832901685513,
 "worst_selfish": -0.1344574172973502
}
gaps: {'learner': np.float64(0.00012), 'free_1': np.float64(0.00058), 'free_2': np.float64(0.00092)}
