  iter 50/600  [192s]
  iter 100/600  [383s]
  iter 150/600  [573s]
  iter 200/600  [762s]
  iter 250/600  [951s]
  iter 300/600  [1139s]
  iter 350/600  [1319s]
  iter 400/600  [1495s]
  iter 450/600  [1670s]
  iter 500/600  [1846s]
  iter 550/600  [2019s]
  iter 600/600  [2117s]
{
 "pair": "FO",
 "alpha": 0.35,
 "seat": 0,
 "p": 0.5,
 "restrict": "independent",
 "free": "selfish",
 "iters": 600,
 "vs_biased": 0.139476284306024,
 "adversary_seat1": -0.43592670808108797,
 "selfish_seat1": -0.3405062804426352,
 "adversary_seat2": -0.24403762025029324,
 "selfish_seat2": -0.06748555899974301,
 "worst_adversary": -0.43592670808108797,
 "worst_selfish": -0.3405062804426352
}
gaps: {'learner': np.float64(0.00048), 'free_1': np.float64(0.00126), 'free_2': np.float64(0.00132)}
