  iter 50/600  [287s]
  iter 100/600  [571s]
  iter 150/600  [856s]
  iter 200/600  [1141s]
  iter 250/600  [1397s]
  iter 300/600  [1629s]
  iter 350/600  [1862s]
  iter 400/600  [2097s]
  iter 450/600  [2334s]
  iter 500/600  [2579s]
  iter 550/600  [2789s]
  iter 600/600  [2995s]
{
 "pair": "RC",
 "alpha": 0.35,
 "seat": 2,
 "p": 0.5,
 "restrict": "independent",
 "free": "selfish",
 "iters": 600,
 "vs_biased": 1.20925042424166,
 "adversary_seat0": 0.10669693884903692,
 "selfish_seat0": 0.2413880047674407,
 "adversary_seat1": -0.12113191870784047,
 "selfish_seat1": 0.35295477635045347,
 "worst_adversary": -0.12113191870784047,
 "worst_selfish": 0.2413880047674407
}
gaps: {'learner': np.float64(0.0005), 'free_0': np.float64(0.0011), 'free_1': np.float64(0.00106)}
