  iter 50/600  [69s]
  iter 100/600  [137s]
  iter 150/600  [206s]
  iter 200/600  [274s]
  iter 250/600  [342s]
  iter 300/600  [411s]
  iter 350/600  [479s]
  iter 400/600  [548s]
  iter 450/600  [616s]
  iter 500/600  [685s]
  iter 550/600  [753s]
  iter 600/600  [822s]
{
 "pair": "RR",
 "alpha": 0.35,
 "seat": 1,
 "p": 0.5,
 "restrict": "independent",
 "free": "selfish",
 "iters": 600,
 "vs_biased": 0.8114862266421669,
 "adversary_seat0": -0.32073142006306654,
 "selfish_seat0": 0.25763662732516823,
 "adversary_seat2": 0.024857139848074472,
 "selfish_seat2": 0.39047078154172365,
 "worst_adversary": -0.32073142006306654,
 "worst_selfish": 0.25763662732516823
}
gaps: {'learner': np.float64(0.00126), 'free_0': np.float64(0.00254), 'free_2': np.float64(0.00226)}
