  iter 50/600  [392s]
  iter 100/600  [787s]
  iter 150/600  [1183s]
  iter 200/600  [1577s]
  iter 250/600  [1974s]
  iter 300/600  [2370s]
  iter 350/600  [2765s]
  iter 400/600  [3163s]
  iter 450/600  [3559s]
  iter 500/600  [3950s]
  iter 550/600  [4343s]
  iter 600/600  [4737s]
{
 "pair": "FO",
 "alpha": 0.35,
 "seat": 0,
 "p": 0.25,
 "restrict": "independent",
 "free": "selfish",
 "iters": 600,
 "vs_biased": 0.04628789542475677,
 "adversary_seat1": -0.34611453397386005,
 "selfish_seat1": -0.1418721353319514,
 "adversary_seat2": -0.19898621898792263,
 "selfish_seat2": 0.19058934494853697,
 "worst_adversary": -0.34611453397386005,
 "worst_selfish": -0.1418721353319514
}
gaps: {'learner': np.float64(0.00119), 'free_1': np.float64(0.00132), 'free_2': np.float64(0.00245)}
