  iter 50/600  [78s]
  iter 100/600  [156s]
  iter 150/600  [233s]
  iter 200/600  [313s]
  iter 250/600  [392s]
  iter 300/600  [472s]
  iter 350/600  [550s]
  iter 400/600  [628s]
  iter 450/600  [706s]
  iter 500/600  [784s]
  iter 550/600  [864s]
  iter 600/600  [950s]
{
 "pair": "RF",
 "alpha": 0.35,
 "seat": 0,
 "p": 0.0,
 "restrict": "independent",
 "free": "selfish",
 "iters": 600,
 "vs_biased": 0.119739756371945,
 "adversary_seat1": -0.19746520275246446,
 "selfish_seat1": -0.15113536909120845,
 "adversary_seat2": -0.39761420354558114,
 "selfish_seat2": -0.14468866396323649,
 "worst_adversary": -0.39761420354558114,
 "worst_selfish": -0.15113536909120845
}
gaps: {'learner': np.float64(0.00281), 'free_1': np.float64(0.00363), 'free_2': np.float64(0.00316)}
