  iter 50/600  [69s]
  iter 100/600  [137s]
  iter 150/600  [206s]
  iter 200/600  [275s]
  iter 250/600  [344s]
  iter 300/600  [412s]
  iter 350/600  [481s]
  iter 400/600  [550s]
  iter 450/600  [619s]
  iter 500/600  [687s]
  iter 550/600  [756s]
  iter 600/600  [825s]
{
 "pair": "CC",
 "alpha": 0.35,
 "seat": 1,
 "p": 0.9,
 "restrict": "independent",
 "free": "selfish",
 "iters": 600,
 "vs_biased": 0.6627809297457529,
 "adversary_seat0": -0.312417089396239,
 "selfish_seat0": 0.1592069868352904,
 "adversary_seat2": -0.6563856881116055,
 "selfish_seat2": -0.08162550848117978,
 "worst_adversary": -0.6563856881116055,
 "worst_selfish": -0.08162550848117978
}
gaps: {'learner': np.float64(4e-05), 'free_0': np.float64(0.00036), 'free_2': np.float64(0.00019)}
