  iter 50/600  [111s]
  iter 100/600  [223s]
  iter 150/600  [334s]
  iter 200/600  [444s]
  iter 250/600  [555s]
  iter 300/600  [666s]
  iter 350/600  [746s]
  iter 400/600  [822s]
  iter 450/600  [899s]
  iter 500/600  [975s]
  iter 550/600  [1051s]
  iter 600/600  [1127s]
{
 "pair": "OO",
 "alpha": 0.1,
 "seat": 0,
 "p": 0.5,
 "restrict": "independent",
 "free": "selfish",
 "iters": 600,
 "vs_biased": -0.09507996617584256,
 "adversary_seat1": -0.3559308307438954,
 "selfish_seat1": -0.1207236469564839,
 "adversary_seat2": -0.27503145467356105,
 "selfish_seat2": 0.046577294002626224,
 "worst_adversary": -0.3559308307438954,
 "worst_selfish": -0.1207236469564839
}
gaps: {'learner': np.float64(0.00034), 'free_1': np.float64(0.00085), 'free_2': np.float64(0.00125)}
