  iter 50/600  [83s]
  iter 100/600  [166s]
  iter 150/600  [250s]
  iter 200/600  [333s]
  iter 250/600  [416s]
  iter 300/600  [499s]
  iter 350/600  [583s]
  iter 400/600  [666s]
  iter 450/600  [749s]
  iter 500/600  [832s]
  iter 550/600  [915s]
  iter 600/600  [998s]
{
 "pair": "RO",
 "alpha": 0.35,
 "seat": 0,
 "p": 0.0,
 "restrict": "independent",
 "free": "selfish",
 "iters": 600,
 "vs_biased": 0.03429560854181592,
 "adversary_seat1": -0.33734956708420466,
 "selfish_seat1": -0.02523999547797487,
 "adversary_seat2": -0.39761420354558114,
 "selfish_seat2": -0.14468866396323649,
 "worst_adversary": -0.39761420354558114,
 "worst_selfish": -0.14468866396323649
}
gaps: {'learner': np.float64(0.00281), 'free_1': np.float64(0.00363), 'free_2': np.float64(0.00316)}

