  iter 50/600  [235s]
  iter 100/600  [429s]
  iter 150/600  [597s]
  iter 200/600  [773s]
  iter 250/600  [890s]
  iter 300/600  [1033s]
  iter 350/600  [1167s]
  iter 400/600  [1287s]
  iter 450/600  [1389s]
  iter 500/600  [1486s]
  iter 550/600  [1589s]
  iter 600/600  [1696s]
{
 "pair": "RF",
 "alpha": 0.35,
 "seat": 0,
 "p": 0.9,
 "restrict": "independent",
 "free": "selfish",
 "iters": 600,
 "vs_biased": 1.2555276806845472,
 "adversary_seat1": -0.8062089274650415,
 "selfish_seat1": -0.5553955419981396,
 "adversary_seat2": -1.045312003648863,
 "selfish_seat2": -0.4087163192900572,
 "worst_adversary": -1.045312003648863,
 "worst_selfish": -0.5553955419981396
}
gaps: {'learner': np.float64(5e-05), 'free_1': np.float64(0.00021), 'free_2': np.float64(0.00048)}
