  iter 50/600  [35s]
  iter 100/600  [76s]
  iter 150/600  [120s]
  iter 200/600  [170s]
  iter 250/600  [214s]
  iter 300/600  [266s]
  iter 350/600  [320s]
  iter 400/600  [364s]
  iter 450/600  [411s]
  iter 500/600  [453s]
  iter 550/600  [489s]
  iter 600/600  [524s]
{
 "pair": "OO",
 "alpha": 0.35,
 "seat": 1,
 "p": 0.0,
 "restrict": "independent",
 "free": "selfish",
 "iters": 600,
 "vs_biased": -0.01649420890282545,
 "adversary_seat0": -0.17213628195369562,
 "selfish_seat0": -0.06929510003981287,
 "adversary_seat2": -0.2795921894834865,
 "selfish_seat2": -0.1094931885255926,
 "worst_adversary": -0.2795921894834865,
 "worst_selfish": -0.1094931885255926
}
gaps: {'learner': np.float64(0.00113), 'free_0': np.float64(0.00095), 'free_2': np.float64(0.00114)}
