  iter 50/600  [132s]
  iter 100/600  [263s]
  iter 150/600  [394s]
  iter 200/600  [525s]
  iter 250/600  [656s]
  iter 300/600  [769s]
  iter 350/600  [838s]
  iter 400/600  [906s]
  iter 450/600  [974s]
  iter 500/600  [1041s]
  iter 550/600  [1109s]
  iter 600/600  [1176s]
{
 "pair": "FO",
 "alpha": 0.35,
 "seat": 2,
 "p": 0.5,
 "restrict": "independent",
 "free": "selfish",
 "iters": 600,
 "vs_biased": 0.344542427598508,
 "adversary_seat0": -0.23446442420129326,
 "selfish_seat0": -0.059692799831352235,
 "adversary_seat1": 0.07528636026919433,
 "selfish_seat1": 0.18483803410901517,
 "worst_adversary": -0.23446442420129326,
 "worst_selfish": -0.059692799831352235
}
gaps: {'learner': np.float64(0.00079), 'free_0': np.float64(0.00093), 'free_1': np.float64(0.00097)}

