  iter 50/600  [180s]
  iter 100/600  [359s]
  iter 150/600  [539s]
  iter 200/600  [718s]
  iter 250/600  [896s]
  iter 300/600  [1075s]
  iter 350/600  [1254s]
  iter 400/600  [1432s]
  iter 450/600  [1611s]
  iter 500/600  [1790s]
  iter 550/600  [1969s]
  iter 600/600  [2148s]
{
 "pair": "RF",
 "alpha": 0.35,
 "seat": 0,
 "p": 0.5,
 "restrict": "independent",
 "free": "selfish",
 "iters": 600,
 "vs_biased": 0.7116889715901933,
 "adversary_seat1": -0.24185965564936915,
 "selfish_seat1": -0.1015338440479161,
 "adversary_seat2": -0.29815533878074985,
 "selfish_seat2": 0.053929370895310635,
 "worst_adversary": -0.29815533878074985,
 "worst_selfish": -0.1015338440479161
}
gaps: {'learner': np.float64(0.0005), 'free_1': np.float64(0.00092), 'free_2': np.float64(0.00146)}
