  iter 50/600  [191s]
  iter 100/600  [381s]
  iter 150/600  [570s]
  iter 200/600  [761s]
  iter 250/600  [951s]
  iter 300/600  [1141s]
  iter 350/600  [1332s]
  iter 400/600  [1523s]
  iter 450/600  [1714s]
  iter 500/600  [1905s]
  iter 550/600  [2096s]
  iter 600/600  [2287s]
{
 "pair": "FF",
 "alpha": 0.35,
 "seat": 2,
 "p": 0.5,
 "restrict": "independent",
 "free": "selfish",
 "iters": 600,
 "vs_biased": 0.7275228595147532,
 "adversary_seat0": 0.047307638979534106,
 "selfish_seat0": 0.2812399216882704,
 "adversary_seat1": -0.0021967775841617854,
 "selfish_seat1": 0.10683221300441946,
 "worst_adversary": -0.0021967775841617854,
 "worst_selfish": 0.10683221300441946
}
gaps: {'learner': np.float64(0.00056), 'free_0': np.float64(0.00067), 'free_1': np.float64(0.001)}
