  iter 50/600  [402s]
  iter 100/600  [799s]
  iter 150/600  [1199s]
  iter 200/600  [1592s]
  iter 250/600  [1991s]
  iter 300/600  [2385s]
  iter 350/600  [2783s]
  iter 400/600  [3180s]
  iter 450/600  [3578s]
  iter 500/600  [3975s]
  iter 550/600  [4373s]
  iter 600/600  [4765s]
{
 "pair": "FO",
 "alpha": 0.1,
 "seat": 0,
 "p": 0.25,
 "restrict": "independent",
 "free": "selfish",
 "iters": 600,
 "vs_biased": -0.06432474803885313,
 "adversary_seat1": -0.33614805505993867,
 "selfish_seat1": -0.023412043747356392,
 "adversary_seat2": -0.23120982448436866,
 "selfish_seat2": 0.13733905472321495,
 "worst_adversary": -0.33614805505993867,
 "worst_selfish": -0.023412043747356392
}
gaps: {'learner': np.float64(0.00133), 'free_1': np.float64(0.00371), 'free_2': np.float64(0.00243)}
