  iter 50/600  [180s]
  iter 100/600  [360s]
  iter 150/600  [551s]
  iter 200/600  [748s]
  iter 250/600  [944s]
  iter 300/600  [1136s]
  iter 350/600  [1351s]
  iter 400/600  [1602s]
  iter 450/600  [1847s]
  iter 500/600  [2089s]
  iter 550/600  [2328s]
  iter 600/600  [2574s]
{
 "pair": "OF",
 "alpha": 0.35,
 "seat": 0,
 "p": 0.5,
 "restrict": "independent",
 "free": "selfish",
 "iters": 600,
 "vs_biased": 0.2156542427814633,
 "adversary_seat1": 0.019927492715007544,
 "selfish_seat1": 0.16022102661292073,
 "adversary_seat2": -0.39527489216833983,
 "selfish_seat2": -0.10271958757849983,
 "worst_adversary": -0.39527489216833983,
 "worst_selfish": -0.10271958757849983
}
gaps: {'learner': np.float64(0.00118), 'free_1': np.float64(0.00116), 'free_2': np.float64(0.00125)}
