  iter 50/600  [84s]
  iter 100/600  [167s]
  iter 150/600  [250s]
  iter 200/600  [333s]
  iter 250/600  [416s]
  iter 300/600  [499s]
  iter 350/600  [582s]
  iter 400/600  [666s]
  iter 450/600  [749s]
  iter 500/600  [832s]
  iter 550/600  [915s]
  iter 600/600  [998s]
{
 "pair": "FF",
 "alpha": 0.35,
 "seat": 2,
 "p": 0.0,
 "restrict": "independent",
 "free": "selfish",
 "iters": 600,
 "vs_biased": 0.3523414940452749,
 "adversary_seat0": 0.11291667657189607,
 "selfish_seat0": 0.16514187222064655,
 "adversary_seat1": -0.03260366140743032,
 "selfish_seat1": -0.002932024786038781,
 "worst_adversary": -0.03260366140743032,
 "worst_selfish": -0.002932024786038781
}
gaps: {'learner': np.float64(0.00113), 'free_0': np.float64(0.00167), 'free_1': np.float64(0.00111)}
