  iter 50/600  [240s]
  iter 100/600  [479s]
  iter 150/600  [720s]
  iter 200/600  [959s]
  iter 250/600  [1199s]
  iter 300/600  [1439s]
  iter 350/600  [1681s]
  iter 400/600  [1924s]
  iter 450/600  [2164s]
  iter 500/600  [2405s]
  iter 550/600  [2645s]
  iter 600/600  [2885s]
{
 "pair": "RR",
 "alpha": 0.35,
 "seat": 2,
 "p": 0.5,
 "restrict": "independent",
 "free": "selfish",
 "iters": 600,
 "vs_biased": 1.120323221688176,
 "adversary_seat0": 0.12110534365598441,
 "selfish_seat0": 0.5788025293054044,
 "adversary_seat1": 0.13875308601223735,
 "selfish_seat1": 0.7163081143597162,
 "worst_adversary": 0.12110534365598441,
 "worst_selfish": 0.5788025293054044
}
gaps: {'learner': np.float64(0.00041), 'free_0': np.float64(0.00079), 'free_1': np.float64(0.00056)}
