  iter 50/600  [233s]
  iter 100/600  [451s]
  iter 150/600  [681s]
  iter 200/600  [930s]
  iter 250/600  [1167s]
  iter 300/600  [1426s]
  iter 350/600  [1677s]
  iter 400/600  [1926s]
  iter 450/600  [2177s]
  iter 500/600  [2427s]
  iter 550/600  [2693s]
  iter 600/600  [2933s]
{
 "pair": "RR",
 "alpha": 0.35,
 "seat": 0,
 "p": 0.75,
 "restrict": "independent",
 "free": "selfish",
 "iters": 600,
 "vs_biased": 0.8589735353840431,
 "adversary_seat1": -0.3313694632007192,
 "selfish_seat1": -0.0315459583955888,
 "adversary_seat2": -0.24240606134274204,
 "selfish_seat2": 0.16650433252057548,
 "worst_adversary": -0.3313694632007192,
 "worst_selfish": -0.0315459583955888
}
gaps: {'learner': np.float64(0.00014), 'free_1': np.float64(0.00044), 'free_2': np.float64(0.00027)}
