  iter 50/600  [84s]
  iter 100/600  [166s]
  iter 150/600  [249s]
  iter 200/600  [332s]
  iter 250/600  [415s]
  iter 300/600  [498s]
  iter 350/600  [581s]
  iter 400/600  [664s]
  iter 450/600  [747s]
  iter 500/600  [829s]
  iter 550/600  [913s]
  iter 600/600  [996s]
{
 "pair": "RC",
 "alpha": 0.35,
 "seat": 0,
 "p": 0.0,
 "restrict": "independent",
 "free": "selfish",
 "iters": 600,
 "vs_biased": 0.12201813017528684,
 "adversary_seat1": -0.2346501432503686,
 "selfish_seat1": -0.05964176026461568,
 "adversary_seat2": -0.39761420354558114,
 "selfish_seat2": -0.14468866396323649,
 "worst_adversary": -0.39761420354558114,
 "worst_selfish": -0.14468866396323649
}
gaps: {'learner': np.float64(0.00281), 'free_1': np.float64(0.00363), 'free_2': np.float64(0.00316)}
