3-player Leduc, CFR+, 1000 iterations
  iter    nash_conv     secs
    50      0.23894    256.6
   100      0.08572    723.4
   150      0.04930   1361.9
   200      0.04052   1897.4
   250      0.03000   2418.7
   300      0.02338   2942.0
   350      0.01860   3459.3
   400      0.01561   3990.2
   450      0.01334   4503.4
   500      0.01179   4825.1
   550      0.01038   5169.7
   600      0.00959   5566.1
   650      0.00902   5965.2
   700      0.00846   6352.9
   750      0.00770   6744.7
   800      0.00708   7143.0
   850      0.00688   7497.8
   900      0.00660   7760.7
   950      0.00609   8010.6
  1000      0.00566   8263.9
saved 25,800 infostates -> cfr_3p.pkl  (nash_conv 0.00566)
